 finding_drag_sfun

 Timestamp is 568b26e9 (Mon Jan 04 18:14:01 2016)

 Preferred load address is 10000000

 Start         Length     Name                   Class
 0001:00000000 0001dd74H .text                   CODE
 0002:00000000 00000244H .idata$5                DATA
 0002:00000244 00000004H .CRT$XCA                DATA
 0002:00000248 00000004H .CRT$XCZ                DATA
 0002:0000024c 00000004H .CRT$XIA                DATA
 0002:00000250 00000004H .CRT$XIAA               DATA
 0002:00000254 00000004H .CRT$XIC                DATA
 0002:00000258 00000004H .CRT$XIZ                DATA
 0002:00000260 000007a0H .rdata                  DATA
 0002:00000a00 00000004H .rdata$sxdata           DATA
 0002:00000a04 00000004H .rtc$IAA                DATA
 0002:00000a08 00000004H .rtc$IZZ                DATA
 0002:00000a0c 00000004H .rtc$TAA                DATA
 0002:00000a10 00000004H .rtc$TZZ                DATA
 0002:00000a18 00000064H .xdata$x                DATA
 0002:00000a7c 0000008cH .idata$2                DATA
 0002:00000b08 00000014H .idata$3                DATA
 0002:00000b1c 00000244H .idata$4                DATA
 0002:00000d60 00000c72H .idata$6                DATA
 0002:000019e0 00000057H .edata                  DATA
 0003:00000000 00007b50H .data                   DATA
 0003:00007b50 00000458H .bss                    DATA

  Address         Publics by Value              Rva+Base       Lib:Object

 0000:00000000       __except_list              00000000     <absolute>
 0000:00000001       ___safe_se_handler_count   00000001     <absolute>
 0000:00009876       __fltused                  00009876     <absolute>
 0000:00009876       __ldused                   00009876     <absolute>
 0000:00000000       ___ImageBase               10000000     <linker-defined>
 0001:00000000       _finding_drag_initializer  10001000 f   finding_drag_sfun.obj
 0001:00000010       _finding_drag_terminator   10001010 f   finding_drag_sfun.obj
 0001:00000020       _sf_finding_drag_method_dispatcher 10001020 f   finding_drag_sfun.obj
 0001:00000090       _sf_finding_drag_process_check_sum_call 10001090 f   finding_drag_sfun.obj
 0001:00000460       _sf_finding_drag_autoinheritance_info 10001460 f   finding_drag_sfun.obj
 0001:00000600       _sf_finding_drag_get_eml_resolved_functions_info 10001600 f   finding_drag_sfun.obj
 0001:00000750       _sf_finding_drag_third_party_uses_info 10001750 f   finding_drag_sfun.obj
 0001:000008e0       _sf_finding_drag_updateBuildInfo_args_info 100018e0 f   finding_drag_sfun.obj
 0001:00000a70       _finding_drag_debug_initialize 10001a70 f   finding_drag_sfun.obj
 0001:00000ad0       _finding_drag_register_exported_symbols 10001ad0 f   finding_drag_sfun.obj
 0001:00000ae0       _load_finding_drag_optimization_info 10001ae0 f   finding_drag_sfun.obj
 0001:00000b20       _unload_finding_drag_optimization_info 10001b20 f   finding_drag_sfun.obj
 0001:00000b60       _sf_c1_finding_drag_get_eml_resolved_functions_info 10001b60 f   c1_finding_drag.obj
 0001:00001220       _sf_c1_finding_drag_get_check_sum 10002220 f   c1_finding_drag.obj
 0001:00001280       _sf_c1_finding_drag_get_autoinheritance_info 10002280 f   c1_finding_drag.obj
 0001:00001d30       _sf_c1_finding_drag_third_party_uses_info 10002d30 f   c1_finding_drag.obj
 0001:00001d50       _sf_c1_finding_drag_updateBuildInfo_args_info 10002d50 f   c1_finding_drag.obj
 0001:00001d70       _sf_internal_get_sim_state_c1_finding_drag 10002d70 f   c1_finding_drag.obj
 0001:00002080       _sf_internal_set_sim_state_c1_finding_drag 10003080 f   c1_finding_drag.obj
 0001:000023b0       _c1_finding_drag_method_dispatcher 100033b0 f   c1_finding_drag.obj
 0001:00006710       _sf_c2_finding_drag_get_eml_resolved_functions_info 10007710 f   c2_finding_drag.obj
 0001:0000a5d0       _sf_c2_finding_drag_get_check_sum 1000b5d0 f   c2_finding_drag.obj
 0001:0000a630       _sf_c2_finding_drag_get_autoinheritance_info 1000b630 f   c2_finding_drag.obj
 0001:0000b320       _sf_c2_finding_drag_third_party_uses_info 1000c320 f   c2_finding_drag.obj
 0001:0000b340       _sf_c2_finding_drag_updateBuildInfo_args_info 1000c340 f   c2_finding_drag.obj
 0001:0000b360       _sf_internal_get_sim_state_c2_finding_drag 1000c360 f   c2_finding_drag.obj
 0001:0000b740       _sf_internal_set_sim_state_c2_finding_drag 1000c740 f   c2_finding_drag.obj
 0001:0000baf0       _c2_finding_drag_method_dispatcher 1000caf0 f   c2_finding_drag.obj
 0001:00011740       _sf_c3_finding_drag_get_eml_resolved_functions_info 10012740 f   c3_finding_drag.obj
 0001:00012590       _sf_c3_finding_drag_get_check_sum 10013590 f   c3_finding_drag.obj
 0001:000125f0       _sf_c3_finding_drag_get_autoinheritance_info 100135f0 f   c3_finding_drag.obj
 0001:000132d0       _sf_c3_finding_drag_third_party_uses_info 100142d0 f   c3_finding_drag.obj
 0001:000132f0       _sf_c3_finding_drag_updateBuildInfo_args_info 100142f0 f   c3_finding_drag.obj
 0001:00013310       _sf_internal_get_sim_state_c3_finding_drag 10014310 f   c3_finding_drag.obj
 0001:00013620       _sf_internal_set_sim_state_c3_finding_drag 10014620 f   c3_finding_drag.obj
 0001:00013950       _c3_finding_drag_method_dispatcher 10014950 f   c3_finding_drag.obj
 0001:00018550       _sf_process_check_sum_call 10019550 f   finding_drag_sfun_registry.obj
 0001:00018580       _sf_process_autoinheritance_call 10019580 f   finding_drag_sfun_registry.obj
 0001:000186c0       _sf_process_get_third_party_uses_info_call 100196c0 f   finding_drag_sfun_registry.obj
 0001:00018800       _sf_process_get_updateBuildInfo_args_info_call 10019800 f   finding_drag_sfun_registry.obj
 0001:00018940       _sf_process_get_eml_resolved_functions_info_call 10019940 f   finding_drag_sfun_registry.obj
 0001:00018a60       _sf_mex_unlock_call        10019a60 f   finding_drag_sfun_registry.obj
 0001:00018af0       _sf_machine_global_initializer_called 10019af0 f   finding_drag_sfun_registry.obj
 0001:00018b10       _sf_machine_global_method_dispatcher 10019b10 f   finding_drag_sfun_registry.obj
 0001:00018b50       _sf_machine_global_terminator 10019b50 f   finding_drag_sfun_registry.obj
 0001:00018b90       _sf_register_machine_exported_symbols 10019b90 f   finding_drag_sfun_registry.obj
 0001:00018bb0       _callCustomFcn             10019bb0 f   finding_drag_sfun_registry.obj
 0001:00018bc0       _sf_machine_global_initializer 10019bc0 f   finding_drag_sfun_registry.obj
 0001:00018c30       _mdlGetSimState            10019c30 f   finding_drag_sfun_registry.obj
 0001:00018c90       _mdlSetSimState            10019c90 f   finding_drag_sfun_registry.obj
 0001:00018cc0       __ssSetStateAbsTol         10019cc0 f   finding_drag_sfun_registry.obj
 0001:00018d60       __ssGetAbsTol              10019d60 f   finding_drag_sfun_registry.obj
 0001:00018db0       __ssSetInputPortMatrixDimensions 10019db0 f   finding_drag_sfun_registry.obj
 0001:00018e60       __ssSetOutputPortMatrixDimensions 10019e60 f   finding_drag_sfun_registry.obj
 0001:00018f10       __ssSetInputPortVectorDimension 10019f10 f   finding_drag_sfun_registry.obj
 0001:00018f90       __ssSetOutputPortVectorDimension 10019f90 f   finding_drag_sfun_registry.obj
 0001:00019010       _ssIsRunTimeParamTunable   1001a010 f   finding_drag_sfun_registry.obj
 0001:00019070       _ssGetSFuncBlockHandle     1001a070 f   finding_drag_sfun_registry.obj
 0001:000190c0       __ssGetCurrentInputPortWidth 1001a0c0 f   finding_drag_sfun_registry.obj
 0001:00019190       __ssGetCurrentOutputPortWidth 1001a190 f   finding_drag_sfun_registry.obj
 0001:00019260       __ssGetCallSystemNumFcnCallDestinations 1001a260 f   finding_drag_sfun_registry.obj
 0001:000192c0       _ssWarning                 1001a2c0 f   finding_drag_sfun_registry.obj
 0001:000193a0       _ssGetIsZeroCrossControlDisabled 1001a3a0 f   finding_drag_sfun_registry.obj
 0001:00019400       _ssSetIsInputPortUsedForContZcSignal 1001a400 f   finding_drag_sfun_registry.obj
 0001:00019450       _ssSetZcSignalIsZcElementDisc 1001a450 f   finding_drag_sfun_registry.obj
 0001:000194d0       _ssSetZcSignalName         1001a4d0 f   finding_drag_sfun_registry.obj
 0001:00019520       _ssSetZcSignalWidth        1001a520 f   finding_drag_sfun_registry.obj
 0001:00019570       _ssSetZcSignalZcEventType  1001a570 f   finding_drag_sfun_registry.obj
 0001:000195c0       _ssSetZcSignalType         1001a5c0 f   finding_drag_sfun_registry.obj
 0001:00019610       _ssSetZcSignalZcTol        1001a610 f   finding_drag_sfun_registry.obj
 0001:00019660       _ssSetZcSignalNeedsEventNotification 1001a660 f   finding_drag_sfun_registry.obj
 0001:000196b0       _ssCreateAndAddZcSignalInfo 1001a6b0 f   finding_drag_sfun_registry.obj
 0001:00019710       _ssCloneAndAddZcSignalInfo 1001a710 f   finding_drag_sfun_registry.obj
 0001:00019770       _ssGetNumZcSignals         1001a770 f   finding_drag_sfun_registry.obj
 0001:000197d0       _ssGetZcSignalVector       1001a7d0 f   finding_drag_sfun_registry.obj
 0001:00019830       _ssGetZcSignalZcEvents     1001a830 f   finding_drag_sfun_registry.obj
 0001:00019890       _ssGetZcSignalName         1001a890 f   finding_drag_sfun_registry.obj
 0001:000198f0       _ssGetZcSignalWidth        1001a8f0 f   finding_drag_sfun_registry.obj
 0001:00019950       _ssGetZcSignalZcEventType  1001a950 f   finding_drag_sfun_registry.obj
 0001:000199b0       _ssGetZcSignalType         1001a9b0 f   finding_drag_sfun_registry.obj
 0001:00019a10       _ssGetZcSignalZcTol        1001aa10 f   finding_drag_sfun_registry.obj
 0001:00019a70       _ssGetZcSignalNeedsEventNotification 1001aa70 f   finding_drag_sfun_registry.obj
 0001:00019ad0       _ssGetZcSignalIsZcElementDisc 1001aad0 f   finding_drag_sfun_registry.obj
 0001:00019b50       _ssGetIsInputPortElementContinuous 1001ab50 f   finding_drag_sfun_registry.obj
 0001:00019bd0       __ssGetInputPortSignalPtrsFcn 1001abd0 f   finding_drag_sfun_registry.obj
 0001:00019dd0       __ssGetInputPortSignalFcn  1001add0 f   finding_drag_sfun_registry.obj
 0001:00019f60       __ssSetInputPortDirectFeedThroughFcn 1001af60 f   finding_drag_sfun_registry.obj
 0001:0001a090       __ssSetInputPortReusableFcn 1001b090 f   finding_drag_sfun_registry.obj
 0001:0001a120       __ssSetOutputPortReusableFcn 1001b120 f   finding_drag_sfun_registry.obj
 0001:0001a1b0       _ssGetDTypeIdFromMxArray   1001b1b0 f   finding_drag_sfun_registry.obj
 0001:0001a2a0       _ssWriteRTWStr             1001b2a0 f   finding_drag_sfun_registry.obj
 0001:0001a2e0       _ssWriteRTWMxVectParam     1001b2e0 f   finding_drag_sfun_registry.obj
 0001:0001a320       _ssWriteRTWMx2dMatParam    1001b320 f   finding_drag_sfun_registry.obj
 0001:0001a360       _ssWriteRTWNameValuePair   1001b360 f   finding_drag_sfun_registry.obj
 0001:0001a6d0       _ssWriteRTWParameters      1001b6d0 f   finding_drag_sfun_registry.obj
 0001:0001aa70       _ssWriteRTWParamSettings   1001ba70 f   finding_drag_sfun_registry.obj
 0001:0001af20       _ssWriteRTWWorkVect        1001bf20 f   finding_drag_sfun_registry.obj
 0001:0001b2b0       _mexFunction               1001c2b0 f   finding_drag_sfun_registry.obj
 0001:0001d000       _ProcessMexSfunctionEveryCall 1001e000 f   finding_drag_sfun_registry.obj
 0001:0001d11e       _sf_debug_set_machine_data_thresholds 1001e11e f   sf_runtime:sf_runtime.dll
 0001:0001d124       _sf_debug_set_machine_event_thresholds 1001e124 f   sf_runtime:sf_runtime.dll
 0001:0001d12a       _sf_debug_initialize_machine 1001e12a f   sf_runtime:sf_runtime.dll
 0001:0001d130       _sf_load_rtw_optimization_info 1001e130 f   sf_runtime:sf_runtime.dll
 0001:0001d136       _sf_mex_emlrtNameCapturePostProcessR2012a 1001e136 f   sf_runtime:sf_runtime.dll
 0001:0001d13c       _sf_mex_assign             1001e13c f   sf_runtime:sf_runtime.dll
 0001:0001d142       _sf_mex_createstruct       1001e142 f   sf_runtime:sf_runtime.dll
 0001:0001d148       _sf_mex_destroy            1001e148 f   sf_runtime:sf_runtime.dll
 0001:0001d14e       _sf_mex_duplicatearraysafe 1001e14e f   sf_runtime:sf_runtime.dll
 0001:0001d154       _sf_mex_createcellmatrix   1001e154 f   sf_runtime:sf_runtime.dll
 0001:0001d15a       _sf_mex_addfield           1001e15a f   sf_runtime:sf_runtime.dll
 0001:0001d160       _sf_mex_create             1001e160 f   sf_runtime:sf_runtime.dll
 0001:0001d166       _sf_mex_error_message      1001e166 f   sf_runtime:sf_runtime.dll
 0001:0001d16c       _sf_mex_call_matlab        1001e16c f   sf_runtime:sf_runtime.dll
 0001:0001d172       _sf_mex_setcell            1001e172 f   sf_runtime:sf_runtime.dll
 0001:0001d178       _sf_mex_decode_encoded_mx_struct_array 1001e178 f   sf_runtime:sf_runtime.dll
 0001:0001d17e       _sf_mex_getcell            1001e17e f   sf_runtime:sf_runtime.dll
 0001:0001d184       _sf_mex_dup                1001e184 f   sf_runtime:sf_runtime.dll
 0001:0001d18a       _sf_mex_import             1001e18a f   sf_runtime:sf_runtime.dll
 0001:0001d190       _sf_mex_import_named       1001e190 f   sf_runtime:sf_runtime.dll
 0001:0001d196       _sf_mex_getfield           1001e196 f   sf_runtime:sf_runtime.dll
 0001:0001d19c       _sf_mex_get_sfun_param     1001e19c f   sf_runtime:sf_runtime.dll
 0001:0001d1a2       _sf_set_rtw_dwork_info     1001e1a2 f   sf_runtime:sf_runtime.dll
 0001:0001d1a8       _sf_mark_chart_reusable_outputs 1001e1a8 f   sf_runtime:sf_runtime.dll
 0001:0001d1ae       _sf_mark_chart_expressionable_inputs 1001e1ae f   sf_runtime:sf_runtime.dll
 0001:0001d1b4       _sf_update_buildInfo       1001e1b4 f   sf_runtime:sf_runtime.dll
 0001:0001d1ba       _sf_rtw_info_uint_prop     1001e1ba f   sf_runtime:sf_runtime.dll
 0001:0001d1c0       _sf_is_chart_inlinable     1001e1c0 f   sf_runtime:sf_runtime.dll
 0001:0001d1c6       _sim_mode_is_external      1001e1c6 f   sf_runtime:sf_runtime.dll
 0001:0001d1cc       _sim_mode_is_rtw_gen       1001e1cc f   sf_runtime:sf_runtime.dll
 0001:0001d1d2       _sf_debug_reset_current_state_configuration 1001e1d2 f   sf_runtime:sf_runtime.dll
 0001:0001d1d8       _sf_debug_set_instance_data_value_ptr 1001e1d8 f   sf_runtime:sf_runtime.dll
 0001:0001d1de       _sf_debug_set_chart_data_compiled_props 1001e1de f   sf_runtime:sf_runtime.dll
 0001:0001d1e4       _cv_eml_init_if            1001e1e4 f   sf_runtime:sf_runtime.dll
 0001:0001d1ea       _cv_eml_init_fcn           1001e1ea f   sf_runtime:sf_runtime.dll
 0001:0001d1f0       _cv_eml_init_script        1001e1f0 f   sf_runtime:sf_runtime.dll
 0001:0001d1f6       _sf_debug_cv_init_trans    1001e1f6 f   sf_runtime:sf_runtime.dll
 0001:0001d1fc       _sf_debug_cv_init_state    1001e1fc f   sf_runtime:sf_runtime.dll
 0001:0001d202       _sf_debug_cv_init_chart    1001e202 f   sf_runtime:sf_runtime.dll
 0001:0001d208       _sf_debug_set_chart_decomposition 1001e208 f   sf_runtime:sf_runtime.dll
 0001:0001d20e       _sf_debug_set_chart_substate_count 1001e20e f   sf_runtime:sf_runtime.dll
 0001:0001d214       _sf_debug_set_chart_state_info 1001e214 f   sf_runtime:sf_runtime.dll
 0001:0001d21a       _sf_debug_set_chart_data_props 1001e21a f   sf_runtime:sf_runtime.dll
 0001:0001d220       _sf_debug_set_chart_event_thresholds 1001e220 f   sf_runtime:sf_runtime.dll
 0001:0001d226       _sf_debug_set_chart_disable_implicit_casting 1001e226 f   sf_runtime:sf_runtime.dll
 0001:0001d22c       _sf_debug_initialize_chart 1001e22c f   sf_runtime:sf_runtime.dll
 0001:0001d232       _sf_mex_check_struct       1001e232 f   sf_runtime:sf_runtime.dll
 0001:0001d238       _sf_get_time               1001e238 f   sf_runtime:sf_runtime.dll
 0001:0001d23e       _sf_debug_check_for_state_inconsistency 1001e23e f   sf_runtime:sf_runtime.dll
 0001:0001d244       _sf_debug_symbol_scope_pop 1001e244 f   sf_runtime:sf_runtime.dll
 0001:0001d24a       _eml_debug_line_call       1001e24a f   sf_runtime:sf_runtime.dll
 0001:0001d250       _cv_eml_eval               1001e250 f   sf_runtime:sf_runtime.dll
 0001:0001d256       _sf_debug_symbol_scope_add_eml_importable 1001e256 f   sf_runtime:sf_runtime.dll
 0001:0001d25c       _sf_debug_symbol_scope_add_eml 1001e25c f   sf_runtime:sf_runtime.dll
 0001:0001d262       _sf_debug_symbol_scope_push_eml 1001e262 f   sf_runtime:sf_runtime.dll
 0001:0001d268       _sf_debug_data_range_wrapper 1001e268 f   sf_runtime:sf_runtime.dll
 0001:0001d26e       _sf_debug_call             1001e26e f   sf_runtime:sf_runtime.dll
 0001:0001d274       _sf_debug_symbol_scope_push 1001e274 f   sf_runtime:sf_runtime.dll
 0001:0001d27a       _sf_clear_rtw_identifier   1001e27a f   sf_runtime:sf_runtime.dll
 0001:0001d280       _sf_mex_call_debug         1001e280 f   sf_runtime:sf_runtime.dll
 0001:0001d286       _sf_debug_terminate        1001e286 f   sf_runtime:sf_runtime.dll
 0001:0001d28c       _sf_debug_create_debug_instance_struct 1001e28c f   sf_runtime:sf_runtime.dll
 0001:0001d292       _sf_debug_api              1001e292 f   sf_runtime:sf_runtime.dll
 0001:0001d298       _callMdlMethodAndReportError 1001e298 f   sf_runtime:sf_runtime.dll
 0001:0001d29e       _call_sf_machine_global_method_dispatcher 1001e29e f   sf_runtime:sf_runtime.dll
 0001:0001d2a4       _sf_clear_error_manager_info 1001e2a4 f   sf_runtime:sf_runtime.dll
 0001:0001d2aa       _sf_mex_error_direct_call  1001e2aa f   sf_runtime:sf_runtime.dll
 0001:0001d2b0       _mxGetScalar               1001e2b0 f   libmx:libmx.dll
 0001:0001d2b6       _mxGetPr                   1001e2b6 f   libmx:libmx.dll
 0001:0001d2bc       _mxCreateDoubleMatrix_730  1001e2bc f   libmx:libmx.dll
 0001:0001d2c2       _mxGetString_730           1001e2c2 f   libmx:libmx.dll
 0001:0001d2c8       _mxIsChar                  1001e2c8 f   libmx:libmx.dll
 0001:0001d2ce       _mxDestroyArray            1001e2ce f   libmx:libmx.dll
 0001:0001d2d4       _mxDuplicateArray          1001e2d4 f   libmx:libmx.dll
 0001:0001d2da       _mxCreateDoubleScalar      1001e2da f   libmx:libmx.dll
 0001:0001d2e0       _mxSetField_730            1001e2e0 f   libmx:libmx.dll
 0001:0001d2e6       _mxCreateString            1001e2e6 f   libmx:libmx.dll
 0001:0001d2ec       _mxCreateStructMatrix_730  1001e2ec f   libmx:libmx.dll
 0001:0001d2f2       _mxCreateCellMatrix_730    1001e2f2 f   libmx:libmx.dll
 0001:0001d2f8       _mxGetClassID              1001e2f8 f   libmx:libmx.dll
 0001:0001d2fe       _mxIsNumeric               1001e2fe f   libmx:libmx.dll
 0001:0001d304       _mxIsComplex               1001e304 f   libmx:libmx.dll
 0001:0001d30a       _mxGetN                    1001e30a f   libmx:libmx.dll
 0001:0001d310       _mxGetM                    1001e310 f   libmx:libmx.dll
 0001:0001d316       _mxCalloc                  1001e316 f   libmx:libmx.dll
 0001:0001d31c       _mexMakeArrayPersistent    1001e31c f   libmex:libmex.dll
 0001:0001d322       _mexUnlock                 1001e322 f   libmex:libmex.dll
 0001:0001d328       _mexIsLocked               1001e328 f   libmex:libmex.dll
 0001:0001d32e       _mexWarnMsgTxt             1001e32e f   libmex:libmex.dll
 0001:0001d334       _mexCallMATLAB             1001e334 f   libmex:libmex.dll
 0001:0001d33a       _mexErrMsgTxt              1001e33a f   libmex:libmex.dll
 0001:0001d340       _mexLock                   1001e340 f   libmex:libmex.dll
 0001:0001d346       _utMalloc                  1001e346 f   libut:libut.dll
 0001:0001d34c       _utFree                    1001e34c f   libut:libut.dll
 0001:0001d352       _muDoubleScalarSign        1001e352 f   libmwmathutil:libmwmathutil.dll
 0001:0001d358       _muDoubleScalarAtan        1001e358 f   libmwmathutil:libmwmathutil.dll
 0001:0001d35e       _muDoubleScalarSqrt        1001e35e f   libmwmathutil:libmwmathutil.dll
 0001:0001d364       _muDoubleScalarSin         1001e364 f   libmwmathutil:libmwmathutil.dll
 0001:0001d36a       _muDoubleScalarCos         1001e36a f   libmwmathutil:libmwmathutil.dll
 0001:0001d370       _muDoubleScalarAbs         1001e370 f   libmwmathutil:libmwmathutil.dll
 0001:0001d376       _strcmp                    1001e376 f   MSVCRT:MSVCR100.dll
 0001:0001d380       @__security_check_cookie@4 1001e380 f   MSVCRT:secchk.obj
 0001:0001d390       _strlen                    1001e390 f   MSVCRT:MSVCR100.dll
 0001:0001d396       _memset                    1001e396 f   MSVCRT:MSVCR100.dll
 0001:0001d39c       _free                      1001e39c f   MSVCRT:MSVCR100.dll
 0001:0001d3a2       _sprintf                   1001e3a2 f   MSVCRT:MSVCR100.dll
 0001:0001d3a8       _malloc                    1001e3a8 f   MSVCRT:MSVCR100.dll
 0001:0001d3ae       _strcat                    1001e3ae f   MSVCRT:MSVCR100.dll
 0001:0001d3c0       __ftol2_sse                1001e3c0 f   MSVCRT:ftol2.obj
 0001:0001d3c9       __ftol2_pentium4           1001e3c9 f   MSVCRT:ftol2.obj
 0001:0001d3dc       __ftol2_sse_excpt          1001e3dc f   MSVCRT:ftol2.obj
 0001:0001d3f6       __ftol2                    1001e3f6 f   MSVCRT:ftol2.obj
 0001:0001d46c       _memcpy                    1001e46c f   MSVCRT:MSVCR100.dll
 0001:0001d472       _NtCurrentTeb              1001e472 f i MSVCRT:crtdll.obj
 0001:0001d4c7       __CRT_INIT@12              1001e4c7 f   MSVCRT:crtdll.obj
 0001:0001d7e7       __DllMainCRTStartup@12     1001e7e7 f   MSVCRT:crtdll.obj
 0001:0001d80a       ___report_gsfailure        1001e80a f   MSVCRT:gs_report.obj
 0001:0001d910       ___sse2_available_init     1001e910 f   MSVCRT:cpu_disp.obj
 0001:0001d920       ___clean_type_info_names   1001e920 f   MSVCRT:tncleanup.obj
 0001:0001d92c       __onexit                   1001e92c f   MSVCRT:atonexit.obj
 0001:0001d9cd       _atexit                    1001e9cd f   MSVCRT:atonexit.obj
 0001:0001d9e4       __RTC_Initialize           1001e9e4 f   MSVCRT:_initsect_.obj
 0001:0001da0a       __RTC_Terminate            1001ea0a f   MSVCRT:_initsect_.obj
 0001:0001da30       __malloc_crt               1001ea30 f   MSVCRT:MSVCR100.dll
 0001:0001da36       __encoded_null             1001ea36 f   MSVCRT:MSVCR100.dll
 0001:0001da40       __ValidateImageBase        1001ea40 f   MSVCRT:pesect.obj
 0001:0001da80       __FindPESection            1001ea80 f   MSVCRT:pesect.obj
 0001:0001dad0       __IsNonwritableInCurrentImage 1001ead0 f   MSVCRT:pesect.obj
 0001:0001db8c       __initterm                 1001eb8c f   MSVCRT:MSVCR100.dll
 0001:0001db92       __initterm_e               1001eb92 f   MSVCRT:MSVCR100.dll
 0001:0001db98       __amsg_exit                1001eb98 f   MSVCRT:MSVCR100.dll
 0001:0001db9e       ___CppXcptFilter           1001eb9e f   MSVCRT:MSVCR100.dll
 0001:0001dba4       _DllMain@12                1001eba4 f   MSVCRT:dllmain.obj
 0001:0001dbd0       __SEH_prolog4              1001ebd0 f   MSVCRT:sehprolg4.obj
 0001:0001dc15       __SEH_epilog4              1001ec15 f   MSVCRT:sehprolg4.obj
 0001:0001dc29       __except_handler4          1001ec29 f   MSVCRT:chandler4gs.obj
 0001:0001dc4e       ___security_init_cookie    1001ec4e f   MSVCRT:gs_support.obj
 0001:0001dcea       __crt_debugger_hook        1001ecea f   MSVCRT:MSVCR100.dll
 0001:0001dcf0       ___clean_type_info_names_internal 1001ecf0 f   MSVCRT:MSVCR100.dll
 0001:0001dcf6       __unlock                   1001ecf6 f   MSVCRT:MSVCR100.dll
 0001:0001dcfc       ___dllonexit               1001ecfc f   MSVCRT:MSVCR100.dll
 0001:0001dd02       __lock                     1001ed02 f   MSVCRT:MSVCR100.dll
 0001:0001dd08       __except_handler4_common   1001ed08 f   MSVCRT:MSVCR100.dll
 0001:0001dd0e       _EncodePointer@4           1001ed0e f   kernel32:KERNEL32.dll
 0001:0001dd14       _DecodePointer@4           1001ed14 f   kernel32:KERNEL32.dll
 0001:0001dd1a       _InterlockedExchange@8     1001ed1a f   kernel32:KERNEL32.dll
 0001:0001dd20       _Sleep@4                   1001ed20 f   kernel32:KERNEL32.dll
 0001:0001dd26       _InterlockedCompareExchange@12 1001ed26 f   kernel32:KERNEL32.dll
 0001:0001dd2c       _TerminateProcess@8        1001ed2c f   kernel32:KERNEL32.dll
 0001:0001dd32       _GetCurrentProcess@0       1001ed32 f   kernel32:KERNEL32.dll
 0001:0001dd38       _UnhandledExceptionFilter@4 1001ed38 f   kernel32:KERNEL32.dll
 0001:0001dd3e       _SetUnhandledExceptionFilter@4 1001ed3e f   kernel32:KERNEL32.dll
 0001:0001dd44       _IsDebuggerPresent@0       1001ed44 f   kernel32:KERNEL32.dll
 0001:0001dd4a       _IsProcessorFeaturePresent@4 1001ed4a f   kernel32:KERNEL32.dll
 0001:0001dd50       _DisableThreadLibraryCalls@4 1001ed50 f   kernel32:KERNEL32.dll
 0001:0001dd56       _QueryPerformanceCounter@4 1001ed56 f   kernel32:KERNEL32.dll
 0001:0001dd5c       _GetTickCount@0            1001ed5c f   kernel32:KERNEL32.dll
 0001:0001dd62       _GetCurrentThreadId@0      1001ed62 f   kernel32:KERNEL32.dll
 0001:0001dd68       _GetCurrentProcessId@0     1001ed68 f   kernel32:KERNEL32.dll
 0001:0001dd6e       _GetSystemTimeAsFileTime@4 1001ed6e f   kernel32:KERNEL32.dll
 0002:00000000       __imp__GetSystemTimeAsFileTime@4 1001f000     kernel32:KERNEL32.dll
 0002:00000004       __imp__GetCurrentProcessId@0 1001f004     kernel32:KERNEL32.dll
 0002:00000008       __imp__GetCurrentThreadId@0 1001f008     kernel32:KERNEL32.dll
 0002:0000000c       __imp__GetTickCount@0      1001f00c     kernel32:KERNEL32.dll
 0002:00000010       __imp__QueryPerformanceCounter@4 1001f010     kernel32:KERNEL32.dll
 0002:00000014       __imp__DisableThreadLibraryCalls@4 1001f014     kernel32:KERNEL32.dll
 0002:00000018       __imp__IsProcessorFeaturePresent@4 1001f018     kernel32:KERNEL32.dll
 0002:0000001c       __imp__IsDebuggerPresent@0 1001f01c     kernel32:KERNEL32.dll
 0002:00000020       __imp__SetUnhandledExceptionFilter@4 1001f020     kernel32:KERNEL32.dll
 0002:00000024       __imp__UnhandledExceptionFilter@4 1001f024     kernel32:KERNEL32.dll
 0002:00000028       __imp__GetCurrentProcess@0 1001f028     kernel32:KERNEL32.dll
 0002:0000002c       __imp__TerminateProcess@8  1001f02c     kernel32:KERNEL32.dll
 0002:00000030       __imp__InterlockedCompareExchange@12 1001f030     kernel32:KERNEL32.dll
 0002:00000034       __imp__Sleep@4             1001f034     kernel32:KERNEL32.dll
 0002:00000038       __imp__InterlockedExchange@8 1001f038     kernel32:KERNEL32.dll
 0002:0000003c       __imp__DecodePointer@4     1001f03c     kernel32:KERNEL32.dll
 0002:00000040       __imp__EncodePointer@4     1001f040     kernel32:KERNEL32.dll
 0002:00000044       \177KERNEL32_NULL_THUNK_DATA 1001f044     kernel32:KERNEL32.dll
 0002:00000048       __imp___except_handler4_common 1001f048     MSVCRT:MSVCR100.dll
 0002:0000004c       __imp___onexit             1001f04c     MSVCRT:MSVCR100.dll
 0002:00000050       __imp___lock               1001f050     MSVCRT:MSVCR100.dll
 0002:00000054       __imp____dllonexit         1001f054     MSVCRT:MSVCR100.dll
 0002:00000058       __imp___unlock             1001f058     MSVCRT:MSVCR100.dll
 0002:0000005c       __imp____clean_type_info_names_internal 1001f05c     MSVCRT:MSVCR100.dll
 0002:00000060       __imp___crt_debugger_hook  1001f060     MSVCRT:MSVCR100.dll
 0002:00000064       __imp____CppXcptFilter     1001f064     MSVCRT:MSVCR100.dll
 0002:00000068       __imp___amsg_exit          1001f068     MSVCRT:MSVCR100.dll
 0002:0000006c       __imp___initterm_e         1001f06c     MSVCRT:MSVCR100.dll
 0002:00000070       __imp___initterm           1001f070     MSVCRT:MSVCR100.dll
 0002:00000074       __imp___encoded_null       1001f074     MSVCRT:MSVCR100.dll
 0002:00000078       __imp___malloc_crt         1001f078     MSVCRT:MSVCR100.dll
 0002:0000007c       __imp__memcpy              1001f07c     MSVCRT:MSVCR100.dll
 0002:00000080       __imp__strcat              1001f080     MSVCRT:MSVCR100.dll
 0002:00000084       __imp__malloc              1001f084     MSVCRT:MSVCR100.dll
 0002:00000088       __imp__sprintf             1001f088     MSVCRT:MSVCR100.dll
 0002:0000008c       __imp__free                1001f08c     MSVCRT:MSVCR100.dll
 0002:00000090       __imp__memset              1001f090     MSVCRT:MSVCR100.dll
 0002:00000094       __imp__strlen              1001f094     MSVCRT:MSVCR100.dll
 0002:00000098       __imp__strcmp              1001f098     MSVCRT:MSVCR100.dll
 0002:0000009c       \177MSVCR100_NULL_THUNK_DATA 1001f09c     MSVCRT:MSVCR100.dll
 0002:000000a0       __imp__mexUnlock           1001f0a0     libmex:libmex.dll
 0002:000000a4       __imp__mexIsLocked         1001f0a4     libmex:libmex.dll
 0002:000000a8       __imp__mexWarnMsgTxt       1001f0a8     libmex:libmex.dll
 0002:000000ac       __imp__mexCallMATLAB       1001f0ac     libmex:libmex.dll
 0002:000000b0       __imp__mexErrMsgTxt        1001f0b0     libmex:libmex.dll
 0002:000000b4       __imp__mexLock             1001f0b4     libmex:libmex.dll
 0002:000000b8       __imp__mexMakeArrayPersistent 1001f0b8     libmex:libmex.dll
 0002:000000bc       \177libmex_NULL_THUNK_DATA 1001f0bc     libmex:libmex.dll
 0002:000000c0       __imp__muDoubleScalarAtan  1001f0c0     libmwmathutil:libmwmathutil.dll
 0002:000000c4       __imp__muDoubleScalarSqrt  1001f0c4     libmwmathutil:libmwmathutil.dll
 0002:000000c8       __imp__muDoubleScalarSin   1001f0c8     libmwmathutil:libmwmathutil.dll
 0002:000000cc       __imp__muDoubleScalarCos   1001f0cc     libmwmathutil:libmwmathutil.dll
 0002:000000d0       __imp__muDoubleScalarAbs   1001f0d0     libmwmathutil:libmwmathutil.dll
 0002:000000d4       __imp__muDoubleScalarSign  1001f0d4     libmwmathutil:libmwmathutil.dll
 0002:000000d8       \177libmwmathutil_NULL_THUNK_DATA 1001f0d8     libmwmathutil:libmwmathutil.dll
 0002:000000dc       __imp__mxCalloc            1001f0dc     libmx:libmx.dll
 0002:000000e0       __imp__mxGetM              1001f0e0     libmx:libmx.dll
 0002:000000e4       __imp__mxGetN              1001f0e4     libmx:libmx.dll
 0002:000000e8       __imp__mxIsComplex         1001f0e8     libmx:libmx.dll
 0002:000000ec       __imp__mxIsNumeric         1001f0ec     libmx:libmx.dll
 0002:000000f0       __imp__mxGetClassID        1001f0f0     libmx:libmx.dll
 0002:000000f4       __imp__mxCreateCellMatrix_730 1001f0f4     libmx:libmx.dll
 0002:000000f8       __imp__mxCreateStructMatrix_730 1001f0f8     libmx:libmx.dll
 0002:000000fc       __imp__mxCreateString      1001f0fc     libmx:libmx.dll
 0002:00000100       __imp__mxSetField_730      1001f100     libmx:libmx.dll
 0002:00000104       __imp__mxCreateDoubleScalar 1001f104     libmx:libmx.dll
 0002:00000108       __imp__mxDuplicateArray    1001f108     libmx:libmx.dll
 0002:0000010c       __imp__mxGetScalar         1001f10c     libmx:libmx.dll
 0002:00000110       __imp__mxGetPr             1001f110     libmx:libmx.dll
 0002:00000114       __imp__mxCreateDoubleMatrix_730 1001f114     libmx:libmx.dll
 0002:00000118       __imp__mxGetString_730     1001f118     libmx:libmx.dll
 0002:0000011c       __imp__mxIsChar            1001f11c     libmx:libmx.dll
 0002:00000120       __imp__mxDestroyArray      1001f120     libmx:libmx.dll
 0002:00000124       \177libmx_NULL_THUNK_DATA  1001f124     libmx:libmx.dll
 0002:00000128       __imp__utMalloc            1001f128     libut:libut.dll
 0002:0000012c       __imp__utFree              1001f12c     libut:libut.dll
 0002:00000130       \177libut_NULL_THUNK_DATA  1001f130     libut:libut.dll
 0002:00000134       __imp__call_sf_machine_global_method_dispatcher 1001f134     sf_runtime:sf_runtime.dll
 0002:00000138       __imp__callMdlMethodAndReportError 1001f138     sf_runtime:sf_runtime.dll
 0002:0000013c       __imp__sf_debug_api        1001f13c     sf_runtime:sf_runtime.dll
 0002:00000140       __imp__sf_debug_create_debug_instance_struct 1001f140     sf_runtime:sf_runtime.dll
 0002:00000144       __imp__sf_debug_terminate  1001f144     sf_runtime:sf_runtime.dll
 0002:00000148       __imp__sf_mex_call_debug   1001f148     sf_runtime:sf_runtime.dll
 0002:0000014c       __imp__sf_clear_rtw_identifier 1001f14c     sf_runtime:sf_runtime.dll
 0002:00000150       __imp__sf_debug_symbol_scope_push 1001f150     sf_runtime:sf_runtime.dll
 0002:00000154       __imp__sf_clear_error_manager_info 1001f154     sf_runtime:sf_runtime.dll
 0002:00000158       __imp__sf_debug_data_range_wrapper 1001f158     sf_runtime:sf_runtime.dll
 0002:0000015c       __imp__sf_debug_symbol_scope_push_eml 1001f15c     sf_runtime:sf_runtime.dll
 0002:00000160       __imp__sf_debug_symbol_scope_add_eml 1001f160     sf_runtime:sf_runtime.dll
 0002:00000164       __imp__sf_debug_symbol_scope_add_eml_importable 1001f164     sf_runtime:sf_runtime.dll
 0002:00000168       __imp__cv_eml_eval         1001f168     sf_runtime:sf_runtime.dll
 0002:0000016c       __imp__eml_debug_line_call 1001f16c     sf_runtime:sf_runtime.dll
 0002:00000170       __imp__sf_debug_symbol_scope_pop 1001f170     sf_runtime:sf_runtime.dll
 0002:00000174       __imp__sf_debug_check_for_state_inconsistency 1001f174     sf_runtime:sf_runtime.dll
 0002:00000178       __imp__sf_get_time         1001f178     sf_runtime:sf_runtime.dll
 0002:0000017c       __imp__sf_mex_error_direct_call 1001f17c     sf_runtime:sf_runtime.dll
 0002:00000180       __imp__sf_debug_call       1001f180     sf_runtime:sf_runtime.dll
 0002:00000184       __imp__sf_mex_check_struct 1001f184     sf_runtime:sf_runtime.dll
 0002:00000188       __imp__sf_debug_initialize_chart 1001f188     sf_runtime:sf_runtime.dll
 0002:0000018c       __imp__sf_debug_set_chart_disable_implicit_casting 1001f18c     sf_runtime:sf_runtime.dll
 0002:00000190       __imp__sf_debug_set_chart_event_thresholds 1001f190     sf_runtime:sf_runtime.dll
 0002:00000194       __imp__sf_debug_set_chart_data_props 1001f194     sf_runtime:sf_runtime.dll
 0002:00000198       __imp__sf_debug_set_chart_state_info 1001f198     sf_runtime:sf_runtime.dll
 0002:0000019c       __imp__sf_debug_set_chart_substate_count 1001f19c     sf_runtime:sf_runtime.dll
 0002:000001a0       __imp__sf_debug_set_chart_decomposition 1001f1a0     sf_runtime:sf_runtime.dll
 0002:000001a4       __imp__sf_debug_cv_init_chart 1001f1a4     sf_runtime:sf_runtime.dll
 0002:000001a8       __imp__sf_debug_cv_init_state 1001f1a8     sf_runtime:sf_runtime.dll
 0002:000001ac       __imp__sf_debug_cv_init_trans 1001f1ac     sf_runtime:sf_runtime.dll
 0002:000001b0       __imp__cv_eml_init_script  1001f1b0     sf_runtime:sf_runtime.dll
 0002:000001b4       __imp__cv_eml_init_fcn     1001f1b4     sf_runtime:sf_runtime.dll
 0002:000001b8       __imp__cv_eml_init_if      1001f1b8     sf_runtime:sf_runtime.dll
 0002:000001bc       __imp__sf_debug_set_chart_data_compiled_props 1001f1bc     sf_runtime:sf_runtime.dll
 0002:000001c0       __imp__sf_debug_set_instance_data_value_ptr 1001f1c0     sf_runtime:sf_runtime.dll
 0002:000001c4       __imp__sf_debug_reset_current_state_configuration 1001f1c4     sf_runtime:sf_runtime.dll
 0002:000001c8       __imp__sim_mode_is_rtw_gen 1001f1c8     sf_runtime:sf_runtime.dll
 0002:000001cc       __imp__sim_mode_is_external 1001f1cc     sf_runtime:sf_runtime.dll
 0002:000001d0       __imp__sf_is_chart_inlinable 1001f1d0     sf_runtime:sf_runtime.dll
 0002:000001d4       __imp__sf_rtw_info_uint_prop 1001f1d4     sf_runtime:sf_runtime.dll
 0002:000001d8       __imp__sf_update_buildInfo 1001f1d8     sf_runtime:sf_runtime.dll
 0002:000001dc       __imp__sf_mark_chart_expressionable_inputs 1001f1dc     sf_runtime:sf_runtime.dll
 0002:000001e0       __imp__sf_mark_chart_reusable_outputs 1001f1e0     sf_runtime:sf_runtime.dll
 0002:000001e4       __imp__sf_set_rtw_dwork_info 1001f1e4     sf_runtime:sf_runtime.dll
 0002:000001e8       __imp__sf_mex_get_sfun_param 1001f1e8     sf_runtime:sf_runtime.dll
 0002:000001ec       __imp__sf_mex_getfield     1001f1ec     sf_runtime:sf_runtime.dll
 0002:000001f0       __imp__sf_mex_import_named 1001f1f0     sf_runtime:sf_runtime.dll
 0002:000001f4       __imp__sf_mex_import       1001f1f4     sf_runtime:sf_runtime.dll
 0002:000001f8       __imp__sf_mex_dup          1001f1f8     sf_runtime:sf_runtime.dll
 0002:000001fc       __imp__sf_mex_getcell      1001f1fc     sf_runtime:sf_runtime.dll
 0002:00000200       __imp__sf_mex_decode_encoded_mx_struct_array 1001f200     sf_runtime:sf_runtime.dll
 0002:00000204       __imp__sf_mex_setcell      1001f204     sf_runtime:sf_runtime.dll
 0002:00000208       __imp__sf_mex_call_matlab  1001f208     sf_runtime:sf_runtime.dll
 0002:0000020c       __imp__sf_mex_error_message 1001f20c     sf_runtime:sf_runtime.dll
 0002:00000210       __imp__sf_mex_create       1001f210     sf_runtime:sf_runtime.dll
 0002:00000214       __imp__sf_mex_addfield     1001f214     sf_runtime:sf_runtime.dll
 0002:00000218       __imp__sf_mex_createcellmatrix 1001f218     sf_runtime:sf_runtime.dll
 0002:0000021c       __imp__sf_mex_duplicatearraysafe 1001f21c     sf_runtime:sf_runtime.dll
 0002:00000220       __imp__sf_mex_destroy      1001f220     sf_runtime:sf_runtime.dll
 0002:00000224       __imp__sf_mex_createstruct 1001f224     sf_runtime:sf_runtime.dll
 0002:00000228       __imp__sf_mex_assign       1001f228     sf_runtime:sf_runtime.dll
 0002:0000022c       __imp__sf_mex_emlrtNameCapturePostProcessR2012a 1001f22c     sf_runtime:sf_runtime.dll
 0002:00000230       __imp__sf_load_rtw_optimization_info 1001f230     sf_runtime:sf_runtime.dll
 0002:00000234       __imp__sf_debug_initialize_machine 1001f234     sf_runtime:sf_runtime.dll
 0002:00000238       __imp__sf_debug_set_machine_event_thresholds 1001f238     sf_runtime:sf_runtime.dll
 0002:0000023c       __imp__sf_debug_set_machine_data_thresholds 1001f23c     sf_runtime:sf_runtime.dll
 0002:00000240       \177sf_runtime_NULL_THUNK_DATA 1001f240     sf_runtime:sf_runtime.dll
 0002:00000244       ___xc_a                    1001f244     MSVCRT:cinitexe.obj
 0002:00000248       ___xc_z                    1001f248     MSVCRT:cinitexe.obj
 0002:0000024c       ___xi_a                    1001f24c     MSVCRT:cinitexe.obj
 0002:00000258       ___xi_z                    1001f258     MSVCRT:cinitexe.obj
 0002:00000260       __real@41e20bb07fe00000    1001f260     finding_drag_sfun.obj
 0002:00000268       __real@41ee8ba03a000000    1001f268     finding_drag_sfun.obj
 0002:00000270       __real@41db87222ac00000    1001f270     finding_drag_sfun.obj
 0002:00000278       __real@41c7f931aa000000    1001f278     finding_drag_sfun.obj
 0002:00000280       __real@41d187d0c8400000    1001f280     finding_drag_sfun.obj
 0002:00000288       __real@41cff744e8000000    1001f288     finding_drag_sfun.obj
 0002:00000290       __real@41b7e1066f000000    1001f290     finding_drag_sfun.obj
 0002:00000298       __real@41c845d7be800000    1001f298     finding_drag_sfun.obj
 0002:000002a0       __real@41e41be015600000    1001f2a0     finding_drag_sfun.obj
 0002:000002a8       __real@41a9222b46000000    1001f2a8     finding_drag_sfun.obj
 0002:000002b0       __real@41ed944607400000    1001f2b0     finding_drag_sfun.obj
 0002:000002b8       __real@41d9e55584000000    1001f2b8     finding_drag_sfun.obj
 0002:000002c0       __real@0000000000000000    1001f2c0     finding_drag_sfun.obj
 0002:000002c8       __real@41eba12687a00000    1001f2c8     finding_drag_sfun.obj
 0002:000002d0       __real@41e7e7edcd600000    1001f2d0     finding_drag_sfun.obj
 0002:000002d8       __real@41c5125715000000    1001f2d8     finding_drag_sfun.obj
 0002:000002e0       __real@41ecb2e882600000    1001f2e0     finding_drag_sfun.obj
 0002:000002e8       __real@41d0a571f7800000    1001f2e8     c1_finding_drag.obj
 0002:000002f0       __real@41eac41c35400000    1001f2f0     c1_finding_drag.obj
 0002:000002f8       __real@41e4031419a00000    1001f2f8     c1_finding_drag.obj
 0002:00000300       __real@41e139c57b200000    1001f300     c1_finding_drag.obj
 0002:00000308       __real@402a000000000000    1001f308     c1_finding_drag.obj
 0002:00000310       __real@4024000000000000    1001f310     c1_finding_drag.obj
 0002:00000318       __real@3ff0000000000000    1001f318     c1_finding_drag.obj
 0002:00000320       __real@3fd999999999999a    1001f320     c1_finding_drag.obj
 0002:00000328       __real@3fd4cccccccccccd    1001f328     c1_finding_drag.obj
 0002:00000330       __real@3fe3333333333333    1001f330     c1_finding_drag.obj
 0002:00000338       __real@4000000000000000    1001f338     c1_finding_drag.obj
 0002:00000340       __real@401c000000000000    1001f340     c1_finding_drag.obj
 0002:00000348       __real@41eefd6638600000    1001f348     c2_finding_drag.obj
 0002:00000350       __real@41d7d309b0c00000    1001f350     c2_finding_drag.obj
 0002:00000358       __real@41e9614e8d200000    1001f358     c2_finding_drag.obj
 0002:00000360       __real@41efcbe2c3a00000    1001f360     c2_finding_drag.obj
 0002:00000368       __real@3fe999999999999a    1001f368     c2_finding_drag.obj
 0002:00000370       __real@40c855599999999a    1001f370     c2_finding_drag.obj
 0002:00000378       __real@400747ae147ae148    1001f378     c2_finding_drag.obj
 0002:00000380       __real@3fdba5e353f7ceda    1001f380     c2_finding_drag.obj
 0002:00000388       __real@40d70e4f22d0e561    1001f388     c2_finding_drag.obj
 0002:00000390       __real@40b506288ce703b1    1001f390     c2_finding_drag.obj
 0002:00000398       __real@3ff87ced916872b0    1001f398     c2_finding_drag.obj
 0002:000003a0       __real@4026a8b439581062    1001f3a0     c2_finding_drag.obj
 0002:000003a8       __real@3ffe51eb851eb852    1001f3a8     c2_finding_drag.obj
 0002:000003b0       __real@3ff03d70a3d70a3d    1001f3b0     c2_finding_drag.obj
 0002:000003b8       __real@3f1a36e2eb1c432d    1001f3b8     c2_finding_drag.obj
 0002:000003c0       __real@4010000000000000    1001f3c0     c2_finding_drag.obj
 0002:000003c8       __real@4008000000000000    1001f3c8     c2_finding_drag.obj
 0002:000003d0       __real@41e93cd419a00000    1001f3d0     c3_finding_drag.obj
 0002:000003d8       __real@41e8afde06a00000    1001f3d8     c3_finding_drag.obj
 0002:000003e0       __real@41e1f94f99200000    1001f3e0     c3_finding_drag.obj
 0002:000003e8       __real@41eb5f606a400000    1001f3e8     c3_finding_drag.obj
 0002:000003f0       __real@408f400000000000    1001f3f0     c3_finding_drag.obj
 0002:000003f8       __real@40a7700000000000    1001f3f8     c3_finding_drag.obj
 0002:00000400       __real@3ffccccccccccccd    1001f400     c3_finding_drag.obj
 0002:00000408       __real@3fb999999999999a    1001f408     c3_finding_drag.obj
 0002:00000410       __real@4022000000000000    1001f410     c3_finding_drag.obj
 0002:00000418       _DYNAMIC_DIMENSION_DEF     1001f418     finding_drag_sfun_registry.obj
 0002:00000428       __ssBadLevel2InputAccessMsg 1001f428     finding_drag_sfun_registry.obj
 0002:000005b0       __ssBadLevel2DirectFeedMsg 1001f5b0     finding_drag_sfun_registry.obj
 0002:000006f0       __ssBadLevel2DirectFeedSolutionMsg 1001f6f0     finding_drag_sfun_registry.obj
 0002:00000760       __ssBadLevel2ZeroDirectFeedMsg 1001f760     finding_drag_sfun_registry.obj
 0002:000008a0       __ssBadLevel2ZeroDirectFeedMsg2 1001f8a0     finding_drag_sfun_registry.obj
 0002:00000988       __real@bff0000000000000    1001f988     finding_drag_sfun_registry.obj
 0002:00000990       __real@4153d65940000000    1001f990     finding_drag_sfun_registry.obj
 0002:00000998       __pDefaultRawDllMain       1001f998     MSVCRT:crtdll.obj
 0002:00000998       __pRawDllMain              1001f998     MSVCRT:crtdll.obj
 0002:000009a4       ?ProcessDetach@NativeDll@<CrtImplementationDetails>@@0IB 1001f9a4     MSVCRT:tncleanup.obj
 0002:000009a8       ?ProcessAttach@NativeDll@<CrtImplementationDetails>@@0IB 1001f9a8     MSVCRT:tncleanup.obj
 0002:000009ac       ?ThreadAttach@NativeDll@<CrtImplementationDetails>@@0IB 1001f9ac     MSVCRT:tncleanup.obj
 0002:000009b0       ?ThreadDetach@NativeDll@<CrtImplementationDetails>@@0IB 1001f9b0     MSVCRT:tncleanup.obj
 0002:000009b4       ?ProcessVerifier@NativeDll@<CrtImplementationDetails>@@0IB 1001f9b4     MSVCRT:tncleanup.obj
 0002:000009b8       __load_config_used         1001f9b8     MSVCRT:loadcfg.obj
 0002:00000a00       ___safe_se_handler_table   1001fa00     <linker-defined>
 0002:00000a04       ___rtc_iaa                 1001fa04     MSVCRT:_initsect_.obj
 0002:00000a08       ___rtc_izz                 1001fa08     MSVCRT:_initsect_.obj
 0002:00000a0c       ___rtc_taa                 1001fa0c     MSVCRT:_initsect_.obj
 0002:00000a10       ___rtc_tzz                 1001fa10     MSVCRT:_initsect_.obj
 0002:00000a7c       __IMPORT_DESCRIPTOR_sf_runtime 1001fa7c     sf_runtime:sf_runtime.dll
 0002:00000a90       __IMPORT_DESCRIPTOR_libmx  1001fa90     libmx:libmx.dll
 0002:00000aa4       __IMPORT_DESCRIPTOR_libmex 1001faa4     libmex:libmex.dll
 0002:00000ab8       __IMPORT_DESCRIPTOR_libut  1001fab8     libut:libut.dll
 0002:00000acc       __IMPORT_DESCRIPTOR_libmwmathutil 1001facc     libmwmathutil:libmwmathutil.dll
 0002:00000ae0       __IMPORT_DESCRIPTOR_MSVCR100 1001fae0     MSVCRT:MSVCR100.dll
 0002:00000af4       __IMPORT_DESCRIPTOR_KERNEL32 1001faf4     kernel32:KERNEL32.dll
 0002:00000b08       __NULL_IMPORT_DESCRIPTOR   1001fb08     sf_runtime:sf_runtime.dll
 0003:00006fa4       _DYNAMIC_DIMENSION         10027fa4     finding_drag_sfun_registry.obj
 0003:00007b30       ___security_cookie         10028b30     MSVCRT:gs_cookie.obj
 0003:00007b34       ___security_cookie_complement 10028b34     MSVCRT:gs_cookie.obj
 0003:00007b40       ___native_dllmain_reason   10028b40     MSVCRT:natstart.obj
 0003:00007b44       ___native_vcclrit_reason   10028b44     MSVCRT:natstart.obj
 0003:00007c50       _sfGlobalDebugInstanceStruct 10028c50     finding_drag_sfun_registry.obj
 0003:00007f84       ?__type_info_root_node@@3U__type_info_node@@A 10028f84     MSVCRT:tncleanup.obj
 0003:00007f8c       __finding_dragMachineNumber_ 10028f8c     <common>
 0003:00007f90       ___native_startup_state    10028f90     <common>
 0003:00007f94       ___native_startup_lock     10028f94     <common>
 0003:00007f98       ___onexitend               10028f98     <common>
 0003:00007f9c       ___onexitbegin             10028f9c     <common>
 0003:00007fa0       ___sse2_available          10028fa0     <common>
 0003:00007fa4       ___dyn_tls_init_callback   10028fa4     <common>

 entry point at        0001:0001d7e7

 Static symbols

 0001:00000bc0       _c1_info_helper            10001bc0 f   c1_finding_drag.obj
 0001:00001170       _c1_emlrt_marshallOut      10002170 f   c1_finding_drag.obj
 0001:000011d0       _c1_b_emlrt_marshallOut    100021d0 f   c1_finding_drag.obj
 0001:00001e50       _get_sim_state_c1_finding_drag 10002e50 f   c1_finding_drag.obj
 0001:00001fe0       _sf_get_sim_state_info_c1_finding_drag 10002fe0 f   c1_finding_drag.obj
 0001:00002160       _set_sim_state_c1_finding_drag 10003160 f   c1_finding_drag.obj
 0001:00002260       _c1_update_debugger_state_c1_finding_drag 10003260 f   c1_finding_drag.obj
 0001:00002270       _c1_emlrt_marshallIn       10003270 f   c1_finding_drag.obj
 0001:000022c0       _c1_b_emlrt_marshallIn     100032c0 f   c1_finding_drag.obj
 0001:00002310       _c1_e_emlrt_marshallIn     10003310 f   c1_finding_drag.obj
 0001:00002360       _c1_f_emlrt_marshallIn     10003360 f   c1_finding_drag.obj
 0001:00002410       _mdlProcessParameters_c1_finding_drag 10003410 f   c1_finding_drag.obj
 0001:000024c0       _initialize_params_c1_finding_drag 100034c0 f   c1_finding_drag.obj
 0001:00002e00       _mdlSetWorkWidths_c1_finding_drag 10003e00 f   c1_finding_drag.obj
 0001:00003280       _sf_get_instance_specialization 10004280 f   c1_finding_drag.obj
 0001:00003290       _mdlStart_c1_finding_drag  10004290 f   c1_finding_drag.obj
 0001:00003430       _init_dsm_address_info     10004430 f   c1_finding_drag.obj
 0001:00003440       _chart_debug_initialization 10004440 f   c1_finding_drag.obj
 0001:00003f20       _init_script_number_translation 10004f20 f   c1_finding_drag.obj
 0001:00003f30       _c1_sf_marshallOut         10004f30 f   c1_finding_drag.obj
 0001:00003fb0       _c1_sf_marshallIn          10004fb0 f   c1_finding_drag.obj
 0001:00004030       _c1_b_sf_marshallOut       10005030 f   c1_finding_drag.obj
 0001:00004e60       _c1_c_sf_marshallIn        10005e60 f   c1_finding_drag.obj
 0001:00004f00       _c1_d_emlrt_marshallIn     10005f00 f   c1_finding_drag.obj
 0001:00005750       _sf_opaque_initialize_c1_finding_drag 10006750 f   c1_finding_drag.obj
 0001:00005780       _initialize_c1_finding_drag 10006780 f   c1_finding_drag.obj
 0001:000057b0       _sf_opaque_enable_c1_finding_drag 100067b0 f   c1_finding_drag.obj
 0001:000057d0       _enable_c1_finding_drag    100067d0 f   c1_finding_drag.obj
 0001:000057f0       _sf_opaque_disable_c1_finding_drag 100067f0 f   c1_finding_drag.obj
 0001:00005810       _disable_c1_finding_drag   10006810 f   c1_finding_drag.obj
 0001:00005830       _sf_opaque_gateway_c1_finding_drag 10006830 f   c1_finding_drag.obj
 0001:00005850       _sf_gateway_c1_finding_drag 10006850 f   c1_finding_drag.obj
 0001:000065b0       _sf_opaque_get_sim_state_c1_finding_drag 100075b0 f   c1_finding_drag.obj
 0001:000065d0       _sf_opaque_set_sim_state_c1_finding_drag 100075d0 f   c1_finding_drag.obj
 0001:000065f0       _sf_opaque_terminate_c1_finding_drag 100075f0 f   c1_finding_drag.obj
 0001:00006680       _finalize_c1_finding_drag  10007680 f   c1_finding_drag.obj
 0001:00006690       _sf_opaque_init_subchart_simstructs 10007690 f   c1_finding_drag.obj
 0001:000066b0       _initSimStructsc1_finding_drag 100076b0 f   c1_finding_drag.obj
 0001:000066c0       _mdlRTW_c1_finding_drag    100076c0 f   c1_finding_drag.obj
 0001:00006770       _c2_info_helper            10007770 f   c2_finding_drag.obj
 0001:0000a520       _c2_emlrt_marshallOut      1000b520 f   c2_finding_drag.obj
 0001:0000a580       _c2_b_emlrt_marshallOut    1000b580 f   c2_finding_drag.obj
 0001:0000b440       _get_sim_state_c2_finding_drag 1000c440 f   c2_finding_drag.obj
 0001:0000b6a0       _sf_get_sim_state_info_c2_finding_drag 1000c6a0 f   c2_finding_drag.obj
 0001:0000b820       _set_sim_state_c2_finding_drag 1000c820 f   c2_finding_drag.obj
 0001:0000b9a0       _c2_update_debugger_state_c2_finding_drag 1000c9a0 f   c2_finding_drag.obj
 0001:0000b9b0       _c2_emlrt_marshallIn       1000c9b0 f   c2_finding_drag.obj
 0001:0000ba00       _c2_b_emlrt_marshallIn     1000ca00 f   c2_finding_drag.obj
 0001:0000ba50       _c2_e_emlrt_marshallIn     1000ca50 f   c2_finding_drag.obj
 0001:0000baa0       _c2_f_emlrt_marshallIn     1000caa0 f   c2_finding_drag.obj
 0001:0000bb50       _mdlProcessParameters_c2_finding_drag 1000cb50 f   c2_finding_drag.obj
 0001:0000bc00       _initialize_params_c2_finding_drag 1000cc00 f   c2_finding_drag.obj
 0001:0000c660       _mdlSetWorkWidths_c2_finding_drag 1000d660 f   c2_finding_drag.obj
 0001:0000cae0       _sf_get_instance_specialization 1000dae0 f   c2_finding_drag.obj
 0001:0000caf0       _mdlStart_c2_finding_drag  1000daf0 f   c2_finding_drag.obj
 0001:0000cc90       _init_dsm_address_info     1000dc90 f   c2_finding_drag.obj
 0001:0000cca0       _chart_debug_initialization 1000dca0 f   c2_finding_drag.obj
 0001:0000d950       _init_script_number_translation 1000e950 f   c2_finding_drag.obj
 0001:0000d960       _c2_sf_marshallOut         1000e960 f   c2_finding_drag.obj
 0001:0000d9e0       _c2_sf_marshallIn          1000e9e0 f   c2_finding_drag.obj
 0001:0000da60       _c2_b_sf_marshallOut       1000ea60 f   c2_finding_drag.obj
 0001:0000e880       _c2_c_sf_marshallIn        1000f880 f   c2_finding_drag.obj
 0001:0000e920       _c2_d_emlrt_marshallIn     1000f920 f   c2_finding_drag.obj
 0001:0000f170       _sf_opaque_initialize_c2_finding_drag 10010170 f   c2_finding_drag.obj
 0001:0000f1a0       _initialize_c2_finding_drag 100101a0 f   c2_finding_drag.obj
 0001:0000f1d0       _sf_opaque_enable_c2_finding_drag 100101d0 f   c2_finding_drag.obj
 0001:0000f1f0       _enable_c2_finding_drag    100101f0 f   c2_finding_drag.obj
 0001:0000f210       _sf_opaque_disable_c2_finding_drag 10010210 f   c2_finding_drag.obj
 0001:0000f230       _disable_c2_finding_drag   10010230 f   c2_finding_drag.obj
 0001:0000f250       _sf_opaque_gateway_c2_finding_drag 10010250 f   c2_finding_drag.obj
 0001:0000f270       _sf_gateway_c2_finding_drag 10010270 f   c2_finding_drag.obj
 0001:0000f630       _c2_chartstep_c2_finding_drag 10010630 f   c2_finding_drag.obj
 0001:00010b70       _c2_robustDiv2             10011b70 f   c2_finding_drag.obj
 0001:00011010       _c2_mpower                 10012010 f   c2_finding_drag.obj
 0001:00011050       _c2_eml_scalar_eg          10012050 f   c2_finding_drag.obj
 0001:00011060       _c2_eml_error              10012060 f   c2_finding_drag.obj
 0001:00011190       _c2_robustDiv              10012190 f   c2_finding_drag.obj
 0001:00011600       _sf_opaque_get_sim_state_c2_finding_drag 10012600 f   c2_finding_drag.obj
 0001:00011620       _sf_opaque_set_sim_state_c2_finding_drag 10012620 f   c2_finding_drag.obj
 0001:00011640       _sf_opaque_terminate_c2_finding_drag 10012640 f   c2_finding_drag.obj
 0001:000116d0       _finalize_c2_finding_drag  100126d0 f   c2_finding_drag.obj
 0001:000116e0       _sf_opaque_init_subchart_simstructs 100126e0 f   c2_finding_drag.obj
 0001:00011700       _initSimStructsc2_finding_drag 10012700 f   c2_finding_drag.obj
 0001:00011710       _mdlRTW_c2_finding_drag    10012710 f   c2_finding_drag.obj
 0001:000117a0       _c3_info_helper            100127a0 f   c3_finding_drag.obj
 0001:000124e0       _c3_emlrt_marshallOut      100134e0 f   c3_finding_drag.obj
 0001:00012540       _c3_b_emlrt_marshallOut    10013540 f   c3_finding_drag.obj
 0001:000133f0       _get_sim_state_c3_finding_drag 100143f0 f   c3_finding_drag.obj
 0001:00013580       _sf_get_sim_state_info_c3_finding_drag 10014580 f   c3_finding_drag.obj
 0001:00013700       _set_sim_state_c3_finding_drag 10014700 f   c3_finding_drag.obj
 0001:00013800       _c3_update_debugger_state_c3_finding_drag 10014800 f   c3_finding_drag.obj
 0001:00013810       _c3_emlrt_marshallIn       10014810 f   c3_finding_drag.obj
 0001:00013860       _c3_b_emlrt_marshallIn     10014860 f   c3_finding_drag.obj
 0001:000138b0       _c3_e_emlrt_marshallIn     100148b0 f   c3_finding_drag.obj
 0001:00013900       _c3_f_emlrt_marshallIn     10014900 f   c3_finding_drag.obj
 0001:000139b0       _mdlProcessParameters_c3_finding_drag 100149b0 f   c3_finding_drag.obj
 0001:00013a60       _initialize_params_c3_finding_drag 10014a60 f   c3_finding_drag.obj
 0001:00014400       _mdlSetWorkWidths_c3_finding_drag 10015400 f   c3_finding_drag.obj
 0001:000148d0       _sf_get_instance_specialization 100158d0 f   c3_finding_drag.obj
 0001:000148e0       _mdlStart_c3_finding_drag  100158e0 f   c3_finding_drag.obj
 0001:00014a80       _init_dsm_address_info     10015a80 f   c3_finding_drag.obj
 0001:00014a90       _chart_debug_initialization 10015a90 f   c3_finding_drag.obj
 0001:000157b0       _init_script_number_translation 100167b0 f   c3_finding_drag.obj
 0001:000157c0       _c3_sf_marshallOut         100167c0 f   c3_finding_drag.obj
 0001:00015840       _c3_sf_marshallIn          10016840 f   c3_finding_drag.obj
 0001:000158c0       _c3_b_sf_marshallOut       100168c0 f   c3_finding_drag.obj
 0001:00016720       _c3_c_sf_marshallIn        10017720 f   c3_finding_drag.obj
 0001:000167c0       _c3_d_emlrt_marshallIn     100177c0 f   c3_finding_drag.obj
 0001:00017010       _sf_opaque_initialize_c3_finding_drag 10018010 f   c3_finding_drag.obj
 0001:00017040       _initialize_c3_finding_drag 10018040 f   c3_finding_drag.obj
 0001:00017070       _sf_opaque_enable_c3_finding_drag 10018070 f   c3_finding_drag.obj
 0001:00017090       _enable_c3_finding_drag    10018090 f   c3_finding_drag.obj
 0001:000170b0       _sf_opaque_disable_c3_finding_drag 100180b0 f   c3_finding_drag.obj
 0001:000170d0       _disable_c3_finding_drag   100180d0 f   c3_finding_drag.obj
 0001:000170f0       _sf_opaque_gateway_c3_finding_drag 100180f0 f   c3_finding_drag.obj
 0001:00017110       _sf_gateway_c3_finding_drag 10018110 f   c3_finding_drag.obj
 0001:000174d0       _c3_chartstep_c3_finding_drag 100184d0 f   c3_finding_drag.obj
 0001:00018410       _sf_opaque_get_sim_state_c3_finding_drag 10019410 f   c3_finding_drag.obj
 0001:00018430       _sf_opaque_set_sim_state_c3_finding_drag 10019430 f   c3_finding_drag.obj
 0001:00018450       _sf_opaque_terminate_c3_finding_drag 10019450 f   c3_finding_drag.obj
 0001:000184e0       _finalize_c3_finding_drag  100194e0 f   c3_finding_drag.obj
 0001:000184f0       _sf_opaque_init_subchart_simstructs 100194f0 f   c3_finding_drag.obj
 0001:00018510       _initSimStructsc3_finding_drag 10019510 f   c3_finding_drag.obj
 0001:00018520       _mdlRTW_c3_finding_drag    10019520 f   c3_finding_drag.obj
 0001:00018c60       _getChartInfoFromSimStruct 10019c60 f   finding_drag_sfun_registry.obj
 0001:00019d60       __ssFatalError             1001ad60 f   finding_drag_sfun_registry.obj
 0001:0001c0c0       _ProcessMexSfunctionCmdLineCall 1001d0c0 f   finding_drag_sfun_registry.obj
 0001:0001c1e0       _sf_debug_api_wrapper      1001d1e0 f   finding_drag_sfun_registry.obj
 0001:0001c210       _mdlStart                  1001d210 f   finding_drag_sfun_registry.obj
 0001:0001c230       _mdl_start_processing      1001d230 f   finding_drag_sfun_registry.obj
 0001:0001c2a0       _mdlTerminate              1001d2a0 f   finding_drag_sfun_registry.obj
 0001:0001c2c0       _mdl_terminate_processing  1001d2c0 f   finding_drag_sfun_registry.obj
 0001:0001c330       _mdlInitializeSampleTimes  1001d330 f   finding_drag_sfun_registry.obj
 0001:0001c350       _mdlZeroCrossings          1001d350 f   finding_drag_sfun_registry.obj
 0001:0001c370       _mdl_zeroCrossings_processing 1001d370 f   finding_drag_sfun_registry.obj
 0001:0001c3a0       _mdlDerivatives            1001d3a0 f   finding_drag_sfun_registry.obj
 0001:0001c3c0       _mdl_derivatives_processing 1001d3c0 f   finding_drag_sfun_registry.obj
 0001:0001c400       _mdlInitializeConditions   1001d400 f   finding_drag_sfun_registry.obj
 0001:0001c420       _mdl_initialize_conditions_processing 1001d420 f   finding_drag_sfun_registry.obj
 0001:0001c460       _mdlEnable                 1001d460 f   finding_drag_sfun_registry.obj
 0001:0001c480       _mdl_enable_processing     1001d480 f   finding_drag_sfun_registry.obj
 0001:0001c4b0       _mdlDisable                1001d4b0 f   finding_drag_sfun_registry.obj
 0001:0001c4d0       _mdl_disable_processing    1001d4d0 f   finding_drag_sfun_registry.obj
 0001:0001c500       _mdlOutputs                1001d500 f   finding_drag_sfun_registry.obj
 0001:0001c520       _mdl_outputs_processing    1001d520 f   finding_drag_sfun_registry.obj
 0001:0001c5f0       _mdl_outputs_continuous_legacy 1001d5f0 f   finding_drag_sfun_registry.obj
 0001:0001c6c0       _mdlGetTimeOfNextVarHit    1001d6c0 f   finding_drag_sfun_registry.obj
 0001:0001c700       __ProcessMexSfunctionCmdLineCall 1001d700 f   finding_drag_sfun_registry.obj
 0001:0001cd20       _mdlSetWorkWidths          1001dd20 f   finding_drag_sfun_registry.obj
 0001:0001cd40       _mdlProcessParameters      1001dd40 f   finding_drag_sfun_registry.obj
 0001:0001cd60       _mdlInitializeSizes        1001dd60 f   finding_drag_sfun_registry.obj
 0001:0001cd80       _mdlExtModeExec            1001dd80 f   finding_drag_sfun_registry.obj
 0001:0001cda0       _mdl_ext_mode_exec_processing 1001dda0 f   finding_drag_sfun_registry.obj
 0001:0001cde0       _mdlRTW                    1001dde0 f   finding_drag_sfun_registry.obj
 0001:0001ce10       __CreateSimStruct          1001de10 f   finding_drag_sfun_registry.obj
 0001:0001cf40       __RegNumInputPortsCB       1001df40 f   finding_drag_sfun_registry.obj
 0001:0001cfa0       __RegNumOutputPortsCB      1001dfa0 f   finding_drag_sfun_registry.obj
 0001:0001d479       _pre_c_init                1001e479 f   MSVCRT:crtdll.obj
 0001:0001d6d1       ___DllMainCRTStartup       1001e6d1 f   MSVCRT:crtdll.obj
