 checkingControllability_sfun

 Timestamp is 56662dff (Mon Dec 07 17:10:23 2015)

 Preferred load address is 10000000

 Start         Length     Name                   Class
 0001:00000000 0001a084H .text                   CODE
 0002:00000000 00000234H .idata$5                DATA
 0002:00000234 00000004H .CRT$XCA                DATA
 0002:00000238 00000004H .CRT$XCZ                DATA
 0002:0000023c 00000004H .CRT$XIA                DATA
 0002:00000240 00000004H .CRT$XIAA               DATA
 0002:00000244 00000004H .CRT$XIC                DATA
 0002:00000248 00000004H .CRT$XIZ                DATA
 0002:00000250 00000718H .rdata                  DATA
 0002:00000970 00000004H .rdata$sxdata           DATA
 0002:00000974 00000004H .rtc$IAA                DATA
 0002:00000978 00000004H .rtc$IZZ                DATA
 0002:0000097c 00000004H .rtc$TAA                DATA
 0002:00000980 00000004H .rtc$TZZ                DATA
 0002:00000988 00000064H .xdata$x                DATA
 0002:000009ec 0000008cH .idata$2                DATA
 0002:00000a78 00000014H .idata$3                DATA
 0002:00000a8c 00000234H .idata$4                DATA
 0002:00000cc0 00000c1cH .idata$6                DATA
 0002:000018e0 00000062H .edata                  DATA
 0003:00000000 00006670H .data                   DATA
 0003:00006670 00000458H .bss                    DATA

  Address         Publics by Value              Rva+Base       Lib:Object

 0000:00000000       __except_list              00000000     <absolute>
 0000:00000001       ___safe_se_handler_count   00000001     <absolute>
 0000:00009876       __ldused                   00009876     <absolute>
 0000:00009876       __fltused                  00009876     <absolute>
 0000:00000000       ___ImageBase               10000000     <linker-defined>
 0001:00000000       _checkingControllability_initializer 10001000 f   checkingControllability_sfun.obj
 0001:00000010       _checkingControllability_terminator 10001010 f   checkingControllability_sfun.obj
 0001:00000020       _sf_checkingControllability_method_dispatcher 10001020 f   checkingControllability_sfun.obj
 0001:00000090       _sf_checkingControllability_process_check_sum_call 10001090 f   checkingControllability_sfun.obj
 0001:00000460       _sf_checkingControllability_autoinheritance_info 10001460 f   checkingControllability_sfun.obj
 0001:00000600       _sf_checkingControllability_get_eml_resolved_functions_info 10001600 f   checkingControllability_sfun.obj
 0001:00000750       _sf_checkingControllability_third_party_uses_info 10001750 f   checkingControllability_sfun.obj
 0001:000008e0       _sf_checkingControllability_updateBuildInfo_args_info 100018e0 f   checkingControllability_sfun.obj
 0001:00000a70       _checkingControllability_debug_initialize 10001a70 f   checkingControllability_sfun.obj
 0001:00000ad0       _checkingControllability_register_exported_symbols 10001ad0 f   checkingControllability_sfun.obj
 0001:00000ae0       _load_checkingControllability_optimization_info 10001ae0 f   checkingControllability_sfun.obj
 0001:00000b20       _unload_checkingControllability_optimization_info 10001b20 f   checkingControllability_sfun.obj
 0001:00000b60       _sf_c1_checkingControllability_get_eml_resolved_functions_info 10001b60 f   c1_checkingControllability.obj
 0001:00001220       _sf_c1_checkingControllability_get_check_sum 10002220 f   c1_checkingControllability.obj
 0001:00001280       _sf_c1_checkingControllability_get_autoinheritance_info 10002280 f   c1_checkingControllability.obj
 0001:00001e10       _sf_c1_checkingControllability_third_party_uses_info 10002e10 f   c1_checkingControllability.obj
 0001:00001e30       _sf_c1_checkingControllability_updateBuildInfo_args_info 10002e30 f   c1_checkingControllability.obj
 0001:00001e50       _sf_internal_get_sim_state_c1_checkingControllability 10002e50 f   c1_checkingControllability.obj
 0001:00002160       _sf_internal_set_sim_state_c1_checkingControllability 10003160 f   c1_checkingControllability.obj
 0001:00002490       _c1_checkingControllability_method_dispatcher 10003490 f   c1_checkingControllability.obj
 0001:00004960       _sf_c2_checkingControllability_get_eml_resolved_functions_info 10005960 f   c2_checkingControllability.obj
 0001:00008820       _sf_c2_checkingControllability_get_check_sum 10009820 f   c2_checkingControllability.obj
 0001:00008880       _sf_c2_checkingControllability_get_autoinheritance_info 10009880 f   c2_checkingControllability.obj
 0001:00009de0       _sf_c2_checkingControllability_third_party_uses_info 1000ade0 f   c2_checkingControllability.obj
 0001:00009e00       _sf_c2_checkingControllability_updateBuildInfo_args_info 1000ae00 f   c2_checkingControllability.obj
 0001:00009e20       _sf_internal_get_sim_state_c2_checkingControllability 1000ae20 f   c2_checkingControllability.obj
 0001:0000a200       _sf_internal_set_sim_state_c2_checkingControllability 1000b200 f   c2_checkingControllability.obj
 0001:0000a5b0       _c2_checkingControllability_method_dispatcher 1000b5b0 f   c2_checkingControllability.obj
 0001:0000ed40       _sf_c3_checkingControllability_get_eml_resolved_functions_info 1000fd40 f   c3_checkingControllability.obj
 0001:0000fb90       _sf_c3_checkingControllability_get_check_sum 10010b90 f   c3_checkingControllability.obj
 0001:0000fbf0       _sf_c3_checkingControllability_get_autoinheritance_info 10010bf0 f   c3_checkingControllability.obj
 0001:00010e00       _sf_c3_checkingControllability_third_party_uses_info 10011e00 f   c3_checkingControllability.obj
 0001:00010e20       _sf_c3_checkingControllability_updateBuildInfo_args_info 10011e20 f   c3_checkingControllability.obj
 0001:00010e40       _sf_internal_get_sim_state_c3_checkingControllability 10011e40 f   c3_checkingControllability.obj
 0001:00011150       _sf_internal_set_sim_state_c3_checkingControllability 10012150 f   c3_checkingControllability.obj
 0001:00011480       _c3_checkingControllability_method_dispatcher 10012480 f   c3_checkingControllability.obj
 0001:00014870       _sf_process_check_sum_call 10015870 f   checkingControllability_sfun_registry.obj
 0001:000148a0       _sf_process_autoinheritance_call 100158a0 f   checkingControllability_sfun_registry.obj
 0001:000149e0       _sf_process_get_third_party_uses_info_call 100159e0 f   checkingControllability_sfun_registry.obj
 0001:00014b20       _sf_process_get_updateBuildInfo_args_info_call 10015b20 f   checkingControllability_sfun_registry.obj
 0001:00014c60       _sf_process_get_eml_resolved_functions_info_call 10015c60 f   checkingControllability_sfun_registry.obj
 0001:00014d80       _sf_mex_unlock_call        10015d80 f   checkingControllability_sfun_registry.obj
 0001:00014e10       _sf_machine_global_initializer_called 10015e10 f   checkingControllability_sfun_registry.obj
 0001:00014e30       _sf_machine_global_method_dispatcher 10015e30 f   checkingControllability_sfun_registry.obj
 0001:00014e70       _sf_machine_global_terminator 10015e70 f   checkingControllability_sfun_registry.obj
 0001:00014eb0       _sf_register_machine_exported_symbols 10015eb0 f   checkingControllability_sfun_registry.obj
 0001:00014ed0       _callCustomFcn             10015ed0 f   checkingControllability_sfun_registry.obj
 0001:00014ee0       _sf_machine_global_initializer 10015ee0 f   checkingControllability_sfun_registry.obj
 0001:00014f50       _mdlGetSimState            10015f50 f   checkingControllability_sfun_registry.obj
 0001:00014fb0       _mdlSetSimState            10015fb0 f   checkingControllability_sfun_registry.obj
 0001:00014fe0       __ssSetStateAbsTol         10015fe0 f   checkingControllability_sfun_registry.obj
 0001:00015080       __ssGetAbsTol              10016080 f   checkingControllability_sfun_registry.obj
 0001:000150d0       __ssSetInputPortMatrixDimensions 100160d0 f   checkingControllability_sfun_registry.obj
 0001:00015180       __ssSetOutputPortMatrixDimensions 10016180 f   checkingControllability_sfun_registry.obj
 0001:00015230       __ssSetInputPortVectorDimension 10016230 f   checkingControllability_sfun_registry.obj
 0001:000152b0       __ssSetOutputPortVectorDimension 100162b0 f   checkingControllability_sfun_registry.obj
 0001:00015330       _ssIsRunTimeParamTunable   10016330 f   checkingControllability_sfun_registry.obj
 0001:00015390       _ssGetSFuncBlockHandle     10016390 f   checkingControllability_sfun_registry.obj
 0001:000153e0       __ssGetCurrentInputPortWidth 100163e0 f   checkingControllability_sfun_registry.obj
 0001:000154b0       __ssGetCurrentOutputPortWidth 100164b0 f   checkingControllability_sfun_registry.obj
 0001:00015580       __ssGetCallSystemNumFcnCallDestinations 10016580 f   checkingControllability_sfun_registry.obj
 0001:000155e0       _ssWarning                 100165e0 f   checkingControllability_sfun_registry.obj
 0001:000156c0       _ssGetIsZeroCrossControlDisabled 100166c0 f   checkingControllability_sfun_registry.obj
 0001:00015720       _ssSetIsInputPortUsedForContZcSignal 10016720 f   checkingControllability_sfun_registry.obj
 0001:00015770       _ssSetZcSignalIsZcElementDisc 10016770 f   checkingControllability_sfun_registry.obj
 0001:000157f0       _ssSetZcSignalName         100167f0 f   checkingControllability_sfun_registry.obj
 0001:00015840       _ssSetZcSignalWidth        10016840 f   checkingControllability_sfun_registry.obj
 0001:00015890       _ssSetZcSignalZcEventType  10016890 f   checkingControllability_sfun_registry.obj
 0001:000158e0       _ssSetZcSignalType         100168e0 f   checkingControllability_sfun_registry.obj
 0001:00015930       _ssSetZcSignalZcTol        10016930 f   checkingControllability_sfun_registry.obj
 0001:00015980       _ssSetZcSignalNeedsEventNotification 10016980 f   checkingControllability_sfun_registry.obj
 0001:000159d0       _ssCreateAndAddZcSignalInfo 100169d0 f   checkingControllability_sfun_registry.obj
 0001:00015a30       _ssCloneAndAddZcSignalInfo 10016a30 f   checkingControllability_sfun_registry.obj
 0001:00015a90       _ssGetNumZcSignals         10016a90 f   checkingControllability_sfun_registry.obj
 0001:00015af0       _ssGetZcSignalVector       10016af0 f   checkingControllability_sfun_registry.obj
 0001:00015b50       _ssGetZcSignalZcEvents     10016b50 f   checkingControllability_sfun_registry.obj
 0001:00015bb0       _ssGetZcSignalName         10016bb0 f   checkingControllability_sfun_registry.obj
 0001:00015c10       _ssGetZcSignalWidth        10016c10 f   checkingControllability_sfun_registry.obj
 0001:00015c70       _ssGetZcSignalZcEventType  10016c70 f   checkingControllability_sfun_registry.obj
 0001:00015cd0       _ssGetZcSignalType         10016cd0 f   checkingControllability_sfun_registry.obj
 0001:00015d30       _ssGetZcSignalZcTol        10016d30 f   checkingControllability_sfun_registry.obj
 0001:00015d90       _ssGetZcSignalNeedsEventNotification 10016d90 f   checkingControllability_sfun_registry.obj
 0001:00015df0       _ssGetZcSignalIsZcElementDisc 10016df0 f   checkingControllability_sfun_registry.obj
 0001:00015e70       _ssGetIsInputPortElementContinuous 10016e70 f   checkingControllability_sfun_registry.obj
 0001:00015ef0       __ssGetInputPortSignalPtrsFcn 10016ef0 f   checkingControllability_sfun_registry.obj
 0001:000160f0       __ssGetInputPortSignalFcn  100170f0 f   checkingControllability_sfun_registry.obj
 0001:00016280       __ssSetInputPortDirectFeedThroughFcn 10017280 f   checkingControllability_sfun_registry.obj
 0001:000163b0       __ssSetInputPortReusableFcn 100173b0 f   checkingControllability_sfun_registry.obj
 0001:00016440       __ssSetOutputPortReusableFcn 10017440 f   checkingControllability_sfun_registry.obj
 0001:000164d0       _ssGetDTypeIdFromMxArray   100174d0 f   checkingControllability_sfun_registry.obj
 0001:000165c0       _ssWriteRTWStr             100175c0 f   checkingControllability_sfun_registry.obj
 0001:00016600       _ssWriteRTWMxVectParam     10017600 f   checkingControllability_sfun_registry.obj
 0001:00016640       _ssWriteRTWMx2dMatParam    10017640 f   checkingControllability_sfun_registry.obj
 0001:00016680       _ssWriteRTWNameValuePair   10017680 f   checkingControllability_sfun_registry.obj
 0001:000169f0       _ssWriteRTWParameters      100179f0 f   checkingControllability_sfun_registry.obj
 0001:00016d90       _ssWriteRTWParamSettings   10017d90 f   checkingControllability_sfun_registry.obj
 0001:00017240       _ssWriteRTWWorkVect        10018240 f   checkingControllability_sfun_registry.obj
 0001:000175d0       _mexFunction               100185d0 f   checkingControllability_sfun_registry.obj
 0001:00019320       _ProcessMexSfunctionEveryCall 1001a320 f   checkingControllability_sfun_registry.obj
 0001:0001943e       _sf_debug_set_machine_data_thresholds 1001a43e f   sf_runtime:sf_runtime.dll
 0001:00019444       _sf_debug_set_machine_event_thresholds 1001a444 f   sf_runtime:sf_runtime.dll
 0001:0001944a       _sf_debug_initialize_machine 1001a44a f   sf_runtime:sf_runtime.dll
 0001:00019450       _sf_load_rtw_optimization_info 1001a450 f   sf_runtime:sf_runtime.dll
 0001:00019456       _sf_mex_emlrtNameCapturePostProcessR2012a 1001a456 f   sf_runtime:sf_runtime.dll
 0001:0001945c       _sf_mex_assign             1001a45c f   sf_runtime:sf_runtime.dll
 0001:00019462       _sf_mex_createstruct       1001a462 f   sf_runtime:sf_runtime.dll
 0001:00019468       _sf_mex_destroy            1001a468 f   sf_runtime:sf_runtime.dll
 0001:0001946e       _sf_mex_duplicatearraysafe 1001a46e f   sf_runtime:sf_runtime.dll
 0001:00019474       _sf_mex_createcellmatrix   1001a474 f   sf_runtime:sf_runtime.dll
 0001:0001947a       _sf_mex_addfield           1001a47a f   sf_runtime:sf_runtime.dll
 0001:00019480       _sf_mex_create             1001a480 f   sf_runtime:sf_runtime.dll
 0001:00019486       _sf_mex_error_message      1001a486 f   sf_runtime:sf_runtime.dll
 0001:0001948c       _sf_mex_call_matlab        1001a48c f   sf_runtime:sf_runtime.dll
 0001:00019492       _sf_mex_setcell            1001a492 f   sf_runtime:sf_runtime.dll
 0001:00019498       _sf_mex_decode_encoded_mx_struct_array 1001a498 f   sf_runtime:sf_runtime.dll
 0001:0001949e       _sf_mex_getcell            1001a49e f   sf_runtime:sf_runtime.dll
 0001:000194a4       _sf_mex_dup                1001a4a4 f   sf_runtime:sf_runtime.dll
 0001:000194aa       _sf_mex_import             1001a4aa f   sf_runtime:sf_runtime.dll
 0001:000194b0       _sf_set_rtw_dwork_info     1001a4b0 f   sf_runtime:sf_runtime.dll
 0001:000194b6       _sf_mark_chart_reusable_outputs 1001a4b6 f   sf_runtime:sf_runtime.dll
 0001:000194bc       _sf_mark_chart_expressionable_inputs 1001a4bc f   sf_runtime:sf_runtime.dll
 0001:000194c2       _sf_update_buildInfo       1001a4c2 f   sf_runtime:sf_runtime.dll
 0001:000194c8       _sf_rtw_info_uint_prop     1001a4c8 f   sf_runtime:sf_runtime.dll
 0001:000194ce       _sf_is_chart_inlinable     1001a4ce f   sf_runtime:sf_runtime.dll
 0001:000194d4       _sim_mode_is_external      1001a4d4 f   sf_runtime:sf_runtime.dll
 0001:000194da       _sim_mode_is_rtw_gen       1001a4da f   sf_runtime:sf_runtime.dll
 0001:000194e0       _sf_debug_reset_current_state_configuration 1001a4e0 f   sf_runtime:sf_runtime.dll
 0001:000194e6       _sf_debug_set_instance_data_value_ptr 1001a4e6 f   sf_runtime:sf_runtime.dll
 0001:000194ec       _sf_debug_set_chart_data_compiled_props 1001a4ec f   sf_runtime:sf_runtime.dll
 0001:000194f2       _cv_eml_init_if            1001a4f2 f   sf_runtime:sf_runtime.dll
 0001:000194f8       _cv_eml_init_fcn           1001a4f8 f   sf_runtime:sf_runtime.dll
 0001:000194fe       _cv_eml_init_script        1001a4fe f   sf_runtime:sf_runtime.dll
 0001:00019504       _sf_debug_cv_init_trans    1001a504 f   sf_runtime:sf_runtime.dll
 0001:0001950a       _sf_debug_cv_init_state    1001a50a f   sf_runtime:sf_runtime.dll
 0001:00019510       _sf_debug_cv_init_chart    1001a510 f   sf_runtime:sf_runtime.dll
 0001:00019516       _sf_debug_set_chart_decomposition 1001a516 f   sf_runtime:sf_runtime.dll
 0001:0001951c       _sf_debug_set_chart_substate_count 1001a51c f   sf_runtime:sf_runtime.dll
 0001:00019522       _sf_debug_set_chart_state_info 1001a522 f   sf_runtime:sf_runtime.dll
 0001:00019528       _sf_debug_set_chart_data_props 1001a528 f   sf_runtime:sf_runtime.dll
 0001:0001952e       _sf_debug_set_chart_event_thresholds 1001a52e f   sf_runtime:sf_runtime.dll
 0001:00019534       _sf_debug_set_chart_disable_implicit_casting 1001a534 f   sf_runtime:sf_runtime.dll
 0001:0001953a       _sf_debug_initialize_chart 1001a53a f   sf_runtime:sf_runtime.dll
 0001:00019540       _sf_get_time               1001a540 f   sf_runtime:sf_runtime.dll
 0001:00019546       _sf_debug_check_for_state_inconsistency 1001a546 f   sf_runtime:sf_runtime.dll
 0001:0001954c       _sf_debug_symbol_scope_pop 1001a54c f   sf_runtime:sf_runtime.dll
 0001:00019552       _eml_debug_line_call       1001a552 f   sf_runtime:sf_runtime.dll
 0001:00019558       _cv_eml_eval               1001a558 f   sf_runtime:sf_runtime.dll
 0001:0001955e       _sf_debug_symbol_scope_add_eml 1001a55e f   sf_runtime:sf_runtime.dll
 0001:00019564       _sf_debug_symbol_scope_add_eml_importable 1001a564 f   sf_runtime:sf_runtime.dll
 0001:0001956a       _sf_debug_symbol_scope_push_eml 1001a56a f   sf_runtime:sf_runtime.dll
 0001:00019570       _sf_debug_data_range_wrapper 1001a570 f   sf_runtime:sf_runtime.dll
 0001:00019576       _sf_debug_call             1001a576 f   sf_runtime:sf_runtime.dll
 0001:0001957c       _sf_debug_symbol_scope_push 1001a57c f   sf_runtime:sf_runtime.dll
 0001:00019582       _sf_clear_rtw_identifier   1001a582 f   sf_runtime:sf_runtime.dll
 0001:00019588       _sf_mex_call_debug         1001a588 f   sf_runtime:sf_runtime.dll
 0001:0001958e       _sf_debug_terminate        1001a58e f   sf_runtime:sf_runtime.dll
 0001:00019594       _sf_debug_create_debug_instance_struct 1001a594 f   sf_runtime:sf_runtime.dll
 0001:0001959a       _sf_debug_api              1001a59a f   sf_runtime:sf_runtime.dll
 0001:000195a0       _callMdlMethodAndReportError 1001a5a0 f   sf_runtime:sf_runtime.dll
 0001:000195a6       _call_sf_machine_global_method_dispatcher 1001a5a6 f   sf_runtime:sf_runtime.dll
 0001:000195ac       _sf_clear_error_manager_info 1001a5ac f   sf_runtime:sf_runtime.dll
 0001:000195b2       _sf_mex_error_direct_call  1001a5b2 f   sf_runtime:sf_runtime.dll
 0001:000195b8       _mxGetScalar               1001a5b8 f   libmx:libmx.dll
 0001:000195be       _mxGetPr                   1001a5be f   libmx:libmx.dll
 0001:000195c4       _mxCreateDoubleMatrix_730  1001a5c4 f   libmx:libmx.dll
 0001:000195ca       _mxGetString_730           1001a5ca f   libmx:libmx.dll
 0001:000195d0       _mxIsChar                  1001a5d0 f   libmx:libmx.dll
 0001:000195d6       _mxDestroyArray            1001a5d6 f   libmx:libmx.dll
 0001:000195dc       _mxDuplicateArray          1001a5dc f   libmx:libmx.dll
 0001:000195e2       _mxCreateDoubleScalar      1001a5e2 f   libmx:libmx.dll
 0001:000195e8       _mxSetField_730            1001a5e8 f   libmx:libmx.dll
 0001:000195ee       _mxCreateString            1001a5ee f   libmx:libmx.dll
 0001:000195f4       _mxCreateStructMatrix_730  1001a5f4 f   libmx:libmx.dll
 0001:000195fa       _mxCreateCellMatrix_730    1001a5fa f   libmx:libmx.dll
 0001:00019600       _mxGetClassID              1001a600 f   libmx:libmx.dll
 0001:00019606       _mxIsNumeric               1001a606 f   libmx:libmx.dll
 0001:0001960c       _mxIsComplex               1001a60c f   libmx:libmx.dll
 0001:00019612       _mxGetN                    1001a612 f   libmx:libmx.dll
 0001:00019618       _mxGetM                    1001a618 f   libmx:libmx.dll
 0001:0001961e       _mxCalloc                  1001a61e f   libmx:libmx.dll
 0001:00019624       _mexMakeArrayPersistent    1001a624 f   libmex:libmex.dll
 0001:0001962a       _mexUnlock                 1001a62a f   libmex:libmex.dll
 0001:00019630       _mexIsLocked               1001a630 f   libmex:libmex.dll
 0001:00019636       _mexWarnMsgTxt             1001a636 f   libmex:libmex.dll
 0001:0001963c       _mexCallMATLAB             1001a63c f   libmex:libmex.dll
 0001:00019642       _mexErrMsgTxt              1001a642 f   libmex:libmex.dll
 0001:00019648       _mexLock                   1001a648 f   libmex:libmex.dll
 0001:0001964e       _utMalloc                  1001a64e f   libut:libut.dll
 0001:00019654       _utFree                    1001a654 f   libut:libut.dll
 0001:0001965a       _muDoubleScalarSign        1001a65a f   libmwmathutil:libmwmathutil.dll
 0001:00019660       _muDoubleScalarAtan        1001a660 f   libmwmathutil:libmwmathutil.dll
 0001:00019666       _muDoubleScalarSqrt        1001a666 f   libmwmathutil:libmwmathutil.dll
 0001:0001966c       _muDoubleScalarSin         1001a66c f   libmwmathutil:libmwmathutil.dll
 0001:00019672       _muDoubleScalarCos         1001a672 f   libmwmathutil:libmwmathutil.dll
 0001:00019678       _muDoubleScalarAbs         1001a678 f   libmwmathutil:libmwmathutil.dll
 0001:0001967e       _strcmp                    1001a67e f   MSVCRT:MSVCR100.dll
 0001:00019690       @__security_check_cookie@4 1001a690 f   MSVCRT:secchk.obj
 0001:000196a0       _strlen                    1001a6a0 f   MSVCRT:MSVCR100.dll
 0001:000196a6       _memset                    1001a6a6 f   MSVCRT:MSVCR100.dll
 0001:000196ac       _free                      1001a6ac f   MSVCRT:MSVCR100.dll
 0001:000196b2       _sprintf                   1001a6b2 f   MSVCRT:MSVCR100.dll
 0001:000196b8       _malloc                    1001a6b8 f   MSVCRT:MSVCR100.dll
 0001:000196be       _strcat                    1001a6be f   MSVCRT:MSVCR100.dll
 0001:000196d0       __ftol2_sse                1001a6d0 f   MSVCRT:ftol2.obj
 0001:000196d9       __ftol2_pentium4           1001a6d9 f   MSVCRT:ftol2.obj
 0001:000196ec       __ftol2_sse_excpt          1001a6ec f   MSVCRT:ftol2.obj
 0001:00019706       __ftol2                    1001a706 f   MSVCRT:ftol2.obj
 0001:0001977c       _memcpy                    1001a77c f   MSVCRT:MSVCR100.dll
 0001:00019782       _NtCurrentTeb              1001a782 f i MSVCRT:crtdll.obj
 0001:000197d7       __CRT_INIT@12              1001a7d7 f   MSVCRT:crtdll.obj
 0001:00019af7       __DllMainCRTStartup@12     1001aaf7 f   MSVCRT:crtdll.obj
 0001:00019b1a       ___report_gsfailure        1001ab1a f   MSVCRT:gs_report.obj
 0001:00019c20       ___sse2_available_init     1001ac20 f   MSVCRT:cpu_disp.obj
 0001:00019c30       ___clean_type_info_names   1001ac30 f   MSVCRT:tncleanup.obj
 0001:00019c3c       __onexit                   1001ac3c f   MSVCRT:atonexit.obj
 0001:00019cdd       _atexit                    1001acdd f   MSVCRT:atonexit.obj
 0001:00019cf4       __RTC_Initialize           1001acf4 f   MSVCRT:_initsect_.obj
 0001:00019d1a       __RTC_Terminate            1001ad1a f   MSVCRT:_initsect_.obj
 0001:00019d40       __malloc_crt               1001ad40 f   MSVCRT:MSVCR100.dll
 0001:00019d46       __encoded_null             1001ad46 f   MSVCRT:MSVCR100.dll
 0001:00019d50       __ValidateImageBase        1001ad50 f   MSVCRT:pesect.obj
 0001:00019d90       __FindPESection            1001ad90 f   MSVCRT:pesect.obj
 0001:00019de0       __IsNonwritableInCurrentImage 1001ade0 f   MSVCRT:pesect.obj
 0001:00019e9c       __initterm                 1001ae9c f   MSVCRT:MSVCR100.dll
 0001:00019ea2       __initterm_e               1001aea2 f   MSVCRT:MSVCR100.dll
 0001:00019ea8       __amsg_exit                1001aea8 f   MSVCRT:MSVCR100.dll
 0001:00019eae       ___CppXcptFilter           1001aeae f   MSVCRT:MSVCR100.dll
 0001:00019eb4       _DllMain@12                1001aeb4 f   MSVCRT:dllmain.obj
 0001:00019ee0       __SEH_prolog4              1001aee0 f   MSVCRT:sehprolg4.obj
 0001:00019f25       __SEH_epilog4              1001af25 f   MSVCRT:sehprolg4.obj
 0001:00019f39       __except_handler4          1001af39 f   MSVCRT:chandler4gs.obj
 0001:00019f5e       ___security_init_cookie    1001af5e f   MSVCRT:gs_support.obj
 0001:00019ffa       __crt_debugger_hook        1001affa f   MSVCRT:MSVCR100.dll
 0001:0001a000       ___clean_type_info_names_internal 1001b000 f   MSVCRT:MSVCR100.dll
 0001:0001a006       __unlock                   1001b006 f   MSVCRT:MSVCR100.dll
 0001:0001a00c       ___dllonexit               1001b00c f   MSVCRT:MSVCR100.dll
 0001:0001a012       __lock                     1001b012 f   MSVCRT:MSVCR100.dll
 0001:0001a018       __except_handler4_common   1001b018 f   MSVCRT:MSVCR100.dll
 0001:0001a01e       _EncodePointer@4           1001b01e f   kernel32:KERNEL32.dll
 0001:0001a024       _DecodePointer@4           1001b024 f   kernel32:KERNEL32.dll
 0001:0001a02a       _InterlockedExchange@8     1001b02a f   kernel32:KERNEL32.dll
 0001:0001a030       _Sleep@4                   1001b030 f   kernel32:KERNEL32.dll
 0001:0001a036       _InterlockedCompareExchange@12 1001b036 f   kernel32:KERNEL32.dll
 0001:0001a03c       _TerminateProcess@8        1001b03c f   kernel32:KERNEL32.dll
 0001:0001a042       _GetCurrentProcess@0       1001b042 f   kernel32:KERNEL32.dll
 0001:0001a048       _UnhandledExceptionFilter@4 1001b048 f   kernel32:KERNEL32.dll
 0001:0001a04e       _SetUnhandledExceptionFilter@4 1001b04e f   kernel32:KERNEL32.dll
 0001:0001a054       _IsDebuggerPresent@0       1001b054 f   kernel32:KERNEL32.dll
 0001:0001a05a       _IsProcessorFeaturePresent@4 1001b05a f   kernel32:KERNEL32.dll
 0001:0001a060       _DisableThreadLibraryCalls@4 1001b060 f   kernel32:KERNEL32.dll
 0001:0001a066       _QueryPerformanceCounter@4 1001b066 f   kernel32:KERNEL32.dll
 0001:0001a06c       _GetTickCount@0            1001b06c f   kernel32:KERNEL32.dll
 0001:0001a072       _GetCurrentThreadId@0      1001b072 f   kernel32:KERNEL32.dll
 0001:0001a078       _GetCurrentProcessId@0     1001b078 f   kernel32:KERNEL32.dll
 0001:0001a07e       _GetSystemTimeAsFileTime@4 1001b07e f   kernel32:KERNEL32.dll
 0002:00000000       __imp__GetSystemTimeAsFileTime@4 1001c000     kernel32:KERNEL32.dll
 0002:00000004       __imp__GetCurrentProcessId@0 1001c004     kernel32:KERNEL32.dll
 0002:00000008       __imp__GetCurrentThreadId@0 1001c008     kernel32:KERNEL32.dll
 0002:0000000c       __imp__GetTickCount@0      1001c00c     kernel32:KERNEL32.dll
 0002:00000010       __imp__QueryPerformanceCounter@4 1001c010     kernel32:KERNEL32.dll
 0002:00000014       __imp__DisableThreadLibraryCalls@4 1001c014     kernel32:KERNEL32.dll
 0002:00000018       __imp__IsProcessorFeaturePresent@4 1001c018     kernel32:KERNEL32.dll
 0002:0000001c       __imp__IsDebuggerPresent@0 1001c01c     kernel32:KERNEL32.dll
 0002:00000020       __imp__SetUnhandledExceptionFilter@4 1001c020     kernel32:KERNEL32.dll
 0002:00000024       __imp__UnhandledExceptionFilter@4 1001c024     kernel32:KERNEL32.dll
 0002:00000028       __imp__GetCurrentProcess@0 1001c028     kernel32:KERNEL32.dll
 0002:0000002c       __imp__TerminateProcess@8  1001c02c     kernel32:KERNEL32.dll
 0002:00000030       __imp__InterlockedCompareExchange@12 1001c030     kernel32:KERNEL32.dll
 0002:00000034       __imp__Sleep@4             1001c034     kernel32:KERNEL32.dll
 0002:00000038       __imp__InterlockedExchange@8 1001c038     kernel32:KERNEL32.dll
 0002:0000003c       __imp__DecodePointer@4     1001c03c     kernel32:KERNEL32.dll
 0002:00000040       __imp__EncodePointer@4     1001c040     kernel32:KERNEL32.dll
 0002:00000044       \177KERNEL32_NULL_THUNK_DATA 1001c044     kernel32:KERNEL32.dll
 0002:00000048       __imp___except_handler4_common 1001c048     MSVCRT:MSVCR100.dll
 0002:0000004c       __imp___onexit             1001c04c     MSVCRT:MSVCR100.dll
 0002:00000050       __imp___lock               1001c050     MSVCRT:MSVCR100.dll
 0002:00000054       __imp____dllonexit         1001c054     MSVCRT:MSVCR100.dll
 0002:00000058       __imp___unlock             1001c058     MSVCRT:MSVCR100.dll
 0002:0000005c       __imp____clean_type_info_names_internal 1001c05c     MSVCRT:MSVCR100.dll
 0002:00000060       __imp___crt_debugger_hook  1001c060     MSVCRT:MSVCR100.dll
 0002:00000064       __imp____CppXcptFilter     1001c064     MSVCRT:MSVCR100.dll
 0002:00000068       __imp___amsg_exit          1001c068     MSVCRT:MSVCR100.dll
 0002:0000006c       __imp___initterm_e         1001c06c     MSVCRT:MSVCR100.dll
 0002:00000070       __imp___initterm           1001c070     MSVCRT:MSVCR100.dll
 0002:00000074       __imp___encoded_null       1001c074     MSVCRT:MSVCR100.dll
 0002:00000078       __imp___malloc_crt         1001c078     MSVCRT:MSVCR100.dll
 0002:0000007c       __imp__memcpy              1001c07c     MSVCRT:MSVCR100.dll
 0002:00000080       __imp__strcat              1001c080     MSVCRT:MSVCR100.dll
 0002:00000084       __imp__malloc              1001c084     MSVCRT:MSVCR100.dll
 0002:00000088       __imp__sprintf             1001c088     MSVCRT:MSVCR100.dll
 0002:0000008c       __imp__free                1001c08c     MSVCRT:MSVCR100.dll
 0002:00000090       __imp__memset              1001c090     MSVCRT:MSVCR100.dll
 0002:00000094       __imp__strlen              1001c094     MSVCRT:MSVCR100.dll
 0002:00000098       __imp__strcmp              1001c098     MSVCRT:MSVCR100.dll
 0002:0000009c       \177MSVCR100_NULL_THUNK_DATA 1001c09c     MSVCRT:MSVCR100.dll
 0002:000000a0       __imp__mexUnlock           1001c0a0     libmex:libmex.dll
 0002:000000a4       __imp__mexIsLocked         1001c0a4     libmex:libmex.dll
 0002:000000a8       __imp__mexWarnMsgTxt       1001c0a8     libmex:libmex.dll
 0002:000000ac       __imp__mexCallMATLAB       1001c0ac     libmex:libmex.dll
 0002:000000b0       __imp__mexErrMsgTxt        1001c0b0     libmex:libmex.dll
 0002:000000b4       __imp__mexLock             1001c0b4     libmex:libmex.dll
 0002:000000b8       __imp__mexMakeArrayPersistent 1001c0b8     libmex:libmex.dll
 0002:000000bc       \177libmex_NULL_THUNK_DATA 1001c0bc     libmex:libmex.dll
 0002:000000c0       __imp__muDoubleScalarAtan  1001c0c0     libmwmathutil:libmwmathutil.dll
 0002:000000c4       __imp__muDoubleScalarSqrt  1001c0c4     libmwmathutil:libmwmathutil.dll
 0002:000000c8       __imp__muDoubleScalarSin   1001c0c8     libmwmathutil:libmwmathutil.dll
 0002:000000cc       __imp__muDoubleScalarCos   1001c0cc     libmwmathutil:libmwmathutil.dll
 0002:000000d0       __imp__muDoubleScalarAbs   1001c0d0     libmwmathutil:libmwmathutil.dll
 0002:000000d4       __imp__muDoubleScalarSign  1001c0d4     libmwmathutil:libmwmathutil.dll
 0002:000000d8       \177libmwmathutil_NULL_THUNK_DATA 1001c0d8     libmwmathutil:libmwmathutil.dll
 0002:000000dc       __imp__mxCalloc            1001c0dc     libmx:libmx.dll
 0002:000000e0       __imp__mxGetM              1001c0e0     libmx:libmx.dll
 0002:000000e4       __imp__mxGetN              1001c0e4     libmx:libmx.dll
 0002:000000e8       __imp__mxIsComplex         1001c0e8     libmx:libmx.dll
 0002:000000ec       __imp__mxIsNumeric         1001c0ec     libmx:libmx.dll
 0002:000000f0       __imp__mxGetClassID        1001c0f0     libmx:libmx.dll
 0002:000000f4       __imp__mxCreateCellMatrix_730 1001c0f4     libmx:libmx.dll
 0002:000000f8       __imp__mxCreateStructMatrix_730 1001c0f8     libmx:libmx.dll
 0002:000000fc       __imp__mxGetScalar         1001c0fc     libmx:libmx.dll
 0002:00000100       __imp__mxGetPr             1001c100     libmx:libmx.dll
 0002:00000104       __imp__mxCreateDoubleMatrix_730 1001c104     libmx:libmx.dll
 0002:00000108       __imp__mxGetString_730     1001c108     libmx:libmx.dll
 0002:0000010c       __imp__mxIsChar            1001c10c     libmx:libmx.dll
 0002:00000110       __imp__mxDestroyArray      1001c110     libmx:libmx.dll
 0002:00000114       __imp__mxDuplicateArray    1001c114     libmx:libmx.dll
 0002:00000118       __imp__mxCreateDoubleScalar 1001c118     libmx:libmx.dll
 0002:0000011c       __imp__mxSetField_730      1001c11c     libmx:libmx.dll
 0002:00000120       __imp__mxCreateString      1001c120     libmx:libmx.dll
 0002:00000124       \177libmx_NULL_THUNK_DATA  1001c124     libmx:libmx.dll
 0002:00000128       __imp__utMalloc            1001c128     libut:libut.dll
 0002:0000012c       __imp__utFree              1001c12c     libut:libut.dll
 0002:00000130       \177libut_NULL_THUNK_DATA  1001c130     libut:libut.dll
 0002:00000134       __imp__call_sf_machine_global_method_dispatcher 1001c134     sf_runtime:sf_runtime.dll
 0002:00000138       __imp__callMdlMethodAndReportError 1001c138     sf_runtime:sf_runtime.dll
 0002:0000013c       __imp__sf_debug_api        1001c13c     sf_runtime:sf_runtime.dll
 0002:00000140       __imp__sf_debug_create_debug_instance_struct 1001c140     sf_runtime:sf_runtime.dll
 0002:00000144       __imp__sf_debug_terminate  1001c144     sf_runtime:sf_runtime.dll
 0002:00000148       __imp__sf_mex_call_debug   1001c148     sf_runtime:sf_runtime.dll
 0002:0000014c       __imp__sf_clear_error_manager_info 1001c14c     sf_runtime:sf_runtime.dll
 0002:00000150       __imp__sf_debug_symbol_scope_push 1001c150     sf_runtime:sf_runtime.dll
 0002:00000154       __imp__sf_debug_call       1001c154     sf_runtime:sf_runtime.dll
 0002:00000158       __imp__sf_debug_data_range_wrapper 1001c158     sf_runtime:sf_runtime.dll
 0002:0000015c       __imp__sf_debug_symbol_scope_push_eml 1001c15c     sf_runtime:sf_runtime.dll
 0002:00000160       __imp__sf_debug_symbol_scope_add_eml_importable 1001c160     sf_runtime:sf_runtime.dll
 0002:00000164       __imp__sf_debug_symbol_scope_add_eml 1001c164     sf_runtime:sf_runtime.dll
 0002:00000168       __imp__cv_eml_eval         1001c168     sf_runtime:sf_runtime.dll
 0002:0000016c       __imp__sf_mex_error_direct_call 1001c16c     sf_runtime:sf_runtime.dll
 0002:00000170       __imp__sf_clear_rtw_identifier 1001c170     sf_runtime:sf_runtime.dll
 0002:00000174       __imp__eml_debug_line_call 1001c174     sf_runtime:sf_runtime.dll
 0002:00000178       __imp__sf_debug_symbol_scope_pop 1001c178     sf_runtime:sf_runtime.dll
 0002:0000017c       __imp__sf_debug_check_for_state_inconsistency 1001c17c     sf_runtime:sf_runtime.dll
 0002:00000180       __imp__sf_get_time         1001c180     sf_runtime:sf_runtime.dll
 0002:00000184       __imp__sf_debug_initialize_chart 1001c184     sf_runtime:sf_runtime.dll
 0002:00000188       __imp__sf_debug_set_chart_disable_implicit_casting 1001c188     sf_runtime:sf_runtime.dll
 0002:0000018c       __imp__sf_debug_set_chart_event_thresholds 1001c18c     sf_runtime:sf_runtime.dll
 0002:00000190       __imp__sf_debug_set_chart_data_props 1001c190     sf_runtime:sf_runtime.dll
 0002:00000194       __imp__sf_debug_set_chart_state_info 1001c194     sf_runtime:sf_runtime.dll
 0002:00000198       __imp__sf_debug_set_chart_substate_count 1001c198     sf_runtime:sf_runtime.dll
 0002:0000019c       __imp__sf_debug_set_chart_decomposition 1001c19c     sf_runtime:sf_runtime.dll
 0002:000001a0       __imp__sf_debug_cv_init_chart 1001c1a0     sf_runtime:sf_runtime.dll
 0002:000001a4       __imp__sf_debug_cv_init_state 1001c1a4     sf_runtime:sf_runtime.dll
 0002:000001a8       __imp__sf_debug_cv_init_trans 1001c1a8     sf_runtime:sf_runtime.dll
 0002:000001ac       __imp__cv_eml_init_script  1001c1ac     sf_runtime:sf_runtime.dll
 0002:000001b0       __imp__cv_eml_init_fcn     1001c1b0     sf_runtime:sf_runtime.dll
 0002:000001b4       __imp__cv_eml_init_if      1001c1b4     sf_runtime:sf_runtime.dll
 0002:000001b8       __imp__sf_debug_set_chart_data_compiled_props 1001c1b8     sf_runtime:sf_runtime.dll
 0002:000001bc       __imp__sf_debug_set_instance_data_value_ptr 1001c1bc     sf_runtime:sf_runtime.dll
 0002:000001c0       __imp__sf_debug_reset_current_state_configuration 1001c1c0     sf_runtime:sf_runtime.dll
 0002:000001c4       __imp__sim_mode_is_rtw_gen 1001c1c4     sf_runtime:sf_runtime.dll
 0002:000001c8       __imp__sim_mode_is_external 1001c1c8     sf_runtime:sf_runtime.dll
 0002:000001cc       __imp__sf_is_chart_inlinable 1001c1cc     sf_runtime:sf_runtime.dll
 0002:000001d0       __imp__sf_rtw_info_uint_prop 1001c1d0     sf_runtime:sf_runtime.dll
 0002:000001d4       __imp__sf_update_buildInfo 1001c1d4     sf_runtime:sf_runtime.dll
 0002:000001d8       __imp__sf_mark_chart_expressionable_inputs 1001c1d8     sf_runtime:sf_runtime.dll
 0002:000001dc       __imp__sf_mark_chart_reusable_outputs 1001c1dc     sf_runtime:sf_runtime.dll
 0002:000001e0       __imp__sf_set_rtw_dwork_info 1001c1e0     sf_runtime:sf_runtime.dll
 0002:000001e4       __imp__sf_mex_import       1001c1e4     sf_runtime:sf_runtime.dll
 0002:000001e8       __imp__sf_mex_dup          1001c1e8     sf_runtime:sf_runtime.dll
 0002:000001ec       __imp__sf_mex_getcell      1001c1ec     sf_runtime:sf_runtime.dll
 0002:000001f0       __imp__sf_mex_decode_encoded_mx_struct_array 1001c1f0     sf_runtime:sf_runtime.dll
 0002:000001f4       __imp__sf_mex_setcell      1001c1f4     sf_runtime:sf_runtime.dll
 0002:000001f8       __imp__sf_mex_call_matlab  1001c1f8     sf_runtime:sf_runtime.dll
 0002:000001fc       __imp__sf_mex_error_message 1001c1fc     sf_runtime:sf_runtime.dll
 0002:00000200       __imp__sf_mex_create       1001c200     sf_runtime:sf_runtime.dll
 0002:00000204       __imp__sf_mex_addfield     1001c204     sf_runtime:sf_runtime.dll
 0002:00000208       __imp__sf_mex_createcellmatrix 1001c208     sf_runtime:sf_runtime.dll
 0002:0000020c       __imp__sf_mex_duplicatearraysafe 1001c20c     sf_runtime:sf_runtime.dll
 0002:00000210       __imp__sf_mex_destroy      1001c210     sf_runtime:sf_runtime.dll
 0002:00000214       __imp__sf_mex_createstruct 1001c214     sf_runtime:sf_runtime.dll
 0002:00000218       __imp__sf_mex_assign       1001c218     sf_runtime:sf_runtime.dll
 0002:0000021c       __imp__sf_mex_emlrtNameCapturePostProcessR2012a 1001c21c     sf_runtime:sf_runtime.dll
 0002:00000220       __imp__sf_load_rtw_optimization_info 1001c220     sf_runtime:sf_runtime.dll
 0002:00000224       __imp__sf_debug_initialize_machine 1001c224     sf_runtime:sf_runtime.dll
 0002:00000228       __imp__sf_debug_set_machine_event_thresholds 1001c228     sf_runtime:sf_runtime.dll
 0002:0000022c       __imp__sf_debug_set_machine_data_thresholds 1001c22c     sf_runtime:sf_runtime.dll
 0002:00000230       \177sf_runtime_NULL_THUNK_DATA 1001c230     sf_runtime:sf_runtime.dll
 0002:00000234       ___xc_a                    1001c234     MSVCRT:cinitexe.obj
 0002:00000238       ___xc_z                    1001c238     MSVCRT:cinitexe.obj
 0002:0000023c       ___xi_a                    1001c23c     MSVCRT:cinitexe.obj
 0002:00000248       ___xi_z                    1001c248     MSVCRT:cinitexe.obj
 0002:00000250       __real@41e3b33fb6e00000    1001c250     checkingControllability_sfun.obj
 0002:00000258       __real@41da2854b3400000    1001c258     checkingControllability_sfun.obj
 0002:00000260       __real@41c890f841800000    1001c260     checkingControllability_sfun.obj
 0002:00000268       __real@41dbda793b000000    1001c268     checkingControllability_sfun.obj
 0002:00000270       __real@41d187d0c8400000    1001c270     checkingControllability_sfun.obj
 0002:00000278       __real@41cff744e8000000    1001c278     checkingControllability_sfun.obj
 0002:00000280       __real@41b7e1066f000000    1001c280     checkingControllability_sfun.obj
 0002:00000288       __real@41c845d7be800000    1001c288     checkingControllability_sfun.obj
 0002:00000290       __real@41e41be015600000    1001c290     checkingControllability_sfun.obj
 0002:00000298       __real@41a9222b46000000    1001c298     checkingControllability_sfun.obj
 0002:000002a0       __real@41ed944607400000    1001c2a0     checkingControllability_sfun.obj
 0002:000002a8       __real@41d9e55584000000    1001c2a8     checkingControllability_sfun.obj
 0002:000002b0       __real@0000000000000000    1001c2b0     checkingControllability_sfun.obj
 0002:000002b8       __real@41e030be12400000    1001c2b8     checkingControllability_sfun.obj
 0002:000002c0       __real@41e6022875c00000    1001c2c0     checkingControllability_sfun.obj
 0002:000002c8       __real@41c8a1993d800000    1001c2c8     checkingControllability_sfun.obj
 0002:000002d0       __real@41e5d2ad0be00000    1001c2d0     checkingControllability_sfun.obj
 0002:000002d8       __real@4190d666cc000000    1001c2d8     c1_checkingControllability.obj
 0002:000002e0       __real@41dce5cfa9c00000    1001c2e0     c1_checkingControllability.obj
 0002:000002e8       __real@41c290f9f6000000    1001c2e8     c1_checkingControllability.obj
 0002:000002f0       __real@41e6633c5b200000    1001c2f0     c1_checkingControllability.obj
 0002:000002f8       __real@4024000000000000    1001c2f8     c1_checkingControllability.obj
 0002:00000300       __real@3ff0000000000000    1001c300     c1_checkingControllability.obj
 0002:00000308       __real@4000000000000000    1001c308     c1_checkingControllability.obj
 0002:00000310       __real@4020000000000000    1001c310     c1_checkingControllability.obj
 0002:00000318       __real@41ee70e67dc00000    1001c318     c2_checkingControllability.obj
 0002:00000320       __real@41e84a0c7e600000    1001c320     c2_checkingControllability.obj
 0002:00000328       __real@41d00178ae400000    1001c328     c2_checkingControllability.obj
 0002:00000330       __real@41e30ca965800000    1001c330     c2_checkingControllability.obj
 0002:00000338       __real@3f1a36e2eb1c432d    1001c338     c2_checkingControllability.obj
 0002:00000340       __real@4010000000000000    1001c340     c2_checkingControllability.obj
 0002:00000348       __real@402e000000000000    1001c348     c2_checkingControllability.obj
 0002:00000350       __real@4008000000000000    1001c350     c2_checkingControllability.obj
 0002:00000358       __real@41cafe1aab000000    1001c358     c3_checkingControllability.obj
 0002:00000360       __real@41e13a9e80000000    1001c360     c3_checkingControllability.obj
 0002:00000368       __real@41e3a00c76600000    1001c368     c3_checkingControllability.obj
 0002:00000370       __real@41ea5b8a41800000    1001c370     c3_checkingControllability.obj
 0002:00000378       __real@402c000000000000    1001c378     c3_checkingControllability.obj
 0002:00000380       _DYNAMIC_DIMENSION_DEF     1001c380     checkingControllability_sfun_registry.obj
 0002:00000390       __ssBadLevel2InputAccessMsg 1001c390     checkingControllability_sfun_registry.obj
 0002:00000518       __ssBadLevel2DirectFeedMsg 1001c518     checkingControllability_sfun_registry.obj
 0002:00000658       __ssBadLevel2DirectFeedSolutionMsg 1001c658     checkingControllability_sfun_registry.obj
 0002:000006c8       __ssBadLevel2ZeroDirectFeedMsg 1001c6c8     checkingControllability_sfun_registry.obj
 0002:00000808       __ssBadLevel2ZeroDirectFeedMsg2 1001c808     checkingControllability_sfun_registry.obj
 0002:000008f0       __real@bff0000000000000    1001c8f0     checkingControllability_sfun_registry.obj
 0002:000008f8       __real@4153d65940000000    1001c8f8     checkingControllability_sfun_registry.obj
 0002:00000900       __pRawDllMain              1001c900     MSVCRT:crtdll.obj
 0002:00000900       __pDefaultRawDllMain       1001c900     MSVCRT:crtdll.obj
 0002:0000090c       ?ProcessDetach@NativeDll@<CrtImplementationDetails>@@0IB 1001c90c     MSVCRT:tncleanup.obj
 0002:00000910       ?ProcessAttach@NativeDll@<CrtImplementationDetails>@@0IB 1001c910     MSVCRT:tncleanup.obj
 0002:00000914       ?ThreadAttach@NativeDll@<CrtImplementationDetails>@@0IB 1001c914     MSVCRT:tncleanup.obj
 0002:00000918       ?ThreadDetach@NativeDll@<CrtImplementationDetails>@@0IB 1001c918     MSVCRT:tncleanup.obj
 0002:0000091c       ?ProcessVerifier@NativeDll@<CrtImplementationDetails>@@0IB 1001c91c     MSVCRT:tncleanup.obj
 0002:00000920       __load_config_used         1001c920     MSVCRT:loadcfg.obj
 0002:00000970       ___safe_se_handler_table   1001c970     <linker-defined>
 0002:00000974       ___rtc_iaa                 1001c974     MSVCRT:_initsect_.obj
 0002:00000978       ___rtc_izz                 1001c978     MSVCRT:_initsect_.obj
 0002:0000097c       ___rtc_taa                 1001c97c     MSVCRT:_initsect_.obj
 0002:00000980       ___rtc_tzz                 1001c980     MSVCRT:_initsect_.obj
 0002:000009ec       __IMPORT_DESCRIPTOR_sf_runtime 1001c9ec     sf_runtime:sf_runtime.dll
 0002:00000a00       __IMPORT_DESCRIPTOR_libmx  1001ca00     libmx:libmx.dll
 0002:00000a14       __IMPORT_DESCRIPTOR_libmex 1001ca14     libmex:libmex.dll
 0002:00000a28       __IMPORT_DESCRIPTOR_libut  1001ca28     libut:libut.dll
 0002:00000a3c       __IMPORT_DESCRIPTOR_libmwmathutil 1001ca3c     libmwmathutil:libmwmathutil.dll
 0002:00000a50       __IMPORT_DESCRIPTOR_MSVCR100 1001ca50     MSVCRT:MSVCR100.dll
 0002:00000a64       __IMPORT_DESCRIPTOR_KERNEL32 1001ca64     kernel32:KERNEL32.dll
 0002:00000a78       __NULL_IMPORT_DESCRIPTOR   1001ca78     sf_runtime:sf_runtime.dll
 0003:00005acc       _DYNAMIC_DIMENSION         10023acc     checkingControllability_sfun_registry.obj
 0003:00006658       ___security_cookie         10024658     MSVCRT:gs_cookie.obj
 0003:0000665c       ___security_cookie_complement 1002465c     MSVCRT:gs_cookie.obj
 0003:00006660       ___native_dllmain_reason   10024660     MSVCRT:natstart.obj
 0003:00006664       ___native_vcclrit_reason   10024664     MSVCRT:natstart.obj
 0003:00006770       _sfGlobalDebugInstanceStruct 10024770     checkingControllability_sfun_registry.obj
 0003:00006aa4       ?__type_info_root_node@@3U__type_info_node@@A 10024aa4     MSVCRT:tncleanup.obj
 0003:00006aac       __checkingControllabilityMachineNumber_ 10024aac     <common>
 0003:00006ab0       ___native_startup_state    10024ab0     <common>
 0003:00006ab4       ___native_startup_lock     10024ab4     <common>
 0003:00006ab8       ___onexitend               10024ab8     <common>
 0003:00006abc       ___onexitbegin             10024abc     <common>
 0003:00006ac0       ___sse2_available          10024ac0     <common>
 0003:00006ac4       ___dyn_tls_init_callback   10024ac4     <common>

 entry point at        0001:00019af7

 Static symbols

 0001:00000bc0       _c1_info_helper            10001bc0 f   c1_checkingControllability.obj
 0001:00001170       _c1_emlrt_marshallOut      10002170 f   c1_checkingControllability.obj
 0001:000011d0       _c1_b_emlrt_marshallOut    100021d0 f   c1_checkingControllability.obj
 0001:00001f30       _get_sim_state_c1_checkingControllability 10002f30 f   c1_checkingControllability.obj
 0001:000020c0       _sf_get_sim_state_info_c1_checkingControllability 100030c0 f   c1_checkingControllability.obj
 0001:00002240       _set_sim_state_c1_checkingControllability 10003240 f   c1_checkingControllability.obj
 0001:00002340       _c1_update_debugger_state_c1_checkingControllability 10003340 f   c1_checkingControllability.obj
 0001:00002350       _c1_emlrt_marshallIn       10003350 f   c1_checkingControllability.obj
 0001:000023a0       _c1_b_emlrt_marshallIn     100033a0 f   c1_checkingControllability.obj
 0001:000023f0       _c1_d_emlrt_marshallIn     100033f0 f   c1_checkingControllability.obj
 0001:00002440       _c1_e_emlrt_marshallIn     10003440 f   c1_checkingControllability.obj
 0001:000024f0       _mdlProcessParameters_c1_checkingControllability 100034f0 f   c1_checkingControllability.obj
 0001:000025a0       _initialize_params_c1_checkingControllability 100035a0 f   c1_checkingControllability.obj
 0001:000025b0       _mdlSetWorkWidths_c1_checkingControllability 100035b0 f   c1_checkingControllability.obj
 0001:00002a30       _sf_get_instance_specialization 10003a30 f   c1_checkingControllability.obj
 0001:00002a40       _mdlStart_c1_checkingControllability 10003a40 f   c1_checkingControllability.obj
 0001:00002be0       _init_dsm_address_info     10003be0 f   c1_checkingControllability.obj
 0001:00002bf0       _chart_debug_initialization 10003bf0 f   c1_checkingControllability.obj
 0001:000037b0       _init_script_number_translation 100047b0 f   c1_checkingControllability.obj
 0001:000037c0       _c1_sf_marshallOut         100047c0 f   c1_checkingControllability.obj
 0001:00003840       _c1_sf_marshallIn          10004840 f   c1_checkingControllability.obj
 0001:000038c0       _sf_opaque_initialize_c1_checkingControllability 100048c0 f   c1_checkingControllability.obj
 0001:000038f0       _initialize_c1_checkingControllability 100048f0 f   c1_checkingControllability.obj
 0001:00003920       _sf_opaque_enable_c1_checkingControllability 10004920 f   c1_checkingControllability.obj
 0001:00003940       _enable_c1_checkingControllability 10004940 f   c1_checkingControllability.obj
 0001:00003960       _sf_opaque_disable_c1_checkingControllability 10004960 f   c1_checkingControllability.obj
 0001:00003980       _disable_c1_checkingControllability 10004980 f   c1_checkingControllability.obj
 0001:000039a0       _sf_opaque_gateway_c1_checkingControllability 100049a0 f   c1_checkingControllability.obj
 0001:000039c0       _sf_gateway_c1_checkingControllability 100049c0 f   c1_checkingControllability.obj
 0001:000047f0       _sf_opaque_get_sim_state_c1_checkingControllability 100057f0 f   c1_checkingControllability.obj
 0001:00004810       _sf_opaque_set_sim_state_c1_checkingControllability 10005810 f   c1_checkingControllability.obj
 0001:00004830       _sf_opaque_terminate_c1_checkingControllability 10005830 f   c1_checkingControllability.obj
 0001:000048c0       _finalize_c1_checkingControllability 100058c0 f   c1_checkingControllability.obj
 0001:000048d0       _sf_opaque_init_subchart_simstructs 100058d0 f   c1_checkingControllability.obj
 0001:000048f0       _initSimStructsc1_checkingControllability 100058f0 f   c1_checkingControllability.obj
 0001:00004900       _mdlRTW_c1_checkingControllability 10005900 f   c1_checkingControllability.obj
 0001:000049c0       _c2_info_helper            100059c0 f   c2_checkingControllability.obj
 0001:00008770       _c2_emlrt_marshallOut      10009770 f   c2_checkingControllability.obj
 0001:000087d0       _c2_b_emlrt_marshallOut    100097d0 f   c2_checkingControllability.obj
 0001:00009f00       _get_sim_state_c2_checkingControllability 1000af00 f   c2_checkingControllability.obj
 0001:0000a160       _sf_get_sim_state_info_c2_checkingControllability 1000b160 f   c2_checkingControllability.obj
 0001:0000a2e0       _set_sim_state_c2_checkingControllability 1000b2e0 f   c2_checkingControllability.obj
 0001:0000a460       _c2_update_debugger_state_c2_checkingControllability 1000b460 f   c2_checkingControllability.obj
 0001:0000a470       _c2_emlrt_marshallIn       1000b470 f   c2_checkingControllability.obj
 0001:0000a4c0       _c2_b_emlrt_marshallIn     1000b4c0 f   c2_checkingControllability.obj
 0001:0000a510       _c2_d_emlrt_marshallIn     1000b510 f   c2_checkingControllability.obj
 0001:0000a560       _c2_e_emlrt_marshallIn     1000b560 f   c2_checkingControllability.obj
 0001:0000a610       _mdlProcessParameters_c2_checkingControllability 1000b610 f   c2_checkingControllability.obj
 0001:0000a6c0       _initialize_params_c2_checkingControllability 1000b6c0 f   c2_checkingControllability.obj
 0001:0000a6d0       _mdlSetWorkWidths_c2_checkingControllability 1000b6d0 f   c2_checkingControllability.obj
 0001:0000ac50       _sf_get_instance_specialization 1000bc50 f   c2_checkingControllability.obj
 0001:0000ac60       _mdlStart_c2_checkingControllability 1000bc60 f   c2_checkingControllability.obj
 0001:0000ae00       _init_dsm_address_info     1000be00 f   c2_checkingControllability.obj
 0001:0000ae10       _chart_debug_initialization 1000be10 f   c2_checkingControllability.obj
 0001:0000c100       _init_script_number_translation 1000d100 f   c2_checkingControllability.obj
 0001:0000c110       _c2_sf_marshallOut         1000d110 f   c2_checkingControllability.obj
 0001:0000c190       _c2_sf_marshallIn          1000d190 f   c2_checkingControllability.obj
 0001:0000c210       _sf_opaque_initialize_c2_checkingControllability 1000d210 f   c2_checkingControllability.obj
 0001:0000c240       _initialize_c2_checkingControllability 1000d240 f   c2_checkingControllability.obj
 0001:0000c270       _sf_opaque_enable_c2_checkingControllability 1000d270 f   c2_checkingControllability.obj
 0001:0000c290       _enable_c2_checkingControllability 1000d290 f   c2_checkingControllability.obj
 0001:0000c2b0       _sf_opaque_disable_c2_checkingControllability 1000d2b0 f   c2_checkingControllability.obj
 0001:0000c2d0       _disable_c2_checkingControllability 1000d2d0 f   c2_checkingControllability.obj
 0001:0000c2f0       _sf_opaque_gateway_c2_checkingControllability 1000d2f0 f   c2_checkingControllability.obj
 0001:0000c310       _sf_gateway_c2_checkingControllability 1000d310 f   c2_checkingControllability.obj
 0001:0000c980       _c2_chartstep_c2_checkingControllability 1000d980 f   c2_checkingControllability.obj
 0001:0000e170       _c2_robustDiv2             1000f170 f   c2_checkingControllability.obj
 0001:0000e610       _c2_mpower                 1000f610 f   c2_checkingControllability.obj
 0001:0000e650       _c2_eml_scalar_eg          1000f650 f   c2_checkingControllability.obj
 0001:0000e660       _c2_eml_error              1000f660 f   c2_checkingControllability.obj
 0001:0000e790       _c2_robustDiv              1000f790 f   c2_checkingControllability.obj
 0001:0000ec00       _sf_opaque_get_sim_state_c2_checkingControllability 1000fc00 f   c2_checkingControllability.obj
 0001:0000ec20       _sf_opaque_set_sim_state_c2_checkingControllability 1000fc20 f   c2_checkingControllability.obj
 0001:0000ec40       _sf_opaque_terminate_c2_checkingControllability 1000fc40 f   c2_checkingControllability.obj
 0001:0000ecd0       _finalize_c2_checkingControllability 1000fcd0 f   c2_checkingControllability.obj
 0001:0000ece0       _sf_opaque_init_subchart_simstructs 1000fce0 f   c2_checkingControllability.obj
 0001:0000ed00       _initSimStructsc2_checkingControllability 1000fd00 f   c2_checkingControllability.obj
 0001:0000ed10       _mdlRTW_c2_checkingControllability 1000fd10 f   c2_checkingControllability.obj
 0001:0000eda0       _c3_info_helper            1000fda0 f   c3_checkingControllability.obj
 0001:0000fae0       _c3_emlrt_marshallOut      10010ae0 f   c3_checkingControllability.obj
 0001:0000fb40       _c3_b_emlrt_marshallOut    10010b40 f   c3_checkingControllability.obj
 0001:00010f20       _get_sim_state_c3_checkingControllability 10011f20 f   c3_checkingControllability.obj
 0001:000110b0       _sf_get_sim_state_info_c3_checkingControllability 100120b0 f   c3_checkingControllability.obj
 0001:00011230       _set_sim_state_c3_checkingControllability 10012230 f   c3_checkingControllability.obj
 0001:00011330       _c3_update_debugger_state_c3_checkingControllability 10012330 f   c3_checkingControllability.obj
 0001:00011340       _c3_emlrt_marshallIn       10012340 f   c3_checkingControllability.obj
 0001:00011390       _c3_b_emlrt_marshallIn     10012390 f   c3_checkingControllability.obj
 0001:000113e0       _c3_d_emlrt_marshallIn     100123e0 f   c3_checkingControllability.obj
 0001:00011430       _c3_e_emlrt_marshallIn     10012430 f   c3_checkingControllability.obj
 0001:000114e0       _mdlProcessParameters_c3_checkingControllability 100124e0 f   c3_checkingControllability.obj
 0001:00011590       _initialize_params_c3_checkingControllability 10012590 f   c3_checkingControllability.obj
 0001:000115a0       _mdlSetWorkWidths_c3_checkingControllability 100125a0 f   c3_checkingControllability.obj
 0001:00011af0       _sf_get_instance_specialization 10012af0 f   c3_checkingControllability.obj
 0001:00011b00       _mdlStart_c3_checkingControllability 10012b00 f   c3_checkingControllability.obj
 0001:00011ca0       _init_dsm_address_info     10012ca0 f   c3_checkingControllability.obj
 0001:00011cb0       _chart_debug_initialization 10012cb0 f   c3_checkingControllability.obj
 0001:00012dc0       _init_script_number_translation 10013dc0 f   c3_checkingControllability.obj
 0001:00012dd0       _c3_sf_marshallOut         10013dd0 f   c3_checkingControllability.obj
 0001:00012e50       _c3_sf_marshallIn          10013e50 f   c3_checkingControllability.obj
 0001:00012ed0       _sf_opaque_initialize_c3_checkingControllability 10013ed0 f   c3_checkingControllability.obj
 0001:00012f00       _initialize_c3_checkingControllability 10013f00 f   c3_checkingControllability.obj
 0001:00012f30       _sf_opaque_enable_c3_checkingControllability 10013f30 f   c3_checkingControllability.obj
 0001:00012f50       _enable_c3_checkingControllability 10013f50 f   c3_checkingControllability.obj
 0001:00012f70       _sf_opaque_disable_c3_checkingControllability 10013f70 f   c3_checkingControllability.obj
 0001:00012f90       _disable_c3_checkingControllability 10013f90 f   c3_checkingControllability.obj
 0001:00012fb0       _sf_opaque_gateway_c3_checkingControllability 10013fb0 f   c3_checkingControllability.obj
 0001:00012fd0       _sf_gateway_c3_checkingControllability 10013fd0 f   c3_checkingControllability.obj
 0001:00013560       _c3_chartstep_c3_checkingControllability 10014560 f   c3_checkingControllability.obj
 0001:00014730       _sf_opaque_get_sim_state_c3_checkingControllability 10015730 f   c3_checkingControllability.obj
 0001:00014750       _sf_opaque_set_sim_state_c3_checkingControllability 10015750 f   c3_checkingControllability.obj
 0001:00014770       _sf_opaque_terminate_c3_checkingControllability 10015770 f   c3_checkingControllability.obj
 0001:00014800       _finalize_c3_checkingControllability 10015800 f   c3_checkingControllability.obj
 0001:00014810       _sf_opaque_init_subchart_simstructs 10015810 f   c3_checkingControllability.obj
 0001:00014830       _initSimStructsc3_checkingControllability 10015830 f   c3_checkingControllability.obj
 0001:00014840       _mdlRTW_c3_checkingControllability 10015840 f   c3_checkingControllability.obj
 0001:00014f80       _getChartInfoFromSimStruct 10015f80 f   checkingControllability_sfun_registry.obj
 0001:00016080       __ssFatalError             10017080 f   checkingControllability_sfun_registry.obj
 0001:000183e0       _ProcessMexSfunctionCmdLineCall 100193e0 f   checkingControllability_sfun_registry.obj
 0001:00018500       _sf_debug_api_wrapper      10019500 f   checkingControllability_sfun_registry.obj
 0001:00018530       _mdlStart                  10019530 f   checkingControllability_sfun_registry.obj
 0001:00018550       _mdl_start_processing      10019550 f   checkingControllability_sfun_registry.obj
 0001:000185c0       _mdlTerminate              100195c0 f   checkingControllability_sfun_registry.obj
 0001:000185e0       _mdl_terminate_processing  100195e0 f   checkingControllability_sfun_registry.obj
 0001:00018650       _mdlInitializeSampleTimes  10019650 f   checkingControllability_sfun_registry.obj
 0001:00018670       _mdlZeroCrossings          10019670 f   checkingControllability_sfun_registry.obj
 0001:00018690       _mdl_zeroCrossings_processing 10019690 f   checkingControllability_sfun_registry.obj
 0001:000186c0       _mdlDerivatives            100196c0 f   checkingControllability_sfun_registry.obj
 0001:000186e0       _mdl_derivatives_processing 100196e0 f   checkingControllability_sfun_registry.obj
 0001:00018720       _mdlInitializeConditions   10019720 f   checkingControllability_sfun_registry.obj
 0001:00018740       _mdl_initialize_conditions_processing 10019740 f   checkingControllability_sfun_registry.obj
 0001:00018780       _mdlEnable                 10019780 f   checkingControllability_sfun_registry.obj
 0001:000187a0       _mdl_enable_processing     100197a0 f   checkingControllability_sfun_registry.obj
 0001:000187d0       _mdlDisable                100197d0 f   checkingControllability_sfun_registry.obj
 0001:000187f0       _mdl_disable_processing    100197f0 f   checkingControllability_sfun_registry.obj
 0001:00018820       _mdlOutputs                10019820 f   checkingControllability_sfun_registry.obj
 0001:00018840       _mdl_outputs_processing    10019840 f   checkingControllability_sfun_registry.obj
 0001:00018910       _mdl_outputs_continuous_legacy 10019910 f   checkingControllability_sfun_registry.obj
 0001:000189e0       _mdlGetTimeOfNextVarHit    100199e0 f   checkingControllability_sfun_registry.obj
 0001:00018a20       __ProcessMexSfunctionCmdLineCall 10019a20 f   checkingControllability_sfun_registry.obj
 0001:00019040       _mdlSetWorkWidths          1001a040 f   checkingControllability_sfun_registry.obj
 0001:00019060       _mdlProcessParameters      1001a060 f   checkingControllability_sfun_registry.obj
 0001:00019080       _mdlInitializeSizes        1001a080 f   checkingControllability_sfun_registry.obj
 0001:000190a0       _mdlExtModeExec            1001a0a0 f   checkingControllability_sfun_registry.obj
 0001:000190c0       _mdl_ext_mode_exec_processing 1001a0c0 f   checkingControllability_sfun_registry.obj
 0001:00019100       _mdlRTW                    1001a100 f   checkingControllability_sfun_registry.obj
 0001:00019130       __CreateSimStruct          1001a130 f   checkingControllability_sfun_registry.obj
 0001:00019260       __RegNumInputPortsCB       1001a260 f   checkingControllability_sfun_registry.obj
 0001:000192c0       __RegNumOutputPortsCB      1001a2c0 f   checkingControllability_sfun_registry.obj
 0001:00019789       _pre_c_init                1001a789 f   MSVCRT:crtdll.obj
 0001:000199e1       ___DllMainCRTStartup       1001a9e1 f   MSVCRT:crtdll.obj
