 maneuvers2_sfun

 Timestamp is 56a43d96 (Sat Jan 23 18:57:26 2016)

 Preferred load address is 10000000

 Start         Length     Name                   Class
 0001:00000000 00009ac4H .text                   CODE
 0002:00000000 00000204H .idata$5                DATA
 0002:00000204 00000004H .CRT$XCA                DATA
 0002:00000208 00000004H .CRT$XCZ                DATA
 0002:0000020c 00000004H .CRT$XIA                DATA
 0002:00000210 00000004H .CRT$XIAA               DATA
 0002:00000214 00000004H .CRT$XIC                DATA
 0002:00000218 00000004H .CRT$XIZ                DATA
 0002:00000220 000006b8H .rdata                  DATA
 0002:000008e0 00000004H .rdata$sxdata           DATA
 0002:000008e4 00000004H .rtc$IAA                DATA
 0002:000008e8 00000004H .rtc$IZZ                DATA
 0002:000008ec 00000004H .rtc$TAA                DATA
 0002:000008f0 00000004H .rtc$TZZ                DATA
 0002:000008f8 00000064H .xdata$x                DATA
 0002:0000095c 00000078H .idata$2                DATA
 0002:000009d4 00000014H .idata$3                DATA
 0002:000009e8 00000204H .idata$4                DATA
 0002:00000bec 00000b08H .idata$6                DATA
 0002:00001700 00000055H .edata                  DATA
 0003:00000000 000018a0H .data                   DATA
 0003:000018a0 00000438H .bss                    DATA

  Address         Publics by Value              Rva+Base       Lib:Object

 0000:00000000       __except_list              00000000     <absolute>
 0000:00000001       ___safe_se_handler_count   00000001     <absolute>
 0000:00009876       __fltused                  00009876     <absolute>
 0000:00009876       __ldused                   00009876     <absolute>
 0000:00000000       ___ImageBase               10000000     <linker-defined>
 0001:00000000       _maneuvers2_initializer    10001000 f   maneuvers2_sfun.obj
 0001:00000010       _maneuvers2_terminator     10001010 f   maneuvers2_sfun.obj
 0001:00000020       _sf_maneuvers2_method_dispatcher 10001020 f   maneuvers2_sfun.obj
 0001:00000070       _sf_maneuvers2_process_check_sum_call 10001070 f   maneuvers2_sfun.obj
 0001:00000430       _sf_maneuvers2_autoinheritance_info 10001430 f   maneuvers2_sfun.obj
 0001:00000590       _sf_maneuvers2_get_eml_resolved_functions_info 10001590 f   maneuvers2_sfun.obj
 0001:000006b0       _sf_maneuvers2_third_party_uses_info 100016b0 f   maneuvers2_sfun.obj
 0001:00000810       _sf_maneuvers2_updateBuildInfo_args_info 10001810 f   maneuvers2_sfun.obj
 0001:00000970       _maneuvers2_debug_initialize 10001970 f   maneuvers2_sfun.obj
 0001:000009d0       _maneuvers2_register_exported_symbols 100019d0 f   maneuvers2_sfun.obj
 0001:000009e0       _load_maneuvers2_optimization_info 100019e0 f   maneuvers2_sfun.obj
 0001:00000a20       _unload_maneuvers2_optimization_info 10001a20 f   maneuvers2_sfun.obj
 0001:00000a50       _sf_c1_maneuvers2_get_eml_resolved_functions_info 10001a50 f   c1_maneuvers2.obj
 0001:00000aa0       _sf_c1_maneuvers2_get_check_sum 10001aa0 f   c1_maneuvers2.obj
 0001:00000b00       _sf_c1_maneuvers2_get_autoinheritance_info 10001b00 f   c1_maneuvers2.obj
 0001:00000e10       _sf_c1_maneuvers2_third_party_uses_info 10001e10 f   c1_maneuvers2.obj
 0001:00000e30       _sf_c1_maneuvers2_updateBuildInfo_args_info 10001e30 f   c1_maneuvers2.obj
 0001:00000e50       _sf_internal_get_sim_state_c1_maneuvers2 10001e50 f   c1_maneuvers2.obj
 0001:000010f0       _sf_internal_set_sim_state_c1_maneuvers2 100020f0 f   c1_maneuvers2.obj
 0001:000013e0       _c1_maneuvers2_method_dispatcher 100023e0 f   c1_maneuvers2.obj
 0001:000026a0       _sf_c2_maneuvers2_get_eml_resolved_functions_info 100036a0 f   c2_maneuvers2.obj
 0001:000026f0       _sf_c2_maneuvers2_get_check_sum 100036f0 f   c2_maneuvers2.obj
 0001:00002750       _sf_c2_maneuvers2_get_autoinheritance_info 10003750 f   c2_maneuvers2.obj
 0001:00002a60       _sf_c2_maneuvers2_third_party_uses_info 10003a60 f   c2_maneuvers2.obj
 0001:00002a80       _sf_c2_maneuvers2_updateBuildInfo_args_info 10003a80 f   c2_maneuvers2.obj
 0001:00002aa0       _sf_internal_get_sim_state_c2_maneuvers2 10003aa0 f   c2_maneuvers2.obj
 0001:00002d40       _sf_internal_set_sim_state_c2_maneuvers2 10003d40 f   c2_maneuvers2.obj
 0001:00003030       _c2_maneuvers2_method_dispatcher 10004030 f   c2_maneuvers2.obj
 0001:000042f0       _sf_process_check_sum_call 100052f0 f   maneuvers2_sfun_registry.obj
 0001:00004320       _sf_process_autoinheritance_call 10005320 f   maneuvers2_sfun_registry.obj
 0001:00004460       _sf_process_get_third_party_uses_info_call 10005460 f   maneuvers2_sfun_registry.obj
 0001:000045a0       _sf_process_get_updateBuildInfo_args_info_call 100055a0 f   maneuvers2_sfun_registry.obj
 0001:000046e0       _sf_process_get_eml_resolved_functions_info_call 100056e0 f   maneuvers2_sfun_registry.obj
 0001:00004800       _sf_mex_unlock_call        10005800 f   maneuvers2_sfun_registry.obj
 0001:00004890       _sf_machine_global_initializer_called 10005890 f   maneuvers2_sfun_registry.obj
 0001:000048b0       _sf_machine_global_method_dispatcher 100058b0 f   maneuvers2_sfun_registry.obj
 0001:000048f0       _sf_machine_global_terminator 100058f0 f   maneuvers2_sfun_registry.obj
 0001:00004930       _sf_register_machine_exported_symbols 10005930 f   maneuvers2_sfun_registry.obj
 0001:00004950       _callCustomFcn             10005950 f   maneuvers2_sfun_registry.obj
 0001:00004960       _sf_machine_global_initializer 10005960 f   maneuvers2_sfun_registry.obj
 0001:000049d0       _mdlGetSimState            100059d0 f   maneuvers2_sfun_registry.obj
 0001:00004a30       _mdlSetSimState            10005a30 f   maneuvers2_sfun_registry.obj
 0001:00004a60       __ssSetStateAbsTol         10005a60 f   maneuvers2_sfun_registry.obj
 0001:00004b00       __ssGetAbsTol              10005b00 f   maneuvers2_sfun_registry.obj
 0001:00004b50       __ssSetInputPortMatrixDimensions 10005b50 f   maneuvers2_sfun_registry.obj
 0001:00004c00       __ssSetOutputPortMatrixDimensions 10005c00 f   maneuvers2_sfun_registry.obj
 0001:00004cb0       __ssSetInputPortVectorDimension 10005cb0 f   maneuvers2_sfun_registry.obj
 0001:00004d30       __ssSetOutputPortVectorDimension 10005d30 f   maneuvers2_sfun_registry.obj
 0001:00004db0       _ssIsRunTimeParamTunable   10005db0 f   maneuvers2_sfun_registry.obj
 0001:00004e10       _ssGetSFuncBlockHandle     10005e10 f   maneuvers2_sfun_registry.obj
 0001:00004e60       __ssGetCurrentInputPortWidth 10005e60 f   maneuvers2_sfun_registry.obj
 0001:00004f30       __ssGetCurrentOutputPortWidth 10005f30 f   maneuvers2_sfun_registry.obj
 0001:00005000       __ssGetCallSystemNumFcnCallDestinations 10006000 f   maneuvers2_sfun_registry.obj
 0001:00005060       _ssWarning                 10006060 f   maneuvers2_sfun_registry.obj
 0001:00005140       _ssGetIsZeroCrossControlDisabled 10006140 f   maneuvers2_sfun_registry.obj
 0001:000051a0       _ssSetIsInputPortUsedForContZcSignal 100061a0 f   maneuvers2_sfun_registry.obj
 0001:000051f0       _ssSetZcSignalIsZcElementDisc 100061f0 f   maneuvers2_sfun_registry.obj
 0001:00005270       _ssSetZcSignalName         10006270 f   maneuvers2_sfun_registry.obj
 0001:000052c0       _ssSetZcSignalWidth        100062c0 f   maneuvers2_sfun_registry.obj
 0001:00005310       _ssSetZcSignalZcEventType  10006310 f   maneuvers2_sfun_registry.obj
 0001:00005360       _ssSetZcSignalType         10006360 f   maneuvers2_sfun_registry.obj
 0001:000053b0       _ssSetZcSignalZcTol        100063b0 f   maneuvers2_sfun_registry.obj
 0001:00005400       _ssSetZcSignalNeedsEventNotification 10006400 f   maneuvers2_sfun_registry.obj
 0001:00005450       _ssCreateAndAddZcSignalInfo 10006450 f   maneuvers2_sfun_registry.obj
 0001:000054b0       _ssCloneAndAddZcSignalInfo 100064b0 f   maneuvers2_sfun_registry.obj
 0001:00005510       _ssGetNumZcSignals         10006510 f   maneuvers2_sfun_registry.obj
 0001:00005570       _ssGetZcSignalVector       10006570 f   maneuvers2_sfun_registry.obj
 0001:000055d0       _ssGetZcSignalZcEvents     100065d0 f   maneuvers2_sfun_registry.obj
 0001:00005630       _ssGetZcSignalName         10006630 f   maneuvers2_sfun_registry.obj
 0001:00005690       _ssGetZcSignalWidth        10006690 f   maneuvers2_sfun_registry.obj
 0001:000056f0       _ssGetZcSignalZcEventType  100066f0 f   maneuvers2_sfun_registry.obj
 0001:00005750       _ssGetZcSignalType         10006750 f   maneuvers2_sfun_registry.obj
 0001:000057b0       _ssGetZcSignalZcTol        100067b0 f   maneuvers2_sfun_registry.obj
 0001:00005810       _ssGetZcSignalNeedsEventNotification 10006810 f   maneuvers2_sfun_registry.obj
 0001:00005870       _ssGetZcSignalIsZcElementDisc 10006870 f   maneuvers2_sfun_registry.obj
 0001:000058f0       _ssGetIsInputPortElementContinuous 100068f0 f   maneuvers2_sfun_registry.obj
 0001:00005970       __ssGetInputPortSignalPtrsFcn 10006970 f   maneuvers2_sfun_registry.obj
 0001:00005b70       __ssGetInputPortSignalFcn  10006b70 f   maneuvers2_sfun_registry.obj
 0001:00005d00       __ssSetInputPortDirectFeedThroughFcn 10006d00 f   maneuvers2_sfun_registry.obj
 0001:00005e30       __ssSetInputPortReusableFcn 10006e30 f   maneuvers2_sfun_registry.obj
 0001:00005ec0       __ssSetOutputPortReusableFcn 10006ec0 f   maneuvers2_sfun_registry.obj
 0001:00005f50       _ssGetDTypeIdFromMxArray   10006f50 f   maneuvers2_sfun_registry.obj
 0001:00006040       _ssWriteRTWStr             10007040 f   maneuvers2_sfun_registry.obj
 0001:00006080       _ssWriteRTWMxVectParam     10007080 f   maneuvers2_sfun_registry.obj
 0001:000060c0       _ssWriteRTWMx2dMatParam    100070c0 f   maneuvers2_sfun_registry.obj
 0001:00006100       _ssWriteRTWNameValuePair   10007100 f   maneuvers2_sfun_registry.obj
 0001:00006470       _ssWriteRTWParameters      10007470 f   maneuvers2_sfun_registry.obj
 0001:00006810       _ssWriteRTWParamSettings   10007810 f   maneuvers2_sfun_registry.obj
 0001:00006cc0       _ssWriteRTWWorkVect        10007cc0 f   maneuvers2_sfun_registry.obj
 0001:00007050       _mexFunction               10008050 f   maneuvers2_sfun_registry.obj
 0001:00008da0       _ProcessMexSfunctionEveryCall 10009da0 f   maneuvers2_sfun_registry.obj
 0001:00008ebe       _sf_debug_set_machine_data_thresholds 10009ebe f   sf_runtime:sf_runtime.dll
 0001:00008ec4       _sf_debug_set_machine_event_thresholds 10009ec4 f   sf_runtime:sf_runtime.dll
 0001:00008eca       _sf_debug_initialize_machine 10009eca f   sf_runtime:sf_runtime.dll
 0001:00008ed0       _sf_load_rtw_optimization_info 10009ed0 f   sf_runtime:sf_runtime.dll
 0001:00008ed6       _sf_mex_assign             10009ed6 f   sf_runtime:sf_runtime.dll
 0001:00008edc       _sf_mex_create             10009edc f   sf_runtime:sf_runtime.dll
 0001:00008ee2       _sf_mex_error_message      10009ee2 f   sf_runtime:sf_runtime.dll
 0001:00008ee8       _sf_mex_call_matlab        10009ee8 f   sf_runtime:sf_runtime.dll
 0001:00008eee       _sf_mex_setcell            10009eee f   sf_runtime:sf_runtime.dll
 0001:00008ef4       _sf_mex_createcellmatrix   10009ef4 f   sf_runtime:sf_runtime.dll
 0001:00008efa       _sf_mex_decode_encoded_mx_struct_array 10009efa f   sf_runtime:sf_runtime.dll
 0001:00008f00       _sf_mex_destroy            10009f00 f   sf_runtime:sf_runtime.dll
 0001:00008f06       _sf_mex_getcell            10009f06 f   sf_runtime:sf_runtime.dll
 0001:00008f0c       _sf_mex_dup                10009f0c f   sf_runtime:sf_runtime.dll
 0001:00008f12       _sf_mex_import             10009f12 f   sf_runtime:sf_runtime.dll
 0001:00008f18       _sf_set_rtw_dwork_info     10009f18 f   sf_runtime:sf_runtime.dll
 0001:00008f1e       _sf_mark_chart_reusable_outputs 10009f1e f   sf_runtime:sf_runtime.dll
 0001:00008f24       _sf_mark_chart_expressionable_inputs 10009f24 f   sf_runtime:sf_runtime.dll
 0001:00008f2a       _sf_update_buildInfo       10009f2a f   sf_runtime:sf_runtime.dll
 0001:00008f30       _sf_rtw_info_uint_prop     10009f30 f   sf_runtime:sf_runtime.dll
 0001:00008f36       _sf_is_chart_inlinable     10009f36 f   sf_runtime:sf_runtime.dll
 0001:00008f3c       _sim_mode_is_external      10009f3c f   sf_runtime:sf_runtime.dll
 0001:00008f42       _sim_mode_is_rtw_gen       10009f42 f   sf_runtime:sf_runtime.dll
 0001:00008f48       _sf_debug_reset_current_state_configuration 10009f48 f   sf_runtime:sf_runtime.dll
 0001:00008f4e       _sf_debug_set_instance_data_value_ptr 10009f4e f   sf_runtime:sf_runtime.dll
 0001:00008f54       _sf_debug_set_chart_data_compiled_props 10009f54 f   sf_runtime:sf_runtime.dll
 0001:00008f5a       _cv_eml_init_if            10009f5a f   sf_runtime:sf_runtime.dll
 0001:00008f60       _cv_eml_init_fcn           10009f60 f   sf_runtime:sf_runtime.dll
 0001:00008f66       _cv_eml_init_script        10009f66 f   sf_runtime:sf_runtime.dll
 0001:00008f6c       _sf_debug_cv_init_trans    10009f6c f   sf_runtime:sf_runtime.dll
 0001:00008f72       _sf_debug_cv_init_state    10009f72 f   sf_runtime:sf_runtime.dll
 0001:00008f78       _sf_debug_cv_init_chart    10009f78 f   sf_runtime:sf_runtime.dll
 0001:00008f7e       _sf_debug_set_chart_decomposition 10009f7e f   sf_runtime:sf_runtime.dll
 0001:00008f84       _sf_debug_set_chart_substate_count 10009f84 f   sf_runtime:sf_runtime.dll
 0001:00008f8a       _sf_debug_set_chart_state_info 10009f8a f   sf_runtime:sf_runtime.dll
 0001:00008f90       _sf_debug_set_chart_data_props 10009f90 f   sf_runtime:sf_runtime.dll
 0001:00008f96       _sf_debug_set_chart_event_thresholds 10009f96 f   sf_runtime:sf_runtime.dll
 0001:00008f9c       _sf_debug_set_chart_disable_implicit_casting 10009f9c f   sf_runtime:sf_runtime.dll
 0001:00008fa2       _sf_debug_initialize_chart 10009fa2 f   sf_runtime:sf_runtime.dll
 0001:00008fa8       _sf_get_time               10009fa8 f   sf_runtime:sf_runtime.dll
 0001:00008fae       _sf_debug_check_for_state_inconsistency 10009fae f   sf_runtime:sf_runtime.dll
 0001:00008fb4       _sf_debug_symbol_scope_pop 10009fb4 f   sf_runtime:sf_runtime.dll
 0001:00008fba       _eml_debug_line_call       10009fba f   sf_runtime:sf_runtime.dll
 0001:00008fc0       _cv_eml_eval               10009fc0 f   sf_runtime:sf_runtime.dll
 0001:00008fc6       _sf_debug_symbol_scope_add_eml 10009fc6 f   sf_runtime:sf_runtime.dll
 0001:00008fcc       _sf_debug_symbol_scope_add_eml_importable 10009fcc f   sf_runtime:sf_runtime.dll
 0001:00008fd2       _sf_debug_symbol_scope_push_eml 10009fd2 f   sf_runtime:sf_runtime.dll
 0001:00008fd8       _sf_debug_data_range_wrapper 10009fd8 f   sf_runtime:sf_runtime.dll
 0001:00008fde       _sf_debug_call             10009fde f   sf_runtime:sf_runtime.dll
 0001:00008fe4       _sf_debug_symbol_scope_push 10009fe4 f   sf_runtime:sf_runtime.dll
 0001:00008fea       _sf_clear_rtw_identifier   10009fea f   sf_runtime:sf_runtime.dll
 0001:00008ff0       _sf_debug_terminate        10009ff0 f   sf_runtime:sf_runtime.dll
 0001:00008ff6       _sf_debug_create_debug_instance_struct 10009ff6 f   sf_runtime:sf_runtime.dll
 0001:00008ffe       _sf_debug_api              10009ffe f   sf_runtime:sf_runtime.dll
 0001:00009004       _callMdlMethodAndReportError 1000a004 f   sf_runtime:sf_runtime.dll
 0001:0000900a       _call_sf_machine_global_method_dispatcher 1000a00a f   sf_runtime:sf_runtime.dll
 0001:00009010       _sf_clear_error_manager_info 1000a010 f   sf_runtime:sf_runtime.dll
 0001:00009016       _sf_mex_error_direct_call  1000a016 f   sf_runtime:sf_runtime.dll
 0001:0000901c       _mxGetScalar               1000a01c f   libmx:libmx.dll
 0001:00009022       _mxGetPr                   1000a022 f   libmx:libmx.dll
 0001:00009028       _mxCreateDoubleMatrix_730  1000a028 f   libmx:libmx.dll
 0001:0000902e       _mxGetString_730           1000a02e f   libmx:libmx.dll
 0001:00009034       _mxIsChar                  1000a034 f   libmx:libmx.dll
 0001:0000903a       _mxDestroyArray            1000a03a f   libmx:libmx.dll
 0001:00009040       _mxDuplicateArray          1000a040 f   libmx:libmx.dll
 0001:00009046       _mxCreateDoubleScalar      1000a046 f   libmx:libmx.dll
 0001:0000904c       _mxSetField_730            1000a04c f   libmx:libmx.dll
 0001:00009052       _mxCreateString            1000a052 f   libmx:libmx.dll
 0001:00009058       _mxCreateStructMatrix_730  1000a058 f   libmx:libmx.dll
 0001:0000905e       _mxCreateCellMatrix_730    1000a05e f   libmx:libmx.dll
 0001:00009064       _mxGetClassID              1000a064 f   libmx:libmx.dll
 0001:0000906a       _mxIsNumeric               1000a06a f   libmx:libmx.dll
 0001:00009070       _mxIsComplex               1000a070 f   libmx:libmx.dll
 0001:00009076       _mxGetN                    1000a076 f   libmx:libmx.dll
 0001:0000907c       _mxGetM                    1000a07c f   libmx:libmx.dll
 0001:00009082       _mxCalloc                  1000a082 f   libmx:libmx.dll
 0001:00009088       _mexMakeArrayPersistent    1000a088 f   libmex:libmex.dll
 0001:0000908e       _mexUnlock                 1000a08e f   libmex:libmex.dll
 0001:00009094       _mexIsLocked               1000a094 f   libmex:libmex.dll
 0001:0000909a       _mexWarnMsgTxt             1000a09a f   libmex:libmex.dll
 0001:000090a0       _mexCallMATLAB             1000a0a0 f   libmex:libmex.dll
 0001:000090a6       _mexErrMsgTxt              1000a0a6 f   libmex:libmex.dll
 0001:000090ac       _mexLock                   1000a0ac f   libmex:libmex.dll
 0001:000090b2       _utMalloc                  1000a0b2 f   libut:libut.dll
 0001:000090b8       _utFree                    1000a0b8 f   libut:libut.dll
 0001:000090be       _strcmp                    1000a0be f   MSVCRT:MSVCR100.dll
 0001:000090d0       @__security_check_cookie@4 1000a0d0 f   MSVCRT:secchk.obj
 0001:000090e0       _memset                    1000a0e0 f   MSVCRT:MSVCR100.dll
 0001:000090e6       _free                      1000a0e6 f   MSVCRT:MSVCR100.dll
 0001:000090ec       _sprintf                   1000a0ec f   MSVCRT:MSVCR100.dll
 0001:000090f2       _malloc                    1000a0f2 f   MSVCRT:MSVCR100.dll
 0001:000090f8       _strlen                    1000a0f8 f   MSVCRT:MSVCR100.dll
 0001:000090fe       _strcat                    1000a0fe f   MSVCRT:MSVCR100.dll
 0001:00009110       __ftol2_sse                1000a110 f   MSVCRT:ftol2.obj
 0001:00009119       __ftol2_pentium4           1000a119 f   MSVCRT:ftol2.obj
 0001:0000912c       __ftol2_sse_excpt          1000a12c f   MSVCRT:ftol2.obj
 0001:00009146       __ftol2                    1000a146 f   MSVCRT:ftol2.obj
 0001:000091bc       _memcpy                    1000a1bc f   MSVCRT:MSVCR100.dll
 0001:000091c2       _NtCurrentTeb              1000a1c2 f i MSVCRT:crtdll.obj
 0001:00009217       __CRT_INIT@12              1000a217 f   MSVCRT:crtdll.obj
 0001:00009537       __DllMainCRTStartup@12     1000a537 f   MSVCRT:crtdll.obj
 0001:0000955a       ___report_gsfailure        1000a55a f   MSVCRT:gs_report.obj
 0001:00009660       ___sse2_available_init     1000a660 f   MSVCRT:cpu_disp.obj
 0001:00009670       ___clean_type_info_names   1000a670 f   MSVCRT:tncleanup.obj
 0001:0000967c       __onexit                   1000a67c f   MSVCRT:atonexit.obj
 0001:0000971d       _atexit                    1000a71d f   MSVCRT:atonexit.obj
 0001:00009734       __RTC_Initialize           1000a734 f   MSVCRT:_initsect_.obj
 0001:0000975a       __RTC_Terminate            1000a75a f   MSVCRT:_initsect_.obj
 0001:00009780       __malloc_crt               1000a780 f   MSVCRT:MSVCR100.dll
 0001:00009786       __encoded_null             1000a786 f   MSVCRT:MSVCR100.dll
 0001:00009790       __ValidateImageBase        1000a790 f   MSVCRT:pesect.obj
 0001:000097d0       __FindPESection            1000a7d0 f   MSVCRT:pesect.obj
 0001:00009820       __IsNonwritableInCurrentImage 1000a820 f   MSVCRT:pesect.obj
 0001:000098dc       __initterm                 1000a8dc f   MSVCRT:MSVCR100.dll
 0001:000098e2       __initterm_e               1000a8e2 f   MSVCRT:MSVCR100.dll
 0001:000098e8       __amsg_exit                1000a8e8 f   MSVCRT:MSVCR100.dll
 0001:000098ee       ___CppXcptFilter           1000a8ee f   MSVCRT:MSVCR100.dll
 0001:000098f4       _DllMain@12                1000a8f4 f   MSVCRT:dllmain.obj
 0001:00009920       __SEH_prolog4              1000a920 f   MSVCRT:sehprolg4.obj
 0001:00009965       __SEH_epilog4              1000a965 f   MSVCRT:sehprolg4.obj
 0001:00009979       __except_handler4          1000a979 f   MSVCRT:chandler4gs.obj
 0001:0000999e       ___security_init_cookie    1000a99e f   MSVCRT:gs_support.obj
 0001:00009a3a       __crt_debugger_hook        1000aa3a f   MSVCRT:MSVCR100.dll
 0001:00009a40       ___clean_type_info_names_internal 1000aa40 f   MSVCRT:MSVCR100.dll
 0001:00009a46       __unlock                   1000aa46 f   MSVCRT:MSVCR100.dll
 0001:00009a4c       ___dllonexit               1000aa4c f   MSVCRT:MSVCR100.dll
 0001:00009a52       __lock                     1000aa52 f   MSVCRT:MSVCR100.dll
 0001:00009a58       __except_handler4_common   1000aa58 f   MSVCRT:MSVCR100.dll
 0001:00009a5e       _EncodePointer@4           1000aa5e f   kernel32:KERNEL32.dll
 0001:00009a64       _DecodePointer@4           1000aa64 f   kernel32:KERNEL32.dll
 0001:00009a6a       _InterlockedExchange@8     1000aa6a f   kernel32:KERNEL32.dll
 0001:00009a70       _Sleep@4                   1000aa70 f   kernel32:KERNEL32.dll
 0001:00009a76       _InterlockedCompareExchange@12 1000aa76 f   kernel32:KERNEL32.dll
 0001:00009a7c       _TerminateProcess@8        1000aa7c f   kernel32:KERNEL32.dll
 0001:00009a82       _GetCurrentProcess@0       1000aa82 f   kernel32:KERNEL32.dll
 0001:00009a88       _UnhandledExceptionFilter@4 1000aa88 f   kernel32:KERNEL32.dll
 0001:00009a8e       _SetUnhandledExceptionFilter@4 1000aa8e f   kernel32:KERNEL32.dll
 0001:00009a94       _IsDebuggerPresent@0       1000aa94 f   kernel32:KERNEL32.dll
 0001:00009a9a       _IsProcessorFeaturePresent@4 1000aa9a f   kernel32:KERNEL32.dll
 0001:00009aa0       _DisableThreadLibraryCalls@4 1000aaa0 f   kernel32:KERNEL32.dll
 0001:00009aa6       _QueryPerformanceCounter@4 1000aaa6 f   kernel32:KERNEL32.dll
 0001:00009aac       _GetTickCount@0            1000aaac f   kernel32:KERNEL32.dll
 0001:00009ab2       _GetCurrentThreadId@0      1000aab2 f   kernel32:KERNEL32.dll
 0001:00009ab8       _GetCurrentProcessId@0     1000aab8 f   kernel32:KERNEL32.dll
 0001:00009abe       _GetSystemTimeAsFileTime@4 1000aabe f   kernel32:KERNEL32.dll
 0002:00000000       __imp__GetSystemTimeAsFileTime@4 1000b000     kernel32:KERNEL32.dll
 0002:00000004       __imp__GetCurrentProcessId@0 1000b004     kernel32:KERNEL32.dll
 0002:00000008       __imp__GetCurrentThreadId@0 1000b008     kernel32:KERNEL32.dll
 0002:0000000c       __imp__GetTickCount@0      1000b00c     kernel32:KERNEL32.dll
 0002:00000010       __imp__QueryPerformanceCounter@4 1000b010     kernel32:KERNEL32.dll
 0002:00000014       __imp__DisableThreadLibraryCalls@4 1000b014     kernel32:KERNEL32.dll
 0002:00000018       __imp__IsProcessorFeaturePresent@4 1000b018     kernel32:KERNEL32.dll
 0002:0000001c       __imp__IsDebuggerPresent@0 1000b01c     kernel32:KERNEL32.dll
 0002:00000020       __imp__SetUnhandledExceptionFilter@4 1000b020     kernel32:KERNEL32.dll
 0002:00000024       __imp__UnhandledExceptionFilter@4 1000b024     kernel32:KERNEL32.dll
 0002:00000028       __imp__GetCurrentProcess@0 1000b028     kernel32:KERNEL32.dll
 0002:0000002c       __imp__TerminateProcess@8  1000b02c     kernel32:KERNEL32.dll
 0002:00000030       __imp__InterlockedCompareExchange@12 1000b030     kernel32:KERNEL32.dll
 0002:00000034       __imp__Sleep@4             1000b034     kernel32:KERNEL32.dll
 0002:00000038       __imp__InterlockedExchange@8 1000b038     kernel32:KERNEL32.dll
 0002:0000003c       __imp__DecodePointer@4     1000b03c     kernel32:KERNEL32.dll
 0002:00000040       __imp__EncodePointer@4     1000b040     kernel32:KERNEL32.dll
 0002:00000044       \177KERNEL32_NULL_THUNK_DATA 1000b044     kernel32:KERNEL32.dll
 0002:00000048       __imp___except_handler4_common 1000b048     MSVCRT:MSVCR100.dll
 0002:0000004c       __imp___onexit             1000b04c     MSVCRT:MSVCR100.dll
 0002:00000050       __imp___lock               1000b050     MSVCRT:MSVCR100.dll
 0002:00000054       __imp____dllonexit         1000b054     MSVCRT:MSVCR100.dll
 0002:00000058       __imp___unlock             1000b058     MSVCRT:MSVCR100.dll
 0002:0000005c       __imp____clean_type_info_names_internal 1000b05c     MSVCRT:MSVCR100.dll
 0002:00000060       __imp___crt_debugger_hook  1000b060     MSVCRT:MSVCR100.dll
 0002:00000064       __imp____CppXcptFilter     1000b064     MSVCRT:MSVCR100.dll
 0002:00000068       __imp___amsg_exit          1000b068     MSVCRT:MSVCR100.dll
 0002:0000006c       __imp___initterm_e         1000b06c     MSVCRT:MSVCR100.dll
 0002:00000070       __imp___initterm           1000b070     MSVCRT:MSVCR100.dll
 0002:00000074       __imp___encoded_null       1000b074     MSVCRT:MSVCR100.dll
 0002:00000078       __imp___malloc_crt         1000b078     MSVCRT:MSVCR100.dll
 0002:0000007c       __imp__memcpy              1000b07c     MSVCRT:MSVCR100.dll
 0002:00000080       __imp__strcat              1000b080     MSVCRT:MSVCR100.dll
 0002:00000084       __imp__strlen              1000b084     MSVCRT:MSVCR100.dll
 0002:00000088       __imp__malloc              1000b088     MSVCRT:MSVCR100.dll
 0002:0000008c       __imp__sprintf             1000b08c     MSVCRT:MSVCR100.dll
 0002:00000090       __imp__free                1000b090     MSVCRT:MSVCR100.dll
 0002:00000094       __imp__memset              1000b094     MSVCRT:MSVCR100.dll
 0002:00000098       __imp__strcmp              1000b098     MSVCRT:MSVCR100.dll
 0002:0000009c       \177MSVCR100_NULL_THUNK_DATA 1000b09c     MSVCRT:MSVCR100.dll
 0002:000000a0       __imp__mexLock             1000b0a0     libmex:libmex.dll
 0002:000000a4       __imp__mexErrMsgTxt        1000b0a4     libmex:libmex.dll
 0002:000000a8       __imp__mexCallMATLAB       1000b0a8     libmex:libmex.dll
 0002:000000ac       __imp__mexWarnMsgTxt       1000b0ac     libmex:libmex.dll
 0002:000000b0       __imp__mexIsLocked         1000b0b0     libmex:libmex.dll
 0002:000000b4       __imp__mexUnlock           1000b0b4     libmex:libmex.dll
 0002:000000b8       __imp__mexMakeArrayPersistent 1000b0b8     libmex:libmex.dll
 0002:000000bc       \177libmex_NULL_THUNK_DATA 1000b0bc     libmex:libmex.dll
 0002:000000c0       __imp__mxCalloc            1000b0c0     libmx:libmx.dll
 0002:000000c4       __imp__mxGetM              1000b0c4     libmx:libmx.dll
 0002:000000c8       __imp__mxGetN              1000b0c8     libmx:libmx.dll
 0002:000000cc       __imp__mxIsComplex         1000b0cc     libmx:libmx.dll
 0002:000000d0       __imp__mxIsNumeric         1000b0d0     libmx:libmx.dll
 0002:000000d4       __imp__mxGetClassID        1000b0d4     libmx:libmx.dll
 0002:000000d8       __imp__mxCreateCellMatrix_730 1000b0d8     libmx:libmx.dll
 0002:000000dc       __imp__mxCreateStructMatrix_730 1000b0dc     libmx:libmx.dll
 0002:000000e0       __imp__mxCreateString      1000b0e0     libmx:libmx.dll
 0002:000000e4       __imp__mxSetField_730      1000b0e4     libmx:libmx.dll
 0002:000000e8       __imp__mxGetScalar         1000b0e8     libmx:libmx.dll
 0002:000000ec       __imp__mxGetPr             1000b0ec     libmx:libmx.dll
 0002:000000f0       __imp__mxCreateDoubleMatrix_730 1000b0f0     libmx:libmx.dll
 0002:000000f4       __imp__mxGetString_730     1000b0f4     libmx:libmx.dll
 0002:000000f8       __imp__mxIsChar            1000b0f8     libmx:libmx.dll
 0002:000000fc       __imp__mxDestroyArray      1000b0fc     libmx:libmx.dll
 0002:00000100       __imp__mxDuplicateArray    1000b100     libmx:libmx.dll
 0002:00000104       __imp__mxCreateDoubleScalar 1000b104     libmx:libmx.dll
 0002:00000108       \177libmx_NULL_THUNK_DATA  1000b108     libmx:libmx.dll
 0002:0000010c       __imp__utMalloc            1000b10c     libut:libut.dll
 0002:00000110       __imp__utFree              1000b110     libut:libut.dll
 0002:00000114       \177libut_NULL_THUNK_DATA  1000b114     libut:libut.dll
 0002:00000118       __imp__call_sf_machine_global_method_dispatcher 1000b118     sf_runtime:sf_runtime.dll
 0002:0000011c       __imp__callMdlMethodAndReportError 1000b11c     sf_runtime:sf_runtime.dll
 0002:00000120       __imp__sf_debug_api        1000b120     sf_runtime:sf_runtime.dll
 0002:00000124       __imp__sf_debug_create_debug_instance_struct 1000b124     sf_runtime:sf_runtime.dll
 0002:00000128       __imp__sf_debug_terminate  1000b128     sf_runtime:sf_runtime.dll
 0002:0000012c       __imp__sf_clear_rtw_identifier 1000b12c     sf_runtime:sf_runtime.dll
 0002:00000130       __imp__sf_debug_symbol_scope_push 1000b130     sf_runtime:sf_runtime.dll
 0002:00000134       __imp__sf_clear_error_manager_info 1000b134     sf_runtime:sf_runtime.dll
 0002:00000138       __imp__sf_debug_data_range_wrapper 1000b138     sf_runtime:sf_runtime.dll
 0002:0000013c       __imp__sf_debug_symbol_scope_push_eml 1000b13c     sf_runtime:sf_runtime.dll
 0002:00000140       __imp__sf_debug_symbol_scope_add_eml_importable 1000b140     sf_runtime:sf_runtime.dll
 0002:00000144       __imp__sf_debug_symbol_scope_add_eml 1000b144     sf_runtime:sf_runtime.dll
 0002:00000148       __imp__cv_eml_eval         1000b148     sf_runtime:sf_runtime.dll
 0002:0000014c       __imp__eml_debug_line_call 1000b14c     sf_runtime:sf_runtime.dll
 0002:00000150       __imp__sf_debug_symbol_scope_pop 1000b150     sf_runtime:sf_runtime.dll
 0002:00000154       __imp__sf_debug_check_for_state_inconsistency 1000b154     sf_runtime:sf_runtime.dll
 0002:00000158       __imp__sf_mex_error_direct_call 1000b158     sf_runtime:sf_runtime.dll
 0002:0000015c       __imp__sf_debug_call       1000b15c     sf_runtime:sf_runtime.dll
 0002:00000160       __imp__sf_get_time         1000b160     sf_runtime:sf_runtime.dll
 0002:00000164       __imp__sf_debug_initialize_chart 1000b164     sf_runtime:sf_runtime.dll
 0002:00000168       __imp__sf_debug_set_chart_disable_implicit_casting 1000b168     sf_runtime:sf_runtime.dll
 0002:0000016c       __imp__sf_debug_set_chart_event_thresholds 1000b16c     sf_runtime:sf_runtime.dll
 0002:00000170       __imp__sf_debug_set_chart_data_props 1000b170     sf_runtime:sf_runtime.dll
 0002:00000174       __imp__sf_debug_set_chart_state_info 1000b174     sf_runtime:sf_runtime.dll
 0002:00000178       __imp__sf_debug_set_chart_substate_count 1000b178     sf_runtime:sf_runtime.dll
 0002:0000017c       __imp__sf_debug_set_chart_decomposition 1000b17c     sf_runtime:sf_runtime.dll
 0002:00000180       __imp__sf_debug_cv_init_chart 1000b180     sf_runtime:sf_runtime.dll
 0002:00000184       __imp__sf_debug_cv_init_state 1000b184     sf_runtime:sf_runtime.dll
 0002:00000188       __imp__sf_debug_cv_init_trans 1000b188     sf_runtime:sf_runtime.dll
 0002:0000018c       __imp__cv_eml_init_script  1000b18c     sf_runtime:sf_runtime.dll
 0002:00000190       __imp__cv_eml_init_fcn     1000b190     sf_runtime:sf_runtime.dll
 0002:00000194       __imp__cv_eml_init_if      1000b194     sf_runtime:sf_runtime.dll
 0002:00000198       __imp__sf_debug_set_chart_data_compiled_props 1000b198     sf_runtime:sf_runtime.dll
 0002:0000019c       __imp__sf_debug_set_instance_data_value_ptr 1000b19c     sf_runtime:sf_runtime.dll
 0002:000001a0       __imp__sf_debug_reset_current_state_configuration 1000b1a0     sf_runtime:sf_runtime.dll
 0002:000001a4       __imp__sim_mode_is_rtw_gen 1000b1a4     sf_runtime:sf_runtime.dll
 0002:000001a8       __imp__sim_mode_is_external 1000b1a8     sf_runtime:sf_runtime.dll
 0002:000001ac       __imp__sf_is_chart_inlinable 1000b1ac     sf_runtime:sf_runtime.dll
 0002:000001b0       __imp__sf_rtw_info_uint_prop 1000b1b0     sf_runtime:sf_runtime.dll
 0002:000001b4       __imp__sf_update_buildInfo 1000b1b4     sf_runtime:sf_runtime.dll
 0002:000001b8       __imp__sf_mark_chart_expressionable_inputs 1000b1b8     sf_runtime:sf_runtime.dll
 0002:000001bc       __imp__sf_mark_chart_reusable_outputs 1000b1bc     sf_runtime:sf_runtime.dll
 0002:000001c0       __imp__sf_set_rtw_dwork_info 1000b1c0     sf_runtime:sf_runtime.dll
 0002:000001c4       __imp__sf_mex_import       1000b1c4     sf_runtime:sf_runtime.dll
 0002:000001c8       __imp__sf_mex_dup          1000b1c8     sf_runtime:sf_runtime.dll
 0002:000001cc       __imp__sf_mex_getcell      1000b1cc     sf_runtime:sf_runtime.dll
 0002:000001d0       __imp__sf_mex_destroy      1000b1d0     sf_runtime:sf_runtime.dll
 0002:000001d4       __imp__sf_mex_decode_encoded_mx_struct_array 1000b1d4     sf_runtime:sf_runtime.dll
 0002:000001d8       __imp__sf_mex_createcellmatrix 1000b1d8     sf_runtime:sf_runtime.dll
 0002:000001dc       __imp__sf_mex_setcell      1000b1dc     sf_runtime:sf_runtime.dll
 0002:000001e0       __imp__sf_mex_call_matlab  1000b1e0     sf_runtime:sf_runtime.dll
 0002:000001e4       __imp__sf_mex_error_message 1000b1e4     sf_runtime:sf_runtime.dll
 0002:000001e8       __imp__sf_mex_create       1000b1e8     sf_runtime:sf_runtime.dll
 0002:000001ec       __imp__sf_mex_assign       1000b1ec     sf_runtime:sf_runtime.dll
 0002:000001f0       __imp__sf_load_rtw_optimization_info 1000b1f0     sf_runtime:sf_runtime.dll
 0002:000001f4       __imp__sf_debug_initialize_machine 1000b1f4     sf_runtime:sf_runtime.dll
 0002:000001f8       __imp__sf_debug_set_machine_event_thresholds 1000b1f8     sf_runtime:sf_runtime.dll
 0002:000001fc       __imp__sf_debug_set_machine_data_thresholds 1000b1fc     sf_runtime:sf_runtime.dll
 0002:00000200       \177sf_runtime_NULL_THUNK_DATA 1000b200     sf_runtime:sf_runtime.dll
 0002:00000204       ___xc_a                    1000b204     MSVCRT:cinitexe.obj
 0002:00000208       ___xc_z                    1000b208     MSVCRT:cinitexe.obj
 0002:0000020c       ___xi_a                    1000b20c     MSVCRT:cinitexe.obj
 0002:00000218       ___xi_z                    1000b218     MSVCRT:cinitexe.obj
 0002:00000220       __real@41ee0c82a3a00000    1000b220     maneuvers2_sfun.obj
 0002:00000228       __real@4196253d68000000    1000b228     maneuvers2_sfun.obj
 0002:00000230       __real@41dbb7c430000000    1000b230     maneuvers2_sfun.obj
 0002:00000238       __real@41e6b2d1f9e00000    1000b238     maneuvers2_sfun.obj
 0002:00000240       __real@41d187d0c8400000    1000b240     maneuvers2_sfun.obj
 0002:00000248       __real@41cff744e8000000    1000b248     maneuvers2_sfun.obj
 0002:00000250       __real@41b7e1066f000000    1000b250     maneuvers2_sfun.obj
 0002:00000258       __real@41c845d7be800000    1000b258     maneuvers2_sfun.obj
 0002:00000260       __real@41ee8a1bd5800000    1000b260     maneuvers2_sfun.obj
 0002:00000268       __real@41ca1b7761800000    1000b268     maneuvers2_sfun.obj
 0002:00000270       __real@41e6a8ef75000000    1000b270     maneuvers2_sfun.obj
 0002:00000278       __real@41eb2ef00a400000    1000b278     maneuvers2_sfun.obj
 0002:00000280       __real@0000000000000000    1000b280     maneuvers2_sfun.obj
 0002:00000288       __real@41e855bfed600000    1000b288     maneuvers2_sfun.obj
 0002:00000290       __real@41e95b6fcc600000    1000b290     maneuvers2_sfun.obj
 0002:00000298       __real@41d8326096000000    1000b298     maneuvers2_sfun.obj
 0002:000002a0       __real@41ddbcdd21800000    1000b2a0     maneuvers2_sfun.obj
 0002:000002a8       __real@41dca32ab3800000    1000b2a8     c1_maneuvers2.obj
 0002:000002b0       __real@41d552dc97400000    1000b2b0     c1_maneuvers2.obj
 0002:000002b8       __real@41df65f1fd800000    1000b2b8     c1_maneuvers2.obj
 0002:000002c0       __real@41df0d06fd800000    1000b2c0     c1_maneuvers2.obj
 0002:000002c8       __real@4024000000000000    1000b2c8     c1_maneuvers2.obj
 0002:000002d0       __real@3ff0000000000000    1000b2d0     c1_maneuvers2.obj
 0002:000002d8       __real@3ff0cccccccccccd    1000b2d8     c1_maneuvers2.obj
 0002:000002e0       __real@3fd3333333333333    1000b2e0     c1_maneuvers2.obj
 0002:000002e8       __real@3ff8000000000000    1000b2e8     c1_maneuvers2.obj
 0002:000002f0       _DYNAMIC_DIMENSION_DEF     1000b2f0     maneuvers2_sfun_registry.obj
 0002:00000300       __ssBadLevel2InputAccessMsg 1000b300     maneuvers2_sfun_registry.obj
 0002:00000488       __ssBadLevel2DirectFeedMsg 1000b488     maneuvers2_sfun_registry.obj
 0002:000005c8       __ssBadLevel2DirectFeedSolutionMsg 1000b5c8     maneuvers2_sfun_registry.obj
 0002:00000638       __ssBadLevel2ZeroDirectFeedMsg 1000b638     maneuvers2_sfun_registry.obj
 0002:00000778       __ssBadLevel2ZeroDirectFeedMsg2 1000b778     maneuvers2_sfun_registry.obj
 0002:00000860       __real@bff0000000000000    1000b860     maneuvers2_sfun_registry.obj
 0002:00000868       __real@4153d65940000000    1000b868     maneuvers2_sfun_registry.obj
 0002:00000870       __pRawDllMain              1000b870     MSVCRT:crtdll.obj
 0002:00000870       __pDefaultRawDllMain       1000b870     MSVCRT:crtdll.obj
 0002:0000087c       ?ProcessDetach@NativeDll@<CrtImplementationDetails>@@0IB 1000b87c     MSVCRT:tncleanup.obj
 0002:00000880       ?ProcessAttach@NativeDll@<CrtImplementationDetails>@@0IB 1000b880     MSVCRT:tncleanup.obj
 0002:00000884       ?ThreadAttach@NativeDll@<CrtImplementationDetails>@@0IB 1000b884     MSVCRT:tncleanup.obj
 0002:00000888       ?ThreadDetach@NativeDll@<CrtImplementationDetails>@@0IB 1000b888     MSVCRT:tncleanup.obj
 0002:0000088c       ?ProcessVerifier@NativeDll@<CrtImplementationDetails>@@0IB 1000b88c     MSVCRT:tncleanup.obj
 0002:00000890       __load_config_used         1000b890     MSVCRT:loadcfg.obj
 0002:000008e0       ___safe_se_handler_table   1000b8e0     <linker-defined>
 0002:000008e4       ___rtc_iaa                 1000b8e4     MSVCRT:_initsect_.obj
 0002:000008e8       ___rtc_izz                 1000b8e8     MSVCRT:_initsect_.obj
 0002:000008ec       ___rtc_taa                 1000b8ec     MSVCRT:_initsect_.obj
 0002:000008f0       ___rtc_tzz                 1000b8f0     MSVCRT:_initsect_.obj
 0002:0000095c       __IMPORT_DESCRIPTOR_sf_runtime 1000b95c     sf_runtime:sf_runtime.dll
 0002:00000970       __IMPORT_DESCRIPTOR_libmx  1000b970     libmx:libmx.dll
 0002:00000984       __IMPORT_DESCRIPTOR_libmex 1000b984     libmex:libmex.dll
 0002:00000998       __IMPORT_DESCRIPTOR_libut  1000b998     libut:libut.dll
 0002:000009ac       __IMPORT_DESCRIPTOR_MSVCR100 1000b9ac     MSVCRT:MSVCR100.dll
 0002:000009c0       __IMPORT_DESCRIPTOR_KERNEL32 1000b9c0     kernel32:KERNEL32.dll
 0002:000009d4       __NULL_IMPORT_DESCRIPTOR   1000b9d4     sf_runtime:sf_runtime.dll
 0003:00000cf8       _DYNAMIC_DIMENSION         1000dcf8     maneuvers2_sfun_registry.obj
 0003:00001884       ___security_cookie         1000e884     MSVCRT:gs_cookie.obj
 0003:00001888       ___security_cookie_complement 1000e888     MSVCRT:gs_cookie.obj
 0003:00001890       ___native_dllmain_reason   1000e890     MSVCRT:natstart.obj
 0003:00001894       ___native_vcclrit_reason   1000e894     MSVCRT:natstart.obj
 0003:00001980       _sfGlobalDebugInstanceStruct 1000e980     maneuvers2_sfun_registry.obj
 0003:00001cb4       ?__type_info_root_node@@3U__type_info_node@@A 1000ecb4     MSVCRT:tncleanup.obj
 0003:00001cbc       __maneuvers2MachineNumber_ 1000ecbc     <common>
 0003:00001cc0       ___native_startup_state    1000ecc0     <common>
 0003:00001cc4       ___native_startup_lock     1000ecc4     <common>
 0003:00001cc8       ___onexitend               1000ecc8     <common>
 0003:00001ccc       ___onexitbegin             1000eccc     <common>
 0003:00001cd0       ___sse2_available          1000ecd0     <common>
 0003:00001cd4       ___dyn_tls_init_callback   1000ecd4     <common>

 entry point at        0001:00009537

 Static symbols

 0001:00000f30       _get_sim_state_c1_maneuvers2 10001f30 f   c1_maneuvers2.obj
 0001:00001050       _sf_get_sim_state_info_c1_maneuvers2 10002050 f   c1_maneuvers2.obj
 0001:000011d0       _set_sim_state_c1_maneuvers2 100021d0 f   c1_maneuvers2.obj
 0001:00001290       _c1_update_debugger_state_c1_maneuvers2 10002290 f   c1_maneuvers2.obj
 0001:000012a0       _c1_emlrt_marshallIn       100022a0 f   c1_maneuvers2.obj
 0001:000012f0       _c1_b_emlrt_marshallIn     100022f0 f   c1_maneuvers2.obj
 0001:00001340       _c1_d_emlrt_marshallIn     10002340 f   c1_maneuvers2.obj
 0001:00001390       _c1_e_emlrt_marshallIn     10002390 f   c1_maneuvers2.obj
 0001:00001440       _mdlProcessParameters_c1_maneuvers2 10002440 f   c1_maneuvers2.obj
 0001:000014f0       _initialize_params_c1_maneuvers2 100024f0 f   c1_maneuvers2.obj
 0001:00001500       _mdlSetWorkWidths_c1_maneuvers2 10002500 f   c1_maneuvers2.obj
 0001:00001880       _sf_get_instance_specialization 10002880 f   c1_maneuvers2.obj
 0001:00001890       _mdlStart_c1_maneuvers2    10002890 f   c1_maneuvers2.obj
 0001:00001a30       _init_dsm_address_info     10002a30 f   c1_maneuvers2.obj
 0001:00001a40       _chart_debug_initialization 10002a40 f   c1_maneuvers2.obj
 0001:00001ec0       _init_script_number_translation 10002ec0 f   c1_maneuvers2.obj
 0001:00001ed0       _c1_sf_marshallOut         10002ed0 f   c1_maneuvers2.obj
 0001:00001f50       _c1_sf_marshallIn          10002f50 f   c1_maneuvers2.obj
 0001:00001fd0       _sf_opaque_initialize_c1_maneuvers2 10002fd0 f   c1_maneuvers2.obj
 0001:00002000       _initialize_c1_maneuvers2  10003000 f   c1_maneuvers2.obj
 0001:00002030       _sf_opaque_enable_c1_maneuvers2 10003030 f   c1_maneuvers2.obj
 0001:00002050       _enable_c1_maneuvers2      10003050 f   c1_maneuvers2.obj
 0001:00002070       _sf_opaque_disable_c1_maneuvers2 10003070 f   c1_maneuvers2.obj
 0001:00002090       _disable_c1_maneuvers2     10003090 f   c1_maneuvers2.obj
 0001:000020b0       _sf_opaque_gateway_c1_maneuvers2 100030b0 f   c1_maneuvers2.obj
 0001:000020d0       _sf_gateway_c1_maneuvers2  100030d0 f   c1_maneuvers2.obj
 0001:00002560       _sf_opaque_get_sim_state_c1_maneuvers2 10003560 f   c1_maneuvers2.obj
 0001:00002580       _sf_opaque_set_sim_state_c1_maneuvers2 10003580 f   c1_maneuvers2.obj
 0001:000025a0       _sf_opaque_terminate_c1_maneuvers2 100035a0 f   c1_maneuvers2.obj
 0001:00002630       _finalize_c1_maneuvers2    10003630 f   c1_maneuvers2.obj
 0001:00002640       _sf_opaque_init_subchart_simstructs 10003640 f   c1_maneuvers2.obj
 0001:00002660       _initSimStructsc1_maneuvers2 10003660 f   c1_maneuvers2.obj
 0001:00002670       _mdlRTW_c1_maneuvers2      10003670 f   c1_maneuvers2.obj
 0001:00002b80       _get_sim_state_c2_maneuvers2 10003b80 f   c2_maneuvers2.obj
 0001:00002ca0       _sf_get_sim_state_info_c2_maneuvers2 10003ca0 f   c2_maneuvers2.obj
 0001:00002e20       _set_sim_state_c2_maneuvers2 10003e20 f   c2_maneuvers2.obj
 0001:00002ee0       _c2_update_debugger_state_c2_maneuvers2 10003ee0 f   c2_maneuvers2.obj
 0001:00002ef0       _c2_emlrt_marshallIn       10003ef0 f   c2_maneuvers2.obj
 0001:00002f40       _c2_b_emlrt_marshallIn     10003f40 f   c2_maneuvers2.obj
 0001:00002f90       _c2_d_emlrt_marshallIn     10003f90 f   c2_maneuvers2.obj
 0001:00002fe0       _c2_e_emlrt_marshallIn     10003fe0 f   c2_maneuvers2.obj
 0001:00003090       _mdlProcessParameters_c2_maneuvers2 10004090 f   c2_maneuvers2.obj
 0001:00003140       _initialize_params_c2_maneuvers2 10004140 f   c2_maneuvers2.obj
 0001:00003150       _mdlSetWorkWidths_c2_maneuvers2 10004150 f   c2_maneuvers2.obj
 0001:000034d0       _sf_get_instance_specialization 100044d0 f   c2_maneuvers2.obj
 0001:000034e0       _mdlStart_c2_maneuvers2    100044e0 f   c2_maneuvers2.obj
 0001:00003680       _init_dsm_address_info     10004680 f   c2_maneuvers2.obj
 0001:00003690       _chart_debug_initialization 10004690 f   c2_maneuvers2.obj
 0001:00003b10       _init_script_number_translation 10004b10 f   c2_maneuvers2.obj
 0001:00003b20       _c2_sf_marshallOut         10004b20 f   c2_maneuvers2.obj
 0001:00003ba0       _c2_sf_marshallIn          10004ba0 f   c2_maneuvers2.obj
 0001:00003c20       _sf_opaque_initialize_c2_maneuvers2 10004c20 f   c2_maneuvers2.obj
 0001:00003c50       _initialize_c2_maneuvers2  10004c50 f   c2_maneuvers2.obj
 0001:00003c80       _sf_opaque_enable_c2_maneuvers2 10004c80 f   c2_maneuvers2.obj
 0001:00003ca0       _enable_c2_maneuvers2      10004ca0 f   c2_maneuvers2.obj
 0001:00003cc0       _sf_opaque_disable_c2_maneuvers2 10004cc0 f   c2_maneuvers2.obj
 0001:00003ce0       _disable_c2_maneuvers2     10004ce0 f   c2_maneuvers2.obj
 0001:00003d00       _sf_opaque_gateway_c2_maneuvers2 10004d00 f   c2_maneuvers2.obj
 0001:00003d20       _sf_gateway_c2_maneuvers2  10004d20 f   c2_maneuvers2.obj
 0001:000041b0       _sf_opaque_get_sim_state_c2_maneuvers2 100051b0 f   c2_maneuvers2.obj
 0001:000041d0       _sf_opaque_set_sim_state_c2_maneuvers2 100051d0 f   c2_maneuvers2.obj
 0001:000041f0       _sf_opaque_terminate_c2_maneuvers2 100051f0 f   c2_maneuvers2.obj
 0001:00004280       _finalize_c2_maneuvers2    10005280 f   c2_maneuvers2.obj
 0001:00004290       _sf_opaque_init_subchart_simstructs 10005290 f   c2_maneuvers2.obj
 0001:000042b0       _initSimStructsc2_maneuvers2 100052b0 f   c2_maneuvers2.obj
 0001:000042c0       _mdlRTW_c2_maneuvers2      100052c0 f   c2_maneuvers2.obj
 0001:00004a00       _getChartInfoFromSimStruct 10005a00 f   maneuvers2_sfun_registry.obj
 0001:00005b00       __ssFatalError             10006b00 f   maneuvers2_sfun_registry.obj
 0001:00007e60       _ProcessMexSfunctionCmdLineCall 10008e60 f   maneuvers2_sfun_registry.obj
 0001:00007f80       _sf_debug_api_wrapper      10008f80 f   maneuvers2_sfun_registry.obj
 0001:00007fb0       _mdlStart                  10008fb0 f   maneuvers2_sfun_registry.obj
 0001:00007fd0       _mdl_start_processing      10008fd0 f   maneuvers2_sfun_registry.obj
 0001:00008040       _mdlTerminate              10009040 f   maneuvers2_sfun_registry.obj
 0001:00008060       _mdl_terminate_processing  10009060 f   maneuvers2_sfun_registry.obj
 0001:000080d0       _mdlInitializeSampleTimes  100090d0 f   maneuvers2_sfun_registry.obj
 0001:000080f0       _mdlZeroCrossings          100090f0 f   maneuvers2_sfun_registry.obj
 0001:00008110       _mdl_zeroCrossings_processing 10009110 f   maneuvers2_sfun_registry.obj
 0001:00008140       _mdlDerivatives            10009140 f   maneuvers2_sfun_registry.obj
 0001:00008160       _mdl_derivatives_processing 10009160 f   maneuvers2_sfun_registry.obj
 0001:000081a0       _mdlInitializeConditions   100091a0 f   maneuvers2_sfun_registry.obj
 0001:000081c0       _mdl_initialize_conditions_processing 100091c0 f   maneuvers2_sfun_registry.obj
 0001:00008200       _mdlEnable                 10009200 f   maneuvers2_sfun_registry.obj
 0001:00008220       _mdl_enable_processing     10009220 f   maneuvers2_sfun_registry.obj
 0001:00008250       _mdlDisable                10009250 f   maneuvers2_sfun_registry.obj
 0001:00008270       _mdl_disable_processing    10009270 f   maneuvers2_sfun_registry.obj
 0001:000082a0       _mdlOutputs                100092a0 f   maneuvers2_sfun_registry.obj
 0001:000082c0       _mdl_outputs_processing    100092c0 f   maneuvers2_sfun_registry.obj
 0001:00008390       _mdl_outputs_continuous_legacy 10009390 f   maneuvers2_sfun_registry.obj
 0001:00008460       _mdlGetTimeOfNextVarHit    10009460 f   maneuvers2_sfun_registry.obj
 0001:000084a0       __ProcessMexSfunctionCmdLineCall 100094a0 f   maneuvers2_sfun_registry.obj
 0001:00008ac0       _mdlSetWorkWidths          10009ac0 f   maneuvers2_sfun_registry.obj
 0001:00008ae0       _mdlProcessParameters      10009ae0 f   maneuvers2_sfun_registry.obj
 0001:00008b00       _mdlInitializeSizes        10009b00 f   maneuvers2_sfun_registry.obj
 0001:00008b20       _mdlExtModeExec            10009b20 f   maneuvers2_sfun_registry.obj
 0001:00008b40       _mdl_ext_mode_exec_processing 10009b40 f   maneuvers2_sfun_registry.obj
 0001:00008b80       _mdlRTW                    10009b80 f   maneuvers2_sfun_registry.obj
 0001:00008bb0       __CreateSimStruct          10009bb0 f   maneuvers2_sfun_registry.obj
 0001:00008ce0       __RegNumInputPortsCB       10009ce0 f   maneuvers2_sfun_registry.obj
 0001:00008d40       __RegNumOutputPortsCB      10009d40 f   maneuvers2_sfun_registry.obj
 0001:000091c9       _pre_c_init                1000a1c9 f   MSVCRT:crtdll.obj
 0001:00009421       ___DllMainCRTStartup       1000a421 f   MSVCRT:crtdll.obj
